***** External Functions *****
1    AddAppName                                         setup.obs
2    AdminAskPath                                       iswi.obl(AdminAskPath.obs)
3    AllFeaturesDeselected                              iswi.obl(CompHelperFuncs.obs)
4    CHECK_RETURN                                       iswi.obl(ErrHandler.obs)
5    ChangeDirectory                                    isrt.obl(Files.obs)
6    CheckVirtDirExists                                 setup.obs
7    CheckWebSite                                       setup.obs
8    CloseFile                                          isrt.obl(Files.obs)
9    CmdGetHwndDlg                                      isrt.obl(CustomDialog.obs)
10   CoCreateObject                                     isrt.obl(Misc.obs)
11   CoGetObject                                        isrt.obl(Misc.obs)
12   ComponentCompareSizeRequired                       isrt.obl(component.obs)
13   ComponentErrorInfo                                 isrt.obl(component.obs)
14   ComponentGetData                                   isrt.obl(component.obs)
15   ComponentGetTotalCost                              isrt.obl(component.obs)
16   ComponentIsItemSelected                            isrt.obl(component.obs)
17   ComponentListItems                                 isrt.obl(component.obs)
18   ComponentReinstall                                 isrt.obl(component.obs)
19   ComponentRemoveAll                                 isrt.obl(component.obs)
20   ComponentSaveTarget                                isrt.obl(component.obs)
21   ComponentSelectItem                                isrt.obl(component.obs)
22   ComponentTransferData                              isrt.obl(component.obs)
23   ComponentTreeInit                                  isrt.obl(Dialogs.obs)
24   ConfigFileLoad                                     isrt.obl(Config.obs)
25   ConfigFileSave                                     isrt.obl(Config.obs)
26   CreateDir                                          isrt.obl(Files.obs)
27   CreateFile                                         isrt.obl(Files.obs)
28   CreateInstallationInfo                             isrt.obl(Registry.obs)
29   CtrlGetNotificationCode                            isrt.obl(CustomDialog.obs)
30   CtrlGetState                                       isrt.obl(CustomDialog.obs)
31   CtrlGetSubCommand                                  isrt.obl(CustomDialog.obs)
32   CtrlGetText                                        isrt.obl(CustomDialog.obs)
33   CtrlSelectText                                     isrt.obl(CustomDialog.obs)
34   CtrlSetList                                        isrt.obl(CustomDialog.obs)
35   CtrlSetMLEText                                     isrt.obl(CustomDialog.obs)
36   CtrlSetState                                       isrt.obl(CustomDialog.obs)
37   CtrlSetText                                        isrt.obl(CustomDialog.obs)
38   DefineDialog                                       isrt.obl(CustomDialog.obs)
39   DeleteDir                                          isrt.obl(Files.obs)
40   DeleteFile                                         isrt.obl(Files.obs)
41   DeleteFolder                                       setup.obs
42   DeleteSingleFile                                   isrt.obl(Files.obs)
43   DialogSetDefaultFont                               isrt.obl(Dialogs.obs)
44   DialogSetFont                                      isrt.obl(Dialogs.obs)
45   DialogSetInfo                                      isrt.obl(Dialogs.obs)
46   Disable                                            isrt.obl(Enable.obs)
47   DllSizeOf                                          isrt.obl(Str.obs)
48   Do                                                 isrt.obl(Misc.obs)
49   EditUDL                                            setup.obs
50   Enable                                             isrt.obl(Enable.obs)
51   EndCurrentDialog                                   isrt.obl(Dialogs.obs)
52   EndDialog                                          isrt.obl(CustomDialog.obs)
53   ExistsDir                                          isrt.obl(Files.obs)
54   EzDefineDialog                                     isrt.obl(CustomDialog.obs)
55   FeatureCompareSizeRequired                         iswi.obl(FeatureConv.obs)
56   FeatureErrorInfo                                   iswi.obl(ComponentConv.obs)
57   FeatureFilterLanguage                              iswi.obl(ComponentConv.obs)
58   FeatureFilterOS                                    iswi.obl(ComponentConv.obs)
59   FeatureGetData                                     iswi.obl(ComponentConv.obs)
60   FeatureGetTotalCost                                iswi.obl(FeatureConv.obs)
61   FeatureIsItemSelected                              iswi.obl(ComponentConv.obs)
62   FeatureListItems                                   iswi.obl(ComponentConv.obs)
63   FeatureReinstall                                   iswi.obl(ComponentConv.obs)
64   FeatureRemoveAll                                   iswi.obl(ComponentConv.obs)
65   FeatureSaveTarget                                  iswi.obl(FeatureConv.obs)
66   FeatureSelectItem                                  iswi.obl(ComponentConv.obs)
67   FeatureSetupTypeSet                                iswi.obl(ComponentConv.obs)
68   FeatureStandardSetupTypeSet                        iswi.obl(FeatureConv.obs)
69   FeatureTransferData                                iswi.obl(ComponentConv.obs)
70   FeaturesInstalled                                  iswi.obl(FileTransferFuncsConv.obs)
71   FeaturesInstalling                                 iswi.obl(FileTransferFuncsConv.obs)
72   FileDeleteLine                                     isrt.obl(Files.obs)
73   FileGrep                                           isrt.obl(Files.obs)
74   FindAllDirs                                        isrt.obl(Files.obs)
75   FindFile                                           isrt.obl(Files.obs)
76   FindWindow                                         isrt.obl(Misc.obs)
77   FixUpCmdLine                                       iswi.obl(HelperFuncs.obs)
78   FixUpCmdLinePostReboot                             iswi.obl(HelperFuncs.obs)
79   FormatMessage                                      isrt.obl(Misc.obs)
80   GDI32.CreateRectRgn                                setup.obs
81   GDI32.GetDeviceCaps                                setup.obs
82   GeneratedMSIScript                                 iswi.obl(FileTransferFuncsConv.obs)
83   GeneratingMSIScript                                iswi.obl(FileTransferFuncsConv.obs)
84   GetBasicMSI                                        isrt.obl(SysVars.obs)
85   GetBillboard                                       isrt.obl(SysVars.obs)
86   GetCommonFiles                                     isrt.obl(SysVars.obs)
87   GetComponentsFeatures                              iswi.obl(CompHelperFuncs.obs)
88   GetCurrentDialogName                               isrt.obl(Dialogs.obs)
89   GetCurrentDir                                      isrt.obl(Files.obs)
90   GetDialogTitle                                     isrt.obl(Dialogs.obs)
91   GetDir                                             isrt.obl(Str.obs)
92   GetDisk                                            isrt.obl(Str.obs)
93   GetDisk1SetupExeName                               isrt.obl(SysVars.obs)
94   GetDiskSpace                                       isrt.obl(GSI.obs)
95   GetDiskSpaceEx                                     isrt.obl(GSI.obs)
96   GetEnabledIServices                                isrt.obl(SysVars.obs)
97   GetExtents                                         isrt.obl(GSI.obs)
98   GetFolderApplications                              isrt.obl(SysVars.obs)
99   GetFolderApplications64                            isrt.obl(SysVars.obs)
100  GetFolderDotNet10                                  isrt.obl(SysVars.obs)
101  GetFolderDotNet11                                  isrt.obl(SysVars.obs)
102  GetFolderDotNet20                                  isrt.obl(SysVars.obs)
103  GetISRes                                           isrt.obl(SysVars.obs)
104  GetKeyPathWinCurrVerAuto                           isrt.obl(SysVars.obs)
105  GetLog                                             isrt.obl(SysVars.obs)
106  GetMSIFeatureName                                  iswi.obl(CompHelperFuncs.obs)
107  GetMaintenance                                     iswi.obl(ISWiInit.obs)
108  GetMsiFeaturePath                                  iswi.obl(CompHelperFuncs.obs)
109  GetMsiNameFromAliasTable                           iswi.obl(CompHelperFuncs.obs)
110  GetOpenFileMode                                    isrt.obl(Files.obs)
111  GetPackageLocation                                 isrt.obl(SysVars.obs)
112  GetProductGUID                                     iswi.obl(ISWiInit.obs)
113  GetProfSectionKeyCount                             isrt.obl(Profile.obs)
114  GetProfString                                      isrt.obl(Profile.obs)
115  GetProfStringList                                  isrt.obl(Profile.obs)
116  GetRemoveAllMode                                   isrt.obl(SysVars.obs)
117  GetRemoveOnly                                      isrt.obl(SysVars.obs)
118  GetSelectedLanguage                                isrt.obl(SysVars.obs)
119  GetSelectedTreeComponent                           isrt.obl(CmptView.obs)
120  GetSupportDir                                      isrt.obl(SysVars.obs)
121  GetSystemInfo                                      isrt.obl(GSI.obs)
122  GetTempFolder                                      isrt.obl(SysVars.obs)
123  GetUpdateStatus                                    iswi.obl(HelperFuncs.obs)
124  GetUpdateStatusReboot                              iswi.obl(HelperFuncs.obs)
125  GetUserSelectableAuto                              isrt.obl(SysVars.obs)
126  GetValidDrivesList                                 isrt.obl(GSI.obs)
127  GetWinDir                                          isrt.obl(SysVars.obs)
128  GetWinDisk                                         isrt.obl(SysVars.obs)
129  GetWinSysDir                                       isrt.obl(SysVars.obs)
130  GetWindowHandle                                    iswi.obl(MiscConv.obs)
131  HIWORD                                             isrt.obl(Misc.obs)
132  ISDeterminePlatform                                isrt.obl(OsInfo.obs)
133  ISMIF32.InstallStatusMIF                           isrt.obl(MIF.obs)
134  ISRT.ComponentViewSetInfoEx                        isrt.obl(Dialogs.obs)
135  ISRT.EnableHourGlass                               isrt.obl(Enable.obs)
136  ISRT.GetCPUType                                    isrt.obl(GSI.obs)
137  ISRT.GetFontSub                                    isrt.obl(Dialogs.obs)
138  ISRT.GetHandle                                     setup.obs
139  ISRT.GetPorts                                      isrt.obl(GSI.obs)
140  ISRT.IsEmpty                                       setup.obs
141  ISRT.IsNTAdmin                                     isrt.obl(Is.obs)
142  ISRT.IsObject                                      setup.obs
143  ISRT.IsPowerUser                                   isrt.obl(Is.obs)
144  ISRT.LangLoadString                                isrt.obl(SDINT.obs)
145  ISRT.MessageBeepP                                  setup.obs
146  ISRT.PathCompactPathPixel                          isrt.obl(CustomDialog.obs)
147  ISRT.PathGetDir                                    isrt.obl(Str.obs)
148  ISRT.PathGetDrive                                  isrt.obl(Str.obs)
149  ISRT.PathGetFile                                   isrt.obl(Files.obs)
150  ISRT.PathGetFileExt                                isrt.obl(Str.obs)
151  ISRT.PathGetFileName                               isrt.obl(Str.obs)
152  ISRT.PathGetLongFromShort                          isrt.obl(Str.obs)
153  ISRT.PathGetPath                                   isrt.obl(Str.obs)
154  ISRT.PathIsValidSyntax                             isrt.obl(Is.obs)
155  ISRT.VerGetFileVersion                             setup.obs
156  ISRT._BrowseForFolder                              isrt.obl(SelectDir.obs)
157  ISRT._CloseFile                                    isrt.obl(Files.obs)
158  ISRT._CmdGetHwndDlg                                isrt.obl(CustomDialog.obs)
159  ISRT._CoGetObject                                  isrt.obl(Misc.obs)
160  ISRT._CompareDWORD                                 isrt.obl(Extend.obs)
161  ISRT._ComponentCompareSizeRequired                 iswi.obl(FeatureConv.obs)
162  ISRT._ComponentGetTotalCost                        iswi.obl(FeatureConv.obs)
163  ISRT._ComponentGetTotalCostEx                      isrt.obl(SdComponentTreeDlg.obs)
164  ISRT._ComponentSaveTarget                          iswi.obl(FeatureConv.obs)
165  ISRT._CreateDir                                    isrt.obl(Files.obs)
166  ISRT._CreateObject                                 isrt.obl(Misc.obs)
167  ISRT._CtrlGetNotificationCode                      isrt.obl(CustomDialog.obs)
168  ISRT._CtrlGetSubCommand                            isrt.obl(CustomDialog.obs)
169  ISRT._CtrlSetMLERichText                           isrt.obl(CustomDialog.obs)
170  ISRT._DefineDialog                                 isrt.obl(CustomDialog.obs)
171  ISRT._DialogSetFont                                isrt.obl(Dialogs.obs)
172  ISRT._DisableStatus                                isrt.obl(Enable.obs)
173  ISRT._DoSprintf                                    iswi.obl(HelperFuncs.obs)
174  ISRT._EnableDialogCache                            isrt.obl(Enable.obs)
175  ISRT._EnablePrevDialog                             iswi.obl(AdminAskPath.obs)
176  ISRT._EnableSkins                                  isrt.obl(Enable.obs)
177  ISRT._EnableStatus                                 isrt.obl(Enable.obs)
178  ISRT._EnableWow64FsRedirection                     isrt.obl(Enable.obs)
179  ISRT._EndDialog                                    isrt.obl(CustomDialog.obs)
180  ISRT._ExistsDir                                    isrt.obl(Files.obs)
181  ISRT._ExistsFile                                   isrt.obl(Files.obs)
182  ISRT._GetCurrentDialogName                         isrt.obl(Dialogs.obs)
183  ISRT._GetDiskSpaceEx                               isrt.obl(GSI.obs)
184  ISRT._GetDiskSpaceExEx                             isrt.obl(SdComponentTreeDlg.obs)
185  ISRT._GetGlobalMemorySize                          isrt.obl(GSI.obs)
186  ISRT._GetProcessorInfo                             isrt.obl(OsInfo.obs)
187  ISRT._GetRunningChildProcess                       isrt.obl(Extend.obs)
188  ISRT._GetSelectedTreeComponent                     isrt.obl(CmptView.obs)
189  ISRT._GetSupportDir                                isrt.obl(SysVars.obs)
190  ISRT._IsFontTypefaceNameAvailable                  isrt.obl(Is.obs)
191  ISRT._IsInAdminGroup                               isrt.obl(Is.obs)
192  ISRT._IsSkinLoaded                                 isrt.obl(Is.obs)
193  ISRT._IsWindowsME                                  isrt.obl(GSI.obs)
194  ISRT._IsWow64                                      isrt.obl(OsInfo.obs)
195  ISRT._ListAddItem                                  isrt.obl(scrlist.obs)
196  ISRT._ListAddString                                isrt.obl(scrlist.obs)
197  ISRT._ListCount                                    isrt.obl(scrlist.obs)
198  ISRT._ListCreate                                   isrt.obl(scrlist.obs)
199  ISRT._ListCurrentString                            isrt.obl(scrlist.obs)
200  ISRT._ListDeleteItem                               isrt.obl(scrlist.obs)
201  ISRT._ListDeleteString                             isrt.obl(scrlist.obs)
202  ISRT._ListDestroy                                  isrt.obl(scrlist.obs)
203  ISRT._ListFindString                               isrt.obl(scrlist.obs)
204  ISRT._ListGetFirstItem                             isrt.obl(scrlist.obs)
205  ISRT._ListGetFirstString                           isrt.obl(scrlist.obs)
206  ISRT._ListGetNextItem                              isrt.obl(scrlist.obs)
207  ISRT._ListGetNextString                            isrt.obl(scrlist.obs)
208  ISRT._ListGetType                                  isrt.obl(scrlist.obs)
209  ISRT._ListReadFromFile                             isrt.obl(scrlist.obs)
210  ISRT._ListSetIndex                                 isrt.obl(scrlist.obs)
211  ISRT._ListWriteToFile                              isrt.obl(scrlist.obs)
212  ISRT._MediaGetInfo                                 iswi.obl(FeatureConv.obs)
213  ISRT._OpenFile                                     isrt.obl(Files.obs)
214  ISRT._Preprogram                                   setup.obs
215  ISRT._RegCreateKey                                 isrt.obl(Registry.obs)
216  ISRT._RegEnableTextSubs                            isrt.obl(Enable.obs)
217  ISRT._RegEnum                                      isrt.obl(Registry.obs)
218  ISRT._RegGetOptions                                isrt.obl(SysVars.obs)
219  ISRT._RegIsRemoteRegConnected                      isrt.obl(Is.obs)
220  ISRT._RegQueryKeyBinaryValue                       isrt.obl(Registry.obs)
221  ISRT._RegQueryKeyValue                             isrt.obl(Registry.obs)
222  ISRT._RegSetKeyBinaryValue                         isrt.obl(Registry.obs)
223  ISRT._RegSetKeyValue                               isrt.obl(Registry.obs)
224  ISRT._RegSetOptions                                isrt.obl(SysVars.obs)
225  ISRT._ReleaseDialog                                isrt.obl(CustomDialog.obs)
226  ISRT._SdShowMsg                                    isrt.obl(SDSMSG.obs)
227  ISRT._SetAltMainImage                              isrt.obl(Dialogs.obs)
228  ISRT._SetDisplayEffect                             isrt.obl(ui.obs)
229  ISRT._SetSilentSdShowMsg                           isrt.obl(Enable.obs)
230  ISRT._SetTitle                                     isrt.obl(ui.obs)
231  ISRT._SetupTraceWrite                              isrt.obl(Misc.obs)
232  ISRT._TreeViewCreate                               isrt.obl(CmptView.obs)
233  ISRT._WaitOnDialog                                 isrt.obl(CustomDialog.obs)
234  ISRT._WriteLine                                    isrt.obl(Files.obs)
235  ISRT.__CreateObjectContext                         isrt.obl(ISRTInit.obs)
236  ISRT.__GetCmdLineOptions                           isrt.obl(ISRTInit.obs)
237  ISRT.__GetContextGUID                              isrt.obl(ISRTInit.obs)
238  ISRT.__GetEnabledIServices                         isrt.obl(SysVars.obs)
239  ISRT.__GetFileRegistrar                            isrt.obl(ISRTInit.obs)
240  ISRT.__GetISMSIStringTableObj                      iswi.obl(ISWiInit.obs)
241  ISRT.__GetInfo                                     isrt.obl(ISRTInit.obs)
242  ISRT.__GetInstallGuid                              isrt.obl(SysVars.obs)
243  ISRT.__GetLog                                      isrt.obl(SysVars.obs)
244  ISRT.__GetLogDB                                    isrt.obl(ISRTInit.obs)
245  ISRT.__GetMainWindow                               setup.obs
246  ISRT.__GetMaintOption                              isrt.obl(SysVars.obs)
247  ISRT.__GetMaintenanceMode                          isrt.obl(SysVars.obs)
248  ISRT.__GetObjects                                  isrt.obl(ISRTInit.obs)
249  ISRT.__GetProductGuid                              isrt.obl(SysVars.obs)
250  ISRT.__GetProgress                                 setup.obs
251  ISRT.__GetReboot                                   isrt.obl(ISRTInit.obs)
252  ISRT.__GetRemoveAllMode                            isrt.obl(SysVars.obs)
253  ISRT.__GetTextSub                                  isrt.obl(ISRTInit.obs)
254  ISRT.__GetUpdateMode                               isrt.obl(SysVars.obs)
255  ISRT.__PutEnabledIServices                         isrt.obl(Enable.obs)
256  ISRT.__ReleaseObjectContext                        isrt.obl(ISRTInit.obs)
257  ISRT.__RestoreMainLog                              isrt.obl(ISRTInit.obs)
258  ISRT.__RestoreMainLogEx                            isrt.obl(ISRTInit.obs)
259  ISRT.__SetComponentLog                             isrt.obl(ISRTInit.obs)
260  ISRT.__SetUpdateMode                               isrt.obl(SysVars.obs)
261  ISRTHandleScriptException                          isrt.obl(Misc.obs)
262  ISRTPreprogram                                     isrt.obl(Driver.obs)
263  ISWIOnAppSearch                                    iswi.obl(DriverConv.obs)
264  ISWIOnCCPSearch                                    iswi.obl(DriverConv.obs)
265  ISWIOnExitInstall                                  iswi.obl(DriverConv.obs)
266  ISWIOnFirstUIAfter                                 iswi.obl(DriverConv.obs)
267  ISWIOnFirstUIBefore                                iswi.obl(DriverConv.obs)
268  ISWIOnInitInstall                                  iswi.obl(DriverConv.obs)
269  ISWIOnMaintUIAfter                                 iswi.obl(DriverConv.obs)
270  ISWIOnMaintUIBefore                                iswi.obl(DriverConv.obs)
271  ISWIOnMoveData                                     iswi.obl(DriverConv.obs)
272  ISWIOnResumeUIAfter                                iswi.obl(DriverConv.obs)
273  ISWIOnResumeUIBefore                               iswi.obl(DriverConv.obs)
274  ISWIPCRestoreAfter                                 iswi.obl(DriverConv.obs)
275  ISWIPCRestoreBefore                                iswi.obl(DriverConv.obs)
276  ISWIPostprogram                                    iswi.obl(DriverConv.obs)
277  ISWIPreprogram                                     iswi.obl(DriverConv.obs)
278  InstallFilesActionAfter                            iswi.obl(FileTransferFuncsConv.obs)
279  InstallFilesActionBefore                           iswi.obl(FileTransferFuncsConv.obs)
280  Is                                                 isrt.obl(Is.obs)
281  IsTestSetup                                        iswi.obl(HelperFuncs.obs)
282  KERNEL.GetModuleHandle                             setup.obs
283  KERNEL32.CloseHandle                               setup.obs
284  KERNEL32.CopyFileA                                 setup.obs
285  KERNEL32.CreateFileA                               setup.obs
286  KERNEL32.CreateProcess                             setup.obs
287  KERNEL32.DeleteFileA                               setup.obs
288  KERNEL32.FindClose                                 setup.obs
289  KERNEL32.FindFirstFileA                            setup.obs
290  KERNEL32.FindNextFileA                             setup.obs
291  KERNEL32.FormatMessageA                            setup.obs
292  KERNEL32.FreeLibrary                               setup.obs
293  KERNEL32.GetCurrentDirectoryA                      setup.obs
294  KERNEL32.GetDriveType                              setup.obs
295  KERNEL32.GetExitCodeProcess                        setup.obs
296  KERNEL32.GetFileAttributesA                        setup.obs
297  KERNEL32.GetLocalTime                              setup.obs
298  KERNEL32.GetLocaleInfo                             setup.obs
299  KERNEL32.GetPrivateProfileSectionA                 setup.obs
300  KERNEL32.GetPrivateProfileString                   setup.obs
301  KERNEL32.GetPrivateProfileStringA                  setup.obs
302  KERNEL32.GetProcAddress                            setup.obs
303  KERNEL32.GetProcessId                              setup.obs
304  KERNEL32.GetProfileSectionA                        setup.obs
305  KERNEL32.GetProfileStringA                         setup.obs
306  KERNEL32.GetShortPathNameA                         setup.obs
307  KERNEL32.GetSystemDefaultLCID                      setup.obs
308  KERNEL32.GetSystemDefaultLangID                    setup.obs
309  KERNEL32.GetSystemDefaultUILanguage                setup.obs
310  KERNEL32.GetTickCount                              setup.obs
311  KERNEL32.GetUserDefaultLangID                      setup.obs
312  KERNEL32.GetVersion                                setup.obs
313  KERNEL32.GetVersionEx                              setup.obs
314  KERNEL32.GetVolumeInformation                      setup.obs
315  KERNEL32.GetWindowsDirectory                       setup.obs
316  KERNEL32.LoadLibraryA                              setup.obs
317  KERNEL32.MoveFileA                                 setup.obs
318  KERNEL32.RemoveDirectoryA                          setup.obs
319  KERNEL32.SetCurrentDirectoryA                      setup.obs
320  KERNEL32.SetFileAttributesA                        setup.obs
321  KERNEL32.WritePrivateProfileSectionA               setup.obs
322  KERNEL32.WritePrivateProfileString                 setup.obs
323  KERNEL32.WritePrivateProfileStringA                setup.obs
324  KERNEL32.WriteProfileSectionA                      setup.obs
325  KERNEL32.WriteProfileStringA                       setup.obs
326  KERNEL32.lstrlen                                   setup.obs
327  Kernel32.GetModuleHandleA                          iswi.obl(ComponentConv.obs)
328  LOWORD                                             isrt.obl(Misc.obs)
329  LaunchAgent                                        iswi.obl(HelperFuncs.obs)
330  LaunchApp                                          isrt.obl(Extend.obs)
331  LaunchAppAndWait                                   isrt.obl(Extend.obs)
332  LaunchAppAndWaitInitStartupInfo                    isrt.obl(Extend.obs)
333  LaunchApplication                                  isrt.obl(Extend.obs)
334  LaunchApplicationInit                              isrt.obl(Extend.obs)
335  ListAddItem                                        isrt.obl(scrlist.obs)
336  ListAddString                                      isrt.obl(scrlist.obs)
337  ListCount                                          isrt.obl(scrlist.obs)
338  ListCreate                                         isrt.obl(scrlist.obs)
339  ListCurrentString                                  isrt.obl(scrlist.obs)
340  ListDeleteItem                                     isrt.obl(scrlist.obs)
341  ListDeleteString                                   isrt.obl(scrlist.obs)
342  ListDestroy                                        isrt.obl(scrlist.obs)
343  ListFindString                                     isrt.obl(scrlist.obs)
344  ListGetFirstItem                                   isrt.obl(scrlist.obs)
345  ListGetFirstString                                 isrt.obl(scrlist.obs)
346  ListGetLastString                                  iswi.obl(CompHelperFuncs.obs)
347  ListGetNextItem                                    isrt.obl(scrlist.obs)
348  ListGetNextString                                  isrt.obl(scrlist.obs)
349  ListGetType                                        isrt.obl(scrlist.obs)
350  ListReadFromFile                                   isrt.obl(scrlist.obs)
351  ListSetIndex                                       isrt.obl(scrlist.obs)
352  ListValid                                          isrt.obl(scrlist.obs)
353  ListValidType                                      isrt.obl(scrlist.obs)
354  ListWriteToFile                                    isrt.obl(scrlist.obs)
355  ListWriteToFileEx                                  isrt.obl(scrlist.obs)
356  LoadStringFromStringTable                          iswi.obl(ISWiInit.obs)
357  LongPathFromShortPath                              isrt.obl(Str.obs)
358  LongPathToQuote                                    isrt.obl(Str.obs)
359  LongPathToShortPath                                isrt.obl(Str.obs)
360  MAKELONG                                           isrt.obl(Misc.obs)
361  MIFCreateMIFFile                                   isrt.obl(MIF.obs)
362  MIFDeleteMIFFile                                   isrt.obl(MIF.obs)
363  MIFInitialize                                      isrt.obl(MIF.obs)
364  MIFSetInformation                                  isrt.obl(MIF.obs)
365  MIFUnInitialize                                    isrt.obl(MIF.obs)
366  MIFWasSetInformationCalled                         isrt.obl(MIF.obs)
367  MediaGetDataEx                                     iswi.obl(FeatureConv.obs)
368  MessageBeep                                        isrt.obl(Misc.obs)
369  MessageBox                                         isrt.obl(MsgBox.obs)
370  MessageBoxEx                                       isrt.obl(MsgBox.obs)
371  Moved                                              iswi.obl(FileTransferFuncsConv.obs)
372  Moving                                             iswi.obl(FileTransferFuncsConv.obs)
373  MsiCloseHandle                                     iswi.obl(MsiFuncsConv.obs)
374  MsiCreateRecord                                    iswi.obl(MsiFuncsConv.obs)
375  MsiDatabaseOpenView                                iswi.obl(MsiFuncsConv.obs)
376  MsiDoAction                                        iswi.obl(MsiFuncsConv.obs)
377  MsiGetActiveDatabase                               iswi.obl(MsiFuncsConv.obs)
378  MsiGetProperty                                     iswi.obl(MsiFuncsConv.obs)
379  MsiGetPropertyIS                                   iswi.obl(MsiFuncsConv.obs)
380  MsiGetSourcePath                                   iswi.obl(MsiFuncsConv.obs)
381  MsiGetTargetPath                                   iswi.obl(MsiFuncsConv.obs)
382  MsiInstallProduct                                  iswi.obl(MsiFuncsConv.obs)
383  MsiProcessMessage                                  iswi.obl(MsiFuncsConv.obs)
384  MsiQueryFeatureState                               iswi.obl(MsiFuncsConv.obs)
385  MsiRecordGetInteger                                iswi.obl(MsiFuncsConv.obs)
386  MsiRecordGetString                                 iswi.obl(MsiFuncsConv.obs)
387  MsiRecordSetString                                 iswi.obl(MsiFuncsConv.obs)
388  MsiSetProperty                                     iswi.obl(MsiFuncsConv.obs)
389  MsiSetTargetPath                                   iswi.obl(MsiFuncsConv.obs)
390  MsiViewExecute                                     iswi.obl(MsiFuncsConv.obs)
391  MsiViewFetch                                       iswi.obl(MsiFuncsConv.obs)
392  MyFunction                                         setup.obs
393  OnAbort                                            iswi.obl(DriverConv.obs)
394  OnAction                                           iswi.obl(ISWiInit.obs)
395  OnAdminInstallUIAfter                              iswi.obl(DriverConv.obs)
396  OnAdminInstallUIBefore                             iswi.obl(DriverConv.obs)
397  OnAdminPatchUIAfter                                iswi.obl(DriverConv.obs)
398  OnAdminPatchUIBefore                               iswi.obl(DriverConv.obs)
399  OnAdvertisementAfter                               iswi.obl(DriverConv.obs)
400  OnAdvertisementBefore                              iswi.obl(DriverConv.obs)
401  OnAppSearch                                        iswi.obl(DriverConv.obs)
402  OnBegin                                            iswi.obl(DriverConv.obs)
403  OnCCPSearch                                        iswi.obl(DriverConv.obs)
404  OnCanceling                                        iswi.obl(DriverConv.obs)
405  OnComponentError                                   iswi.obl(Exceptions.obs)
406  OnDIFxLogCallback                                  isrt.obl(ISDIFx.obs)
407  OnDIFxLogCallbackImpl                              isrt.obl(ISDIFx.obs)
408  OnEnd                                              iswi.obl(DriverConv.obs)
409  OnError                                            iswi.obl(DriverConv.obs)
410  OnException                                        iswi.obl(Exceptions.obs)
411  OnFeaturesInstalled                                iswi.obl(FileTransferFuncsConv.obs)
412  OnFeaturesInstalling                               iswi.obl(FileTransferFuncsConv.obs)
413  OnFileError                                        iswi.obl(Exceptions.obs)
414  OnFileLocked                                       iswi.obl(Exceptions.obs)
415  OnFileReadOnly                                     iswi.obl(Exceptions.obs)
416  OnFilesInUse                                       iswi.obl(DriverConv.obs)
417  OnFirstUIAfter                                     iswi.obl(DriverConv.obs)
418  OnFirstUIBefore                                    iswi.obl(DriverConv.obs)
419  OnGeneratedMSIScript                               iswi.obl(FileTransferFuncsConv.obs)
420  OnGeneratingMSIScript                              iswi.obl(FileTransferFuncsConv.obs)
421  OnHelp                                             iswi.obl(DriverConv.obs)
422  OnInstallFilesActionAfter                          iswi.obl(FileTransferFuncsConv.obs)
423  OnInstallFilesActionBefore                         iswi.obl(FileTransferFuncsConv.obs)
424  OnInternetError                                    iswi.obl(Exceptions.obs)
425  OnLaunchAppAndWaitCallback                         iswi.obl(DriverConv.obs)
426  OnLogonUserSetMsiProperties                        iswi.obl(DriverConv.obs)
427  OnMD5Error                                         iswi.obl(Exceptions.obs)
428  OnMaintUIAfter                                     iswi.obl(DriverConv.obs)
429  OnMaintUIBefore                                    iswi.obl(DriverConv.obs)
430  OnMaintenance                                      iswi.obl(DriverConv.obs)
431  OnMoved                                            iswi.obl(FileTransferFuncsConv.obs)
432  OnMoving                                           iswi.obl(FileTransferFuncsConv.obs)
433  OnMsiSilentInstall                                 iswi.obl(DriverConv.obs)
434  OnNetApiCreateUserAccountInternal                  isrt.obl(NetApiRT.obs)
435  OnNextDisk                                         iswi.obl(Exceptions.obs)
436  OnOutOfDiskSpace                                   iswi.obl(DriverConv.obs)
437  OnPatchUIAfter                                     iswi.obl(DriverConv.obs)
438  OnPatchUIBefore                                    iswi.obl(DriverConv.obs)
439  OnRMFilesInUse                                     iswi.obl(DriverConv.obs)
440  OnRebooted                                         iswi.obl(DriverConv.obs)
441  OnRemovingSharedFile                               iswi.obl(Exceptions.obs)
442  OnResolveSource                                    iswi.obl(DriverConv.obs)
443  OnResume                                           iswi.obl(DriverConv.obs)
444  OnResumeUIAfter                                    iswi.obl(DriverConv.obs)
445  OnResumeUIBefore                                   iswi.obl(DriverConv.obs)
446  OnSQLLogin                                         iswi.obl(DriverConv.obs)
447  OnSelfRegistrationError                            iswi.obl(Exceptions.obs)
448  OnUnhandledException                               iswi.obl(DriverConv.obs)
449  OnUninstall                                        iswi.obl(DriverConv.obs)
450  OnUpdateService                                    iswi.obl(DriverConv.obs)
451  OnWarning                                          iswi.obl(DriverConv.obs)
452  OpenFile                                           isrt.obl(Files.obs)
453  OpenFileMode                                       isrt.obl(Files.obs)
454  PCRestoreOnBegin                                   isrt.obl(PCRestore.obs)
455  ParsePath                                          isrt.obl(Str.obs)
456  PostShowComponentDlg                               iswi.obl(ISWiInit.obs)
457  Postprogram                                        iswi.obl(DriverConv.obs)
458  PreShowComponentDlg                                iswi.obl(ISWiInit.obs)
459  Preprogram                                         iswi.obl(DriverConv.obs)
460  PthFixPath                                         isrt.obl(Pth.obs)
461  PthIsAbsPath                                       isrt.obl(Pth.obs)
462  PthIsRoot                                          isrt.obl(Pth.obs)
463  ReadRegValues                                      setup.obs
464  RebootNeeded                                       iswi.obl(FileTransferFuncsConv.obs)
465  RedirectMsiCloseHandle                             iswi.obl(RedirectedMsiFuncsConv.obs)
466  RedirectMsiCreateRecord                            iswi.obl(RedirectedMsiFuncsConv.obs)
467  RedirectMsiGetActiveDatabase                       iswi.obl(RedirectedMsiFuncsConv.obs)
468  RedirectMsiProcessMessage                          iswi.obl(RedirectedMsiFuncsConv.obs)
469  RedirectMsiRecordGetInteger                        iswi.obl(RedirectedMsiFuncsConv.obs)
470  RedirectMsiViewExecute                             iswi.obl(RedirectedMsiFuncsConv.obs)
471  RedirectMsiViewFetch                               iswi.obl(RedirectedMsiFuncsConv.obs)
472  RegDBGetDefaultRoot                                isrt.obl(SysVars.obs)
473  RegDBGetItem                                       isrt.obl(Registry.obs)
474  RegDBGetKeyValueEx                                 isrt.obl(Registry.obs)
475  RegDBQueryKey                                      isrt.obl(Registry.obs)
476  RegDBQueryKeyCount                                 isrt.obl(Registry.obs)
477  RegDBQueryStringMultiStringCount                   isrt.obl(Registry.obs)
478  RegDBQueryValue                                    isrt.obl(Registry.obs)
479  RegDBQueryValue32                                  isrt.obl(Registry.obs)
480  RegDBSetDefaultRoot                                isrt.obl(SysVars.obs)
481  RegDBSetKeyValueEx                                 isrt.obl(Registry.obs)
482  RegDBSetValue                                      isrt.obl(Registry.obs)
483  ReleaseDialog                                      isrt.obl(CustomDialog.obs)
484  RemoveAppName                                      setup.obs
485  RemoveSpaces                                       iswi.obl(HelperFuncs.obs)
486  RemoveVirtualDir                                   setup.obs
487  ReplaceProfString                                  isrt.obl(Profile.obs)
488  ResolveShellObjectsFolder                          iswi.obl(CompHelperFuncs.obs)
489  SdAskDestPath                                      isrt.obl(SdAskDestPathDlg.obs)
490  SdCloseDlg                                         isrt.obl(SDINT.obs)
491  SdComponentDlgCheckSpace                           isrt.obl(SDINT.obs)
492  SdCustomerInformation                              iswi.obl(SdCustInfo.obs)
493  SdDlgToTop                                         isrt.obl(SDINT.obs)
494  SdDoStdButton                                      isrt.obl(SDINT.obs)
495  SdEnablement                                       isrt.obl(SDINT.obs)
496  SdError                                            isrt.obl(SDINT.obs)
497  SdFeatureTree                                      isrt.obl(SdComponentTreeDlg.obs)
498  SdFilesInUse                                       isrt.obl(SdFilesInUse.obs)
499  SdFinish                                           isrt.obl(SdFinishDlg.obs)
500  SdFinishEx                                         iswi.obl(SdFinishExConv.obs)
501  SdFinishReboot                                     isrt.obl(SdFinishRebootDlg.obs)
502  SdFinishUpdate                                     iswi.obl(SdFinishUpdate.obs)
503  SdFinishUpdateReboot                               iswi.obl(SdFinUpdateRebot.obs)
504  SdGeneralInit                                      isrt.obl(SDINT.obs)
505  SdInit                                             isrt.obl(SDINT.obs)
506  SdIsStdButton                                      isrt.obl(SDINT.obs)
507  SdLoadString                                       isrt.obl(SDINT.obs)
508  SdMakeName                                         isrt.obl(SDINT.obs)
509  SdOutOfDiskSpace                                   iswi.obl(SdDiskReqs.obs)
510  SdPatchWelcome                                     iswi.obl(SdPatchWel.obs)
511  SdPlugInProductName                                isrt.obl(SDINT.obs)
512  SdRMFilesInUse                                     isrt.obl(SdFilesInUse.obs)
513  SdSetDlgTitle                                      isrt.obl(SDINT.obs)
514  SdSetStatic                                        isrt.obl(SDINT.obs)
515  SdSetupCompleteError                               iswi.obl(SdSetupCompleteError.obs)
516  SdShowMsg                                          isrt.obl(SDSMSG.obs)
517  SdStartCopy                                        isrt.obl(SdStartCopyDlg.obs)
518  SdSubstituteProductInfo                            isrt.obl(SDINT.obs)
519  SdUnInit                                           isrt.obl(SDINT.obs)
520  SdWelcome                                          isrt.obl(SdWelcomeDlg.obs)
521  SdWelcomeMaint                                     isrt.obl(SdWelcomeMaintDlg.obs)
522  SelectDir                                          isrt.obl(SelectDir.obs)
523  SelectDirNoLog                                     isrt.obl(SelectDir.obs)
524  SendMessage                                        isrt.obl(Misc.obs)
525  ServiceInitParams                                  isrt.obl(Service.obs)
526  SetCmdLine                                         isrt.obl(SysVars.obs)
527  SetDIR                                             setup.obs
528  SetDisplayEffect                                   isrt.obl(ui.obs)
529  SetExtendedErrInfo                                 isrt.obl(IsUtil.obs)
530  SetGlobalVars                                      iswi.obl(ISWiInit.obs)
531  SetInstallationInfo                                isrt.obl(Registry.obs)
532  SetMifInformationOnly                              isrt.obl(Registry.obs)
533  SetTitle                                           isrt.obl(ui.obs)
534  SetUpdateStatus                                    iswi.obl(HelperFuncs.obs)
535  SetUpdateStatusReboot                              iswi.obl(HelperFuncs.obs)
536  SetupTraceWrite                                    isrt.obl(Misc.obs)
537  SetupType                                          isrt.obl(SetupTypeDlg.obs)
538  Shell32.ShellExecuteEx                             setup.obs
539  SilentDoGeneralInfo                                isrt.obl(Silent.obs)
540  SilentFailed                                       isrt.obl(Silent.obs)
541  SilentFinish                                       isrt.obl(Silent.obs)
542  SilentInit                                         isrt.obl(Silent.obs)
543  SilentReadData                                     isrt.obl(Silent.obs)
544  SilentSetInfo                                      isrt.obl(Silent.obs)
545  SilentSetMode                                      isrt.obl(Silent.obs)
546  SilentWriteData                                    isrt.obl(Silent.obs)
547  Sprintf                                            isrt.obl(Str.obs)
548  SprintfBox                                         isrt.obl(MsgBox.obs)
549  SprintfMsiLog                                      iswi.obl(HelperFuncs.obs)
550  StrAddLastSlash                                    isrt.obl(Str.obs)
551  StrConcatNullDelimitedStrings                      isrt.obl(Str.obs)
552  StrDelete                                          iswi.obl(HelperFuncs.obs)
553  StrFindEx                                          isrt.obl(Str.obs)
554  StrGetTokens                                       isrt.obl(Str.obs)
555  StrLength                                          isrt.obl(Str.obs)
556  StrPutTokens                                       isrt.obl(Str.obs)
557  StrRemoveLastSlash                                 isrt.obl(Str.obs)
558  StrRemoveSpaces                                    isrt.obl(Str.obs)
559  StrReplace                                         isrt.obl(Str.obs)
560  StrToNumHex                                        isrt.obl(Str.obs)
561  StrToUpper                                         isrt.obl(Str.obs)
562  SysVarsInit                                        isrt.obl(SysVars.obs)
563  SysVarsInitConv                                    iswi.obl(SysVarsConv.obs)
564  SysVarsTrace                                       isrt.obl(SysVars.obs)
565  SysVarsUnInit                                      iswi.obl(SysVarsConv.obs)
566  System                                             isrt.obl(Misc.obs)
567  TextSubGetValue                                    isrt.obl(TextSub.obs)
568  TextSubParseTextSub                                isrt.obl(TextSub.obs)
569  TextSubSetValue                                    isrt.obl(TextSub.obs)
570  TreeViewCreate                                     isrt.obl(CmptView.obs)
571  USER.EnableWindow                                  setup.obs
572  USER.GetClassName                                  setup.obs
573  USER.GetDC                                         setup.obs
574  USER.GetDlgItem                                    setup.obs
575  USER.GetFocus                                      setup.obs
576  USER.GetWindowLong                                 setup.obs
577  USER.IsIconic                                      setup.obs
578  USER.IsWindow                                      setup.obs
579  USER.IsWindowVisible                               setup.obs
580  USER.ReleaseDC                                     setup.obs
581  USER.SendMessageA                                  setup.obs
582  USER.SetFocus                                      setup.obs
583  USER.SetForegroundWindow                           setup.obs
584  USER.SetWindowPos                                  setup.obs
585  USER.SetWindowText                                 setup.obs
586  USER.ShowWindow                                    setup.obs
587  USER32.CharUpperBuffA                              setup.obs
588  USER32.FindWindowA                                 setup.obs
589  USER32.GetDlgItem                                  iswi.obl(SdDiskReqs.obs)
590  USER32.GetSystemMetrics                            setup.obs
591  USER32.GetWindowRect                               iswi.obl(SdDiskReqs.obs)
592  USER32.GetWindowText                               setup.obs
593  USER32.GetWindowTextLength                         setup.obs
594  USER32.MessageBoxA                                 setup.obs
595  USER32.MsgWaitForMultipleObjects                   setup.obs
596  USER32.PeekMessageA                                setup.obs
597  USER32.SendMessageA                                setup.obs
598  USER32.SetWindowLong                               setup.obs
599  USER32.SetWindowRgn                                setup.obs
600  USER32.WaitForInputIdle                            setup.obs
601  UpdateServiceEnableUpdateService                   isrt.obl(ISUpdateService.obs)
602  User32.DestroyWindow                               iswi.obl(SdDiskReqs.obs)
603  User32.LoadStringA                                 iswi.obl(ComponentConv.obs)
604  ValidateUser                                       setup.obs
605  VarInit                                            isrt.obl(SysVars.obs)
606  VarRestore                                         iswi.obl(SysVarsConv.obs)
607  VarRestoreISRT                                     isrt.obl(SysVars.obs)
608  VarSave                                            iswi.obl(SysVarsConv.obs)
609  VarSaveISRT                                        isrt.obl(SysVars.obs)
610  VerProductGetInstalledVersion                      isrt.obl(version.obs)
611  VerProductNumToStr                                 isrt.obl(version.obs)
612  VerProductVerPartsFromVer                          isrt.obl(version.obs)
613  WaitForApplication                                 isrt.obl(Extend.obs)
614  WaitOnDialog                                       isrt.obl(CustomDialog.obs)
615  WriteLine                                          isrt.obl(Files.obs)
616  WriteProfString                                    isrt.obl(Profile.obs)
617  __AddIntegerToArray                                iswi.obl(HelperFuncs.obs)
618  __AddStringToArray                                 iswi.obl(HelperFuncs.obs)
619  __Begin                                            iswi.obl(DriverConv.obs)
620  __ComponentListItemsEx                             iswi.obl(CompHelperFuncs.obs)
621  __ComponentListItemsExInstall                      iswi.obl(CompHelperFuncs.obs)
622  __ComponentListItemsExUnInstall                    iswi.obl(CompHelperFuncs.obs)
623  __ComponentMoveXferData                            iswi.obl(CompHelperFuncs.obs)
624  __End                                              iswi.obl(DriverConv.obs)
625  __GetFinishMode                                    iswi.obl(ISWiInit.obs)
626  __GetMsiHandle                                     iswi.obl(SysVarsConv.obs)
627  __GetProgramFilesFolder                            iswi.obl(SysVarsConv.obs)
628  __GetSourceDir                                     iswi.obl(SysVarsConv.obs)
629  __GetWindowsFolder                                 iswi.obl(SysVarsConv.obs)
630  __GetWindowsVolume                                 iswi.obl(SysVarsConv.obs)
631  __HandleError                                      iswi.obl(ErrHandler.obs)
632  __ISRTDoExit                                       isrt.obl(Misc.obs)
633  __ISRTInit                                         isrt.obl(ISRTInit.obs)
634  __ISRTRestoreMainLog                               isrt.obl(ISRTInit.obs)
635  __ISRTRestoreMainLogEx                             isrt.obl(ISRTInit.obs)
636  __ISRTSetComponentLog                              isrt.obl(ISRTInit.obs)
637  __ISRTUnInit                                       isrt.obl(ISRTInit.obs)
638  __ISWIInit                                         iswi.obl(ISWiInit.obs)
639  __ISWIMsiHandle                                    iswi.obl(ISWiInit.obs)
640  __ISWIUnInit                                       iswi.obl(ISWiInit.obs)
641  __IsArrayEmpty                                     iswi.obl(HelperFuncs.obs)
642  __LoadIScriptString                                isrt.obl(LoadStr.obs)
643  __Moved                                            iswi.obl(FileTransferFuncsConv.obs)
644  __Moving                                           iswi.obl(FileTransferFuncsConv.obs)
645  __MsiOpenView                                      iswi.obl(CompHelperFuncs.obs)
646  __MsiQueryFeatureState                             iswi.obl(MsiWrappersConv.obs)
647  __MsiRecordGetString                               iswi.obl(MsiWrappersConv.obs)
648  __OnAbort                                          iswi.obl(DriverConv.obs)
649  __OnAdminPatch                                     iswi.obl(DriverConv.obs)
650  __OnAdministrativeInstall                          iswi.obl(DriverConv.obs)
651  __OnAdvertisement                                  iswi.obl(DriverConv.obs)
652  __OnBegin                                          iswi.obl(DriverConv.obs)
653  __OnCanceling                                      iswi.obl(DriverConv.obs)
654  __OnEnd                                            iswi.obl(DriverConv.obs)
655  __OnError                                          iswi.obl(DriverConv.obs)
656  __OnMsiMaintenance                                 iswi.obl(DriverConv.obs)
657  __OnMsiRebooted                                    iswi.obl(DriverConv.obs)
658  __OnMsiSilentInstall                               iswi.obl(DriverConv.obs)
659  __OnMsiUninstall                                   iswi.obl(DriverConv.obs)
660  __OnPatch                                          iswi.obl(DriverConv.obs)
661  __OnResume                                         iswi.obl(DriverConv.obs)
662  __OnWarning                                        iswi.obl(DriverConv.obs)
663  __ResetMsiObject                                   iswi.obl(ISWiInit.obs)
664  __SetMaintenance                                   iswi.obl(ISWiInit.obs)
665  __SetMsiHandle                                     iswi.obl(SysVarsConv.obs)
666  __SetMsiServer                                     iswi.obl(ISWiInit.obs)
667  __SetPatch                                         iswi.obl(SysVarsConv.obs)
668  __SetSourceDir                                     iswi.obl(SysVarsConv.obs)
669  isrt._ComponentGetData                             iswi.obl(ComponentConv.obs)
670  isrt._ComponentIsItemSelected                      iswi.obl(ComponentConv.obs)
671  isrt._ComponentListItems                           iswi.obl(ComponentConv.obs)
672  isrt._ComponentReinstall                           iswi.obl(ComponentConv.obs)
673  isrt._ComponentRemoveAll                           iswi.obl(ComponentConv.obs)
674  isrt._ComponentSelectItem                          iswi.obl(ComponentConv.obs)
675  isrt._ComponentSetupTypeSet                        iswi.obl(ComponentConv.obs)
676  isrt._EnableDialogCache                            iswi.obl(ISWiInit.obs)
677  kernel32.GetLocalTime                              iswi.obl(ErrHandler.obs)
678  kernel32.GetWindowsDirectoryA                      iswi.obl(ErrHandler.obs)
679  msi.MsiCloseHandle                                 iswi.obl(RedirectedMsiFuncsConv.obs)
680  msi.MsiCreateRecord                                iswi.obl(RedirectedMsiFuncsConv.obs)
681  msi.MsiDatabaseOpenViewA                           setup.obs
682  msi.MsiDoActionA                                   setup.obs
683  msi.MsiGetActiveDatabase                           iswi.obl(RedirectedMsiFuncsConv.obs)
684  msi.MsiGetProductInfoA                             setup.obs
685  msi.MsiGetPropertyA                                setup.obs
686  msi.MsiGetSourcePathA                              setup.obs
687  msi.MsiGetTargetPathA                              setup.obs
688  msi.MsiOpenDatabaseA                               setup.obs
689  msi.MsiProcessMessage                              iswi.obl(RedirectedMsiFuncsConv.obs)
690  msi.MsiQueryFeatureStateA                          setup.obs
691  msi.MsiRecordGetInteger                            iswi.obl(RedirectedMsiFuncsConv.obs)
692  msi.MsiRecordGetStringA                            setup.obs
693  msi.MsiRecordSetStringA                            setup.obs
694  msi.MsiSetPropertyA                                setup.obs
695  msi.MsiSetTargetPathA                              setup.obs
696  msi.MsiViewExecute                                 iswi.obl(RedirectedMsiFuncsConv.obs)
697  msi.MsiViewFetch                                   iswi.obl(RedirectedMsiFuncsConv.obs)
698  program                                            iswi.obl(DriverConv.obs)
699  sfc.SRSetRestorePoint                              setup.obs


***** External Variables *****
1    ADDREMOVE                                          iswi.obl(HelperFuncs.obs)
2    ADDREMOVE_COMBINEDBUTTON                           setup.obs
3    ADDREMOVE_HIDECHANGEOPTION                         setup.obs
4    ADDREMOVE_HIDEREMOVEOPTION                         setup.obs
5    ADDREMOVE_HIDEREPAIROPTION                         setup.obs
6    ADDREMOVE_STRING_REMOVEONLY                        setup.obs
7    ADDREMOVE_SYSTEMCOMPONENT                          setup.obs
8    ADMINUSER                                          setup.obs
9    ALLUSERS                                           setup.obs
10   AdminToolsFolder                                   iswi.obl(DebugSymbolsConv.obs)
11   AppDataFolder                                      iswi.obl(DebugSymbolsConv.obs)
12   BASICMSI                                           iswi.obl(HelperFuncs.obs)
13   BATCH_INSTALL                                      setup.obs
14   CMDLINE                                            iswi.obl(HelperFuncs.obs)
15   CMPTFILTERLANGOBJ                                  iswi.obl(CompHelperFuncs.obs)
16   COMMONFILES                                        iswi.obl(HelperFuncs.obs)
17   COMMONFILES64                                      iswi.obl(HelperFuncs.obs)
18   CommonAppDataFolder                                iswi.obl(DebugSymbolsConv.obs)
19   CommonFiles64Folder                                iswi.obl(DebugSymbolsConv.obs)
20   CommonFilesFolder                                  iswi.obl(DebugSymbolsConv.obs)
21   DISABLE_ALLUSERBTN                                 setup.obs
22   DISABLE_PERUSERBTN                                 setup.obs
23   DISK1SETUPEXENAME                                  iswi.obl(HelperFuncs.obs)
24   DISK1TARGET                                        setup.obs
25   DesktopFolder                                      iswi.obl(DebugSymbolsConv.obs)
26   ENABLED_ISERVICES                                  iswi.obl(HelperFuncs.obs)
27   ENGINECOMMONDIR                                    iswi.obl(HelperFuncs.obs)
28   ENGINEDIR                                          iswi.obl(HelperFuncs.obs)
29   ERRORFILENAME                                      setup.obs
30   ERRORINFO                                          iswi.obl(ComponentConv.obs)
31   Err                                                setup.obs
32   FEATURE                                            iswi.obl(ComponentConv.obs)
33   FILEERROR                                          iswi.obl(ComponentConv.obs)
34   FILETIME                                           setup.obs
35   FIND_DATA                                          setup.obs
36   FOLDER_APPDATA                                     iswi.obl(HelperFuncs.obs)
37   FOLDER_COMMON_APPDATA                              iswi.obl(HelperFuncs.obs)
38   FOLDER_DESKTOP                                     iswi.obl(HelperFuncs.obs)
39   FOLDER_DOTNET_10                                   iswi.obl(HelperFuncs.obs)
40   FOLDER_DOTNET_11                                   iswi.obl(HelperFuncs.obs)
41   FOLDER_DOTNET_20                                   iswi.obl(HelperFuncs.obs)
42   FOLDER_DOTNET_30                                   iswi.obl(HelperFuncs.obs)
43   FOLDER_FONTS                                       iswi.obl(HelperFuncs.obs)
44   FOLDER_LOCAL_APPDATA                               iswi.obl(HelperFuncs.obs)
45   FOLDER_PERSONAL                                    iswi.obl(HelperFuncs.obs)
46   FOLDER_PROGRAMS                                    iswi.obl(HelperFuncs.obs)
47   FOLDER_STARTMENU                                   iswi.obl(HelperFuncs.obs)
48   FOLDER_STARTUP                                     iswi.obl(HelperFuncs.obs)
49   FOLDER_TEMP                                        iswi.obl(HelperFuncs.obs)
50   FavoritesFolder                                    iswi.obl(DebugSymbolsConv.obs)
51   FileRegistrar                                      setup.obs
52   FontsFolder                                        iswi.obl(DebugSymbolsConv.obs)
53   HKEYCURRENTROOTKEY                                 setup.obs
54   IFX_COMPANY_NAME                                   setup.obs
55   IFX_INSTALLED_DISPLAY_VERSION                      setup.obs
56   IFX_INSTALLED_VERSION                              setup.obs
57   IFX_KEYPATH_PRODUCT_INFO                           setup.obs
58   IFX_MULTI_INSTANCE_SUFFIX                          setup.obs
59   IFX_NETAPI_GROUP                                   setup.obs
60   IFX_NETAPI_PASSWORD                                setup.obs
61   IFX_NETAPI_USER_ACCOUNT                            setup.obs
62   IFX_PRODUCT_COMMENTS                               setup.obs
63   IFX_PRODUCT_DISPLAY_NAME                           setup.obs
64   IFX_PRODUCT_DISPLAY_VERSION                        setup.obs
65   IFX_PRODUCT_ICON                                   setup.obs
66   IFX_PRODUCT_KEY                                    setup.obs
67   IFX_PRODUCT_NAME                                   setup.obs
68   IFX_PRODUCT_README                                 setup.obs
69   IFX_PRODUCT_REGISTEREDCOMPANY                      setup.obs
70   IFX_PRODUCT_REGISTEREDOWNER                        setup.obs
71   IFX_PRODUCT_REGISTEREDSERIALNUM                    setup.obs
72   IFX_PRODUCT_SUPPORT_CONTACT                        setup.obs
73   IFX_PRODUCT_SUPPORT_PHONE                          setup.obs
74   IFX_PRODUCT_SUPPORT_URL                            setup.obs
75   IFX_PRODUCT_UPDATE_URL                             setup.obs
76   IFX_PRODUCT_URL                                    setup.obs
77   IFX_PRODUCT_VERSION                                setup.obs
78   IFX_SETUP_TITLE                                    setup.obs
79   IFX_SUPPORTED_VERSIONS                             setup.obs
80   IISROOTFOLDER                                      iswi.obl(HelperFuncs.obs)
81   INFOFILENAME                                       setup.obs
82   INSTALLDIR                                         setup.obs
83   INSTALLSCRIPTMSI                                   iswi.obl(HelperFuncs.obs)
84   INSTANCE_GUID                                      iswi.obl(HelperFuncs.obs)
85   ISDIFXAPPID                                        setup.obs
86   ISMSI_HANDLE                                       iswi.obl(DebugSymbolsConv.obs)
87   ISRES                                              iswi.obl(HelperFuncs.obs)
88   ISUSER                                             iswi.obl(HelperFuncs.obs)
89   ISUTIL_FUNCTION_ACTUAL_ERROR                       setup.obs
90   ISUTIL_FUNCTION_ERROR                              iswi.obl(CompHelperFuncs.obs)
91   ISUTIL_LINE_NUMBER                                 setup.obs
92   ISUTIL_POSITIVE_ERROR                              iswi.obl(CompHelperFuncs.obs)
93   ISUTIL_SCRIPT_FILE                                 setup.obs
94   ISVERSION                                          iswi.obl(HelperFuncs.obs)
95   LAAW_PARAMETERS                                    setup.obs
96   LAAW_PROCESS_INFORMATION                           setup.obs
97   LAAW_SHELLEXECUTEINFO                              setup.obs
98   LAAW_SHELLEXECUTEVERB                              setup.obs
99   LAAW_STARTUPINFO                                   setup.obs
100  LAST_RESULT                                        setup.obs
101  LVITEM                                             iswi.obl(SdDiskReqs.obs)
102  LV_COLUMN                                          iswi.obl(SdDiskReqs.obs)
103  LocalAppDataFolder                                 iswi.obl(DebugSymbolsConv.obs)
104  LogDB                                              setup.obs
105  MAINTENANCE                                        iswi.obl(HelperFuncs.obs)
106  MAINT_OPTION                                       iswi.obl(HelperFuncs.obs)
107  MEDIA                                              setup.obs
108  MEDIA_INFO                                         iswi.obl(FeatureConv.obs)
109  MODE                                               setup.obs
110  MSG                                                setup.obs
111  MULTI_INSTANCE_COUNT                               iswi.obl(HelperFuncs.obs)
112  MainWindow                                         setup.obs
113  MyPicturesFolder                                   iswi.obl(DebugSymbolsConv.obs)
114  NOTHING                                            setup.obs
115  NetHoodFolder                                      iswi.obl(DebugSymbolsConv.obs)
116  OSINFO_PLATFORM_INFO                               setup.obs
117  OSINFO_PROCESSOR_INFO                              setup.obs
118  OSVERSIONINFO                                      setup.obs
119  OSVERSIONINFOEX                                    setup.obs
120  Objects                                            setup.obs
121  OriginalDatabase                                   iswi.obl(DebugSymbolsConv.obs)
122  PACKAGE_LOCATION                                   iswi.obl(HelperFuncs.obs)
123  PATCH                                              iswi.obl(DebugSymbolsConv.obs)
124  POINT                                              setup.obs
125  PRIVILEGED                                         setup.obs
126  PROCESS_INFORMATION                                setup.obs
127  PRODUCT_GUID                                       iswi.obl(HelperFuncs.obs)
128  PROGRAMFILES                                       iswi.obl(HelperFuncs.obs)
129  PROGRAMFILES64                                     iswi.obl(HelperFuncs.obs)
130  PersonalFolder                                     iswi.obl(DebugSymbolsConv.obs)
131  PrintHoodFolder                                    iswi.obl(DebugSymbolsConv.obs)
132  ProgramFiles64Folder                               iswi.obl(DebugSymbolsConv.obs)
133  ProgramFilesFolder                                 iswi.obl(DebugSymbolsConv.obs)
134  ProgramMenuFolder                                  iswi.obl(DebugSymbolsConv.obs)
135  RECT                                               setup.obs
136  REGDB_OPTIONS                                      setup.obs
137  REMOVEALLMODE                                      iswi.obl(HelperFuncs.obs)
138  REMOVEONLY                                         iswi.obl(HelperFuncs.obs)
139  RUN_ONCE_PROGRAM                                   iswi.obl(HelperFuncs.obs)
140  Reboot                                             setup.obs
141  RecentFolder                                       iswi.obl(DebugSymbolsConv.obs)
142  SELECTED_LANGUAGE                                  iswi.obl(HelperFuncs.obs)
143  SERVICE_IS_PARAMS                                  setup.obs
144  SETUPTYPE_STR_COMPACT                              setup.obs
145  SETUPTYPE_STR_COMPLETE                             setup.obs
146  SETUPTYPE_STR_CUSTOM                               setup.obs
147  SETUPTYPE_STR_TYPICAL                              setup.obs
148  SHELLEXECUTEINFO                                   setup.obs
149  SHELL_OBJECT_FOLDER                                setup.obs
150  SHOW_PASSWORD_DIALOG                               iswi.obl(HelperFuncs.obs)
151  SRCDIR                                             setup.obs
152  SRCDISK                                            iswi.obl(HelperFuncs.obs)
153  STARTUPINFO                                        setup.obs
154  SUPPORTDIR                                         iswi.obl(HelperFuncs.obs)
155  SYSTEMTIME                                         setup.obs
156  SYSTEMTIME2                                        iswi.obl(ErrHandler.obs)
157  SendToFolder                                       iswi.obl(DebugSymbolsConv.obs)
158  SetupInfo                                          setup.obs
159  SourceDir                                          iswi.obl(DebugSymbolsConv.obs)
160  StartMenuFolder                                    iswi.obl(DebugSymbolsConv.obs)
161  StartupFolder                                      iswi.obl(DebugSymbolsConv.obs)
162  StatusDlg                                          setup.obs
163  System16Folder                                     iswi.obl(DebugSymbolsConv.obs)
164  System64Folder                                     iswi.obl(DebugSymbolsConv.obs)
165  SystemFolder                                       iswi.obl(DebugSymbolsConv.obs)
166  TARGETDIR                                          setup.obs
167  TARGETDISK                                         iswi.obl(HelperFuncs.obs)
168  TempFolder                                         iswi.obl(DebugSymbolsConv.obs)
169  TemplateFolder                                     iswi.obl(DebugSymbolsConv.obs)
170  TextSub                                            setup.obs
171  UNINST                                             setup.obs
172  UNINSTALLKEY                                       setup.obs
173  UNINSTALL_DISPLAYNAME                              setup.obs
174  UNINSTALL_STRING                                   setup.obs
175  UPDATEMODE                                         setup.obs
176  WINDIR                                             iswi.obl(HelperFuncs.obs)
177  WINDISK                                            iswi.obl(HelperFuncs.obs)
178  WINSYSDIR                                          iswi.obl(HelperFuncs.obs)
179  WINSYSDIR64                                        iswi.obl(HelperFuncs.obs)
180  WINSYSDISK                                         iswi.obl(HelperFuncs.obs)
181  WindowsFolder                                      iswi.obl(DebugSymbolsConv.obs)
182  WindowsVolume                                      iswi.obl(DebugSymbolsConv.obs)
183  _INT64                                             setup.obs
184  _LAAW_PARAMETERS                                   setup.obs
185  _LAAW_TEMP_DATA                                    isrt.obl(Extend.obs)
186  _RESTOREINFO_                                      setup.obs
187  _RESTOREPTINFO                                     setup.obs
188  _SERVICE_IS_PARAMS                                 setup.obs
189  _SMGRSTATUS                                        setup.obs
190  _SMGSTATUS_                                        setup.obs
191  _WIN9X                                             setup.obs
192  _WINNT                                             setup.obs
193  __SYSTEMINFORMATION                                setup.obs
194  __SYSTEMPROCESSORINFORMATION                       setup.obs
195  __gbAliasingOff                                    iswi.obl(CompHelperFuncs.obs)
196  __gbCheckForUpdate                                 iswi.obl(CompHelperFuncs.obs)
197  __gbCheckUpdateReboot                              iswi.obl(CompHelperFuncs.obs)
198  __gbGetTarget                                      iswi.obl(CompHelperFuncs.obs)
199  __gbInitialized                                    iswi.obl(CompHelperFuncs.obs)
200  __gbInstallInfo                                    setup.obs
201  __gbMaintenance                                    iswi.obl(CompHelperFuncs.obs)
202  __gbReopening                                      iswi.obl(CompHelperFuncs.obs)
203  __ghActiveDataBase                                 iswi.obl(CompHelperFuncs.obs)
204  __ghErrFileHandle                                  iswi.obl(CompHelperFuncs.obs)
205  __ghMsiInstall                                     iswi.obl(CompHelperFuncs.obs)
206  __gnButtonSelected                                 iswi.obl(CompHelperFuncs.obs)
207  __gnLastError                                      iswi.obl(CompHelperFuncs.obs)
208  __gnMsiReturn                                      iswi.obl(CompHelperFuncs.obs)
209  __gnOSMask                                         iswi.obl(CompHelperFuncs.obs)
210  __gnScriptMode                                     iswi.obl(CompHelperFuncs.obs)
211  __goISDriver                                       iswi.obl(CompHelperFuncs.obs)
212  __goLanguageFilter                                 iswi.obl(CompHelperFuncs.obs)
213  __goMsiServer                                      iswi.obl(CompHelperFuncs.obs)
214  __gsINSTALLDIR                                     iswi.obl(CompHelperFuncs.obs)
215  __gsProductGuid                                    iswi.obl(CompHelperFuncs.obs)
216  __gsSourceDir                                      iswi.obl(CompHelperFuncs.obs)
217  __hContext                                         iswi.obl(CompHelperFuncs.obs)
218  __objGlobalTextSub                                 setup.obs
219  __objStringTable                                   iswi.obl(ISWiInit.obs)
220  __szGUID                                           isrt.obl(ISRTInit.obs)
221  bBackButton                                        setup.obs
222  bCancelButton                                      setup.obs
223  bEnterDiskBeep                                     iswi.obl(AdminAskPath.obs)
224  bFinishButton                                      setup.obs
225  bIfxPCHInitialized                                 setup.obs
226  bIfxPCHOn                                          setup.obs
227  bInstall16                                         setup.obs
228  bNextButton                                        setup.obs
229  bSdInit                                            setup.obs
230  bViewCmptKunits                                    setup.obs
231  bViewCmptUseDecimal                                setup.obs
232  g_bSuppressMissingStringWarning                    iswi.obl(DriverConv.obs)
233  nIfxPCHType                                        setup.obs
234  szAppKey                                           setup.obs
235  szSdProduct                                        setup.obs
236  szSdStr_NotEnoughSpace                             setup.obs
