***** External Functions *****
1    AdminAskPath                                       iswi.obl(AdminAskPath.obs)
2    AllFeaturesDeselected                              iswi.obl(CompHelperFuncs.obs)
3    CHECK_RETURN                                       iswi.obl(ErrHandler.obs)
4    ChangeDirectory                                    isrt.obl(Files.obs)
5    CheckVirtDirExists                                 setup.obs
6    CloseFile                                          isrt.obl(Files.obs)
7    CmdGetHwndDlg                                      isrt.obl(CustomDialog.obs)
8    CoCreateObject                                     isrt.obl(Misc.obs)
9    CoGetObject                                        isrt.obl(Misc.obs)
10   ComponentCompareSizeRequired                       isrt.obl(component.obs)
11   ComponentErrorInfo                                 isrt.obl(component.obs)
12   ComponentGetData                                   isrt.obl(component.obs)
13   ComponentGetTotalCost                              isrt.obl(component.obs)
14   ComponentIsItemSelected                            isrt.obl(component.obs)
15   ComponentListItems                                 isrt.obl(component.obs)
16   ComponentReinstall                                 isrt.obl(component.obs)
17   ComponentRemoveAll                                 isrt.obl(component.obs)
18   ComponentSaveTarget                                isrt.obl(component.obs)
19   ComponentSelectItem                                isrt.obl(component.obs)
20   ComponentTransferData                              isrt.obl(component.obs)
21   ComponentTreeInit                                  isrt.obl(Dialogs.obs)
22   CreateDir                                          isrt.obl(Files.obs)
23   CreateFile                                         isrt.obl(Files.obs)
24   CreateInstallationInfo                             isrt.obl(Registry.obs)
25   CtrlGetNotificationCode                            isrt.obl(CustomDialog.obs)
26   CtrlGetState                                       isrt.obl(CustomDialog.obs)
27   CtrlGetSubCommand                                  isrt.obl(CustomDialog.obs)
28   CtrlGetText                                        isrt.obl(CustomDialog.obs)
29   CtrlSelectText                                     isrt.obl(CustomDialog.obs)
30   CtrlSetList                                        isrt.obl(CustomDialog.obs)
31   CtrlSetMLEText                                     isrt.obl(CustomDialog.obs)
32   CtrlSetState                                       isrt.obl(CustomDialog.obs)
33   CtrlSetText                                        isrt.obl(CustomDialog.obs)
34   DefineDialog                                       isrt.obl(CustomDialog.obs)
35   DeleteFile                                         isrt.obl(Files.obs)
36   DeleteSingleFile                                   isrt.obl(Files.obs)
37   DialogSetDefaultFont                               isrt.obl(Dialogs.obs)
38   DialogSetFont                                      isrt.obl(Dialogs.obs)
39   DialogSetInfo                                      isrt.obl(Dialogs.obs)
40   Disable                                            isrt.obl(Enable.obs)
41   DllSizeOf                                          isrt.obl(Str.obs)
42   Do                                                 isrt.obl(Misc.obs)
43   EditUDL                                            setup.obs
44   Enable                                             isrt.obl(Enable.obs)
45   EndCurrentDialog                                   isrt.obl(Dialogs.obs)
46   EndDialog                                          isrt.obl(CustomDialog.obs)
47   ExistsDir                                          isrt.obl(Files.obs)
48   EzDefineDialog                                     isrt.obl(CustomDialog.obs)
49   FeatureCompareSizeRequired                         iswi.obl(FeatureConv.obs)
50   FeatureErrorInfo                                   iswi.obl(ComponentConv.obs)
51   FeatureFilterLanguage                              iswi.obl(ComponentConv.obs)
52   FeatureFilterOS                                    iswi.obl(ComponentConv.obs)
53   FeatureGetData                                     iswi.obl(ComponentConv.obs)
54   FeatureGetTotalCost                                iswi.obl(FeatureConv.obs)
55   FeatureIsItemSelected                              iswi.obl(ComponentConv.obs)
56   FeatureListItems                                   iswi.obl(ComponentConv.obs)
57   FeatureReinstall                                   iswi.obl(ComponentConv.obs)
58   FeatureRemoveAll                                   iswi.obl(ComponentConv.obs)
59   FeatureSaveTarget                                  iswi.obl(FeatureConv.obs)
60   FeatureSelectItem                                  iswi.obl(ComponentConv.obs)
61   FeatureSetupTypeSet                                iswi.obl(ComponentConv.obs)
62   FeatureStandardSetupTypeSet                        iswi.obl(FeatureConv.obs)
63   FeatureTransferData                                iswi.obl(ComponentConv.obs)
64   FeaturesInstalled                                  iswi.obl(FileTransferFuncsConv.obs)
65   FeaturesInstalling                                 iswi.obl(FileTransferFuncsConv.obs)
66   FileDeleteLine                                     isrt.obl(Files.obs)
67   FileGrep                                           isrt.obl(Files.obs)
68   FindFile                                           isrt.obl(Files.obs)
69   FindWindow                                         isrt.obl(Misc.obs)
70   FixUpCmdLine                                       iswi.obl(HelperFuncs.obs)
71   FixUpCmdLinePostReboot                             iswi.obl(HelperFuncs.obs)
72   FormatMessage                                      isrt.obl(Misc.obs)
73   GDI32.CreateRectRgn                                setup.obs
74   GDI32.GetDeviceCaps                                setup.obs
75   GeneratedMSIScript                                 iswi.obl(FileTransferFuncsConv.obs)
76   GeneratingMSIScript                                iswi.obl(FileTransferFuncsConv.obs)
77   GetBillboard                                       isrt.obl(SysVars.obs)
78   GetCommonFiles                                     isrt.obl(SysVars.obs)
79   GetComponentsFeatures                              iswi.obl(CompHelperFuncs.obs)
80   GetCurrentDialogName                               isrt.obl(Dialogs.obs)
81   GetCurrentDir                                      isrt.obl(Files.obs)
82   GetDialogTitle                                     isrt.obl(Dialogs.obs)
83   GetDir                                             isrt.obl(Str.obs)
84   GetDisk                                            isrt.obl(Str.obs)
85   GetDiskSpace                                       isrt.obl(GSI.obs)
86   GetDiskSpaceEx                                     isrt.obl(GSI.obs)
87   GetEnabledIServices                                isrt.obl(SysVars.obs)
88   GetExtents                                         isrt.obl(GSI.obs)
89   GetFolderApplications                              isrt.obl(SysVars.obs)
90   GetFolderApplications64                            isrt.obl(SysVars.obs)
91   GetISRes                                           isrt.obl(SysVars.obs)
92   GetKeyPathWinCurrVerAuto                           isrt.obl(SysVars.obs)
93   GetMSIFeatureName                                  iswi.obl(CompHelperFuncs.obs)
94   GetMaintenance                                     iswi.obl(ISWiInit.obs)
95   GetMsiFeaturePath                                  iswi.obl(CompHelperFuncs.obs)
96   GetMsiNameFromAliasTable                           iswi.obl(CompHelperFuncs.obs)
97   GetOpenFileMode                                    isrt.obl(Files.obs)
98   GetPackageLocation                                 isrt.obl(SysVars.obs)
99   GetProductGUID                                     iswi.obl(ISWiInit.obs)
100  GetProfSectionKeyCount                             isrt.obl(Profile.obs)
101  GetProfString                                      isrt.obl(Profile.obs)
102  GetProfStringList                                  isrt.obl(Profile.obs)
103  GetRemoveAllMode                                   isrt.obl(SysVars.obs)
104  GetRemoveOnly                                      isrt.obl(SysVars.obs)
105  GetSelectedLanguage                                isrt.obl(SysVars.obs)
106  GetSelectedTreeComponent                           isrt.obl(CmptView.obs)
107  GetSupportDir                                      isrt.obl(SysVars.obs)
108  GetSystemInfo                                      isrt.obl(GSI.obs)
109  GetTempFolder                                      isrt.obl(SysVars.obs)
110  GetUpdateStatus                                    iswi.obl(HelperFuncs.obs)
111  GetUpdateStatusReboot                              iswi.obl(HelperFuncs.obs)
112  GetUserSelectableAuto                              isrt.obl(SysVars.obs)
113  GetValidDrivesList                                 isrt.obl(GSI.obs)
114  GetWinDir                                          isrt.obl(SysVars.obs)
115  GetWinSysDir                                       isrt.obl(SysVars.obs)
116  GetWindowHandle                                    iswi.obl(MiscConv.obs)
117  HIWORD                                             isrt.obl(Misc.obs)
118  ISDeterminePlatform                                isrt.obl(OsInfo.obs)
119  ISMIF32.InstallStatusMIF                           isrt.obl(MIF.obs)
120  ISRT.ComponentViewSetInfoEx                        isrt.obl(Dialogs.obs)
121  ISRT.EnableHourGlass                               isrt.obl(Enable.obs)
122  ISRT.GetCPUType                                    isrt.obl(GSI.obs)
123  ISRT.GetFontSub                                    isrt.obl(Dialogs.obs)
124  ISRT.GetHandle                                     setup.obs
125  ISRT.GetPorts                                      isrt.obl(GSI.obs)
126  ISRT.IsEmpty                                       setup.obs
127  ISRT.IsNTAdmin                                     isrt.obl(Is.obs)
128  ISRT.IsObject                                      setup.obs
129  ISRT.IsPowerUser                                   isrt.obl(Is.obs)
130  ISRT.LangLoadString                                isrt.obl(SDINT.obs)
131  ISRT.MessageBeepP                                  setup.obs
132  ISRT.PathCompactPathPixel                          isrt.obl(CustomDialog.obs)
133  ISRT.PathGetDir                                    isrt.obl(Str.obs)
134  ISRT.PathGetDrive                                  isrt.obl(Str.obs)
135  ISRT.PathGetFile                                   isrt.obl(Files.obs)
136  ISRT.PathGetFileExt                                isrt.obl(Str.obs)
137  ISRT.PathGetFileName                               isrt.obl(Str.obs)
138  ISRT.PathGetLongFromShort                          isrt.obl(Str.obs)
139  ISRT.PathGetPath                                   isrt.obl(Str.obs)
140  ISRT.PathGetSpecialFolder                          isrt.obl(SysVars.obs)
141  ISRT.PathIsValidSyntax                             isrt.obl(Is.obs)
142  ISRT._BrowseForFolder                              isrt.obl(SelectDir.obs)
143  ISRT._CloseFile                                    isrt.obl(Files.obs)
144  ISRT._CmdGetHwndDlg                                isrt.obl(CustomDialog.obs)
145  ISRT._CoGetObject                                  isrt.obl(Misc.obs)
146  ISRT._ComponentCompareSizeRequired                 iswi.obl(FeatureConv.obs)
147  ISRT._ComponentGetTotalCost                        iswi.obl(FeatureConv.obs)
148  ISRT._ComponentGetTotalCostEx                      isrt.obl(SdComponentTreeDlg.obs)
149  ISRT._ComponentSaveTarget                          iswi.obl(FeatureConv.obs)
150  ISRT._CreateDir                                    isrt.obl(Files.obs)
151  ISRT._CreateObject                                 isrt.obl(Misc.obs)
152  ISRT._CtrlGetNotificationCode                      isrt.obl(CustomDialog.obs)
153  ISRT._CtrlGetSubCommand                            isrt.obl(CustomDialog.obs)
154  ISRT._CtrlSetMLERichText                           isrt.obl(CustomDialog.obs)
155  ISRT._DefineDialog                                 isrt.obl(CustomDialog.obs)
156  ISRT._DialogSetFont                                isrt.obl(Dialogs.obs)
157  ISRT._DisableStatus                                isrt.obl(Enable.obs)
158  ISRT._DoSprintf                                    iswi.obl(HelperFuncs.obs)
159  ISRT._EnableDialogCache                            isrt.obl(Enable.obs)
160  ISRT._EnablePrevDialog                             iswi.obl(AdminAskPath.obs)
161  ISRT._EnableSkins                                  isrt.obl(Enable.obs)
162  ISRT._EnableStatus                                 isrt.obl(Enable.obs)
163  ISRT._EnableWow64FsRedirection                     isrt.obl(Enable.obs)
164  ISRT._EndDialog                                    isrt.obl(CustomDialog.obs)
165  ISRT._ExistsDir                                    isrt.obl(Files.obs)
166  ISRT._ExistsFile                                   isrt.obl(Files.obs)
167  ISRT._GetCurrentDialogName                         isrt.obl(Dialogs.obs)
168  ISRT._GetDiskSpaceEx                               isrt.obl(GSI.obs)
169  ISRT._GetDiskSpaceExEx                             isrt.obl(SdComponentTreeDlg.obs)
170  ISRT._GetGlobalMemorySize                          isrt.obl(GSI.obs)
171  ISRT._GetProcessorInfo                             isrt.obl(OsInfo.obs)
172  ISRT._GetSelectedTreeComponent                     isrt.obl(CmptView.obs)
173  ISRT._GetSupportDir                                isrt.obl(SysVars.obs)
174  ISRT._IsFontTypefaceNameAvailable                  isrt.obl(Is.obs)
175  ISRT._IsSkinLoaded                                 isrt.obl(Is.obs)
176  ISRT._IsWindowsME                                  isrt.obl(GSI.obs)
177  ISRT._IsWow64                                      isrt.obl(OsInfo.obs)
178  ISRT._ListAddItem                                  isrt.obl(scrlist.obs)
179  ISRT._ListAddString                                isrt.obl(scrlist.obs)
180  ISRT._ListCount                                    isrt.obl(scrlist.obs)
181  ISRT._ListCreate                                   isrt.obl(scrlist.obs)
182  ISRT._ListCurrentString                            isrt.obl(scrlist.obs)
183  ISRT._ListDeleteItem                               isrt.obl(scrlist.obs)
184  ISRT._ListDeleteString                             isrt.obl(scrlist.obs)
185  ISRT._ListDestroy                                  isrt.obl(scrlist.obs)
186  ISRT._ListFindString                               isrt.obl(scrlist.obs)
187  ISRT._ListGetFirstItem                             isrt.obl(scrlist.obs)
188  ISRT._ListGetFirstString                           isrt.obl(scrlist.obs)
189  ISRT._ListGetNextItem                              isrt.obl(scrlist.obs)
190  ISRT._ListGetNextString                            isrt.obl(scrlist.obs)
191  ISRT._ListGetType                                  isrt.obl(scrlist.obs)
192  ISRT._ListReadFromFile                             isrt.obl(scrlist.obs)
193  ISRT._ListSetIndex                                 isrt.obl(scrlist.obs)
194  ISRT._ListWriteToFile                              isrt.obl(scrlist.obs)
195  ISRT._MediaGetInfo                                 iswi.obl(FeatureConv.obs)
196  ISRT._OpenFile                                     isrt.obl(Files.obs)
197  ISRT._Preprogram                                   setup.obs
198  ISRT._RegCreateKey                                 isrt.obl(Registry.obs)
199  ISRT._RegEnableTextSubs                            isrt.obl(Enable.obs)
200  ISRT._RegEnum                                      isrt.obl(Registry.obs)
201  ISRT._RegGetOptions                                isrt.obl(SysVars.obs)
202  ISRT._RegIsRemoteRegConnected                      isrt.obl(Is.obs)
203  ISRT._RegQueryKeyBinaryValue                       isrt.obl(Registry.obs)
204  ISRT._RegQueryKeyValue                             isrt.obl(Registry.obs)
205  ISRT._RegSetKeyBinaryValue                         isrt.obl(Registry.obs)
206  ISRT._RegSetKeyValue                               isrt.obl(Registry.obs)
207  ISRT._RegSetOptions                                isrt.obl(SysVars.obs)
208  ISRT._ReleaseDialog                                isrt.obl(CustomDialog.obs)
209  ISRT._SdShowMsg                                    isrt.obl(SDSMSG.obs)
210  ISRT._SetAltMainImage                              isrt.obl(Dialogs.obs)
211  ISRT._SetDisplayEffect                             isrt.obl(ui.obs)
212  ISRT._SetSilentSdShowMsg                           isrt.obl(Enable.obs)
213  ISRT._SetTitle                                     isrt.obl(ui.obs)
214  ISRT._SetupTraceWrite                              isrt.obl(Misc.obs)
215  ISRT._TreeViewCreate                               isrt.obl(CmptView.obs)
216  ISRT._WaitOnDialog                                 isrt.obl(CustomDialog.obs)
217  ISRT._WriteLine                                    isrt.obl(Files.obs)
218  ISRT.__CreateObjectContext                         isrt.obl(ISRTInit.obs)
219  ISRT.__GetCmdLineOptions                           isrt.obl(ISRTInit.obs)
220  ISRT.__GetContextGUID                              isrt.obl(ISRTInit.obs)
221  ISRT.__GetEnabledIServices                         isrt.obl(SysVars.obs)
222  ISRT.__GetFileRegistrar                            isrt.obl(ISRTInit.obs)
223  ISRT.__GetInfo                                     isrt.obl(ISRTInit.obs)
224  ISRT.__GetInstallGuid                              isrt.obl(SysVars.obs)
225  ISRT.__GetLogDB                                    isrt.obl(ISRTInit.obs)
226  ISRT.__GetMainWindow                               setup.obs
227  ISRT.__GetMaintOption                              isrt.obl(SysVars.obs)
228  ISRT.__GetMaintenanceMode                          isrt.obl(SysVars.obs)
229  ISRT.__GetObjects                                  isrt.obl(ISRTInit.obs)
230  ISRT.__GetProductGuid                              isrt.obl(SysVars.obs)
231  ISRT.__GetProgress                                 setup.obs
232  ISRT.__GetReboot                                   isrt.obl(ISRTInit.obs)
233  ISRT.__GetRemoveAllMode                            isrt.obl(SysVars.obs)
234  ISRT.__GetTextSub                                  isrt.obl(ISRTInit.obs)
235  ISRT.__GetUpdateMode                               isrt.obl(SysVars.obs)
236  ISRT.__PutEnabledIServices                         isrt.obl(Enable.obs)
237  ISRT.__ReleaseObjectContext                        isrt.obl(ISRTInit.obs)
238  ISRT.__RestoreMainLog                              isrt.obl(ISRTInit.obs)
239  ISRT.__RestoreMainLogEx                            isrt.obl(ISRTInit.obs)
240  ISRT.__SetComponentLog                             isrt.obl(ISRTInit.obs)
241  ISRT.__SetUpdateMode                               isrt.obl(SysVars.obs)
242  ISRTHandleScriptException                          isrt.obl(Misc.obs)
243  ISRTPreprogram                                     isrt.obl(Driver.obs)
244  ISWIOnAppSearch                                    iswi.obl(DriverConv.obs)
245  ISWIOnCCPSearch                                    iswi.obl(DriverConv.obs)
246  ISWIOnExitInstall                                  iswi.obl(DriverConv.obs)
247  ISWIOnFirstUIAfter                                 iswi.obl(DriverConv.obs)
248  ISWIOnFirstUIBefore                                iswi.obl(DriverConv.obs)
249  ISWIOnInitInstall                                  iswi.obl(DriverConv.obs)
250  ISWIOnMaintUIAfter                                 iswi.obl(DriverConv.obs)
251  ISWIOnMaintUIBefore                                iswi.obl(DriverConv.obs)
252  ISWIOnMoveData                                     iswi.obl(DriverConv.obs)
253  ISWIOnResumeUIAfter                                iswi.obl(DriverConv.obs)
254  ISWIOnResumeUIBefore                               iswi.obl(DriverConv.obs)
255  ISWIPCRestoreAfter                                 iswi.obl(DriverConv.obs)
256  ISWIPCRestoreBefore                                iswi.obl(DriverConv.obs)
257  ISWIPostprogram                                    iswi.obl(DriverConv.obs)
258  ISWIPreprogram                                     iswi.obl(DriverConv.obs)
259  InstallFilesActionAfter                            iswi.obl(FileTransferFuncsConv.obs)
260  InstallFilesActionBefore                           iswi.obl(FileTransferFuncsConv.obs)
261  Is                                                 isrt.obl(Is.obs)
262  IsTestSetup                                        iswi.obl(HelperFuncs.obs)
263  KERNEL.GetModuleHandle                             setup.obs
264  KERNEL32.CloseHandle                               setup.obs
265  KERNEL32.CreateFileA                               setup.obs
266  KERNEL32.CreateProcess                             setup.obs
267  KERNEL32.DeleteFileA                               setup.obs
268  KERNEL32.FindClose                                 setup.obs
269  KERNEL32.FindFirstFileA                            setup.obs
270  KERNEL32.FindNextFileA                             setup.obs
271  KERNEL32.FormatMessageA                            setup.obs
272  KERNEL32.FreeLibrary                               setup.obs
273  KERNEL32.GetCurrentDirectoryA                      setup.obs
274  KERNEL32.GetDriveType                              setup.obs
275  KERNEL32.GetExitCodeProcess                        setup.obs
276  KERNEL32.GetFileAttributesA                        setup.obs
277  KERNEL32.GetLocalTime                              setup.obs
278  KERNEL32.GetLocaleInfo                             setup.obs
279  KERNEL32.GetPrivateProfileSectionA                 setup.obs
280  KERNEL32.GetPrivateProfileString                   setup.obs
281  KERNEL32.GetPrivateProfileStringA                  setup.obs
282  KERNEL32.GetProcAddress                            setup.obs
283  KERNEL32.GetProfileStringA                         setup.obs
284  KERNEL32.GetShortPathNameA                         setup.obs
285  KERNEL32.GetSystemDefaultLCID                      setup.obs
286  KERNEL32.GetSystemDefaultLangID                    setup.obs
287  KERNEL32.GetSystemDefaultUILanguage                setup.obs
288  KERNEL32.GetTickCount                              setup.obs
289  KERNEL32.GetUserDefaultLangID                      setup.obs
290  KERNEL32.GetVersion                                setup.obs
291  KERNEL32.GetVersionEx                              setup.obs
292  KERNEL32.GetVolumeInformation                      setup.obs
293  KERNEL32.GetWindowsDirectory                       setup.obs
294  KERNEL32.LoadLibraryA                              setup.obs
295  KERNEL32.SetCurrentDirectoryA                      setup.obs
296  KERNEL32.SetFileAttributesA                        setup.obs
297  KERNEL32.WritePrivateProfileString                 setup.obs
298  KERNEL32.lstrlen                                   setup.obs
299  Kernel32.GetModuleHandleA                          iswi.obl(ComponentConv.obs)
300  LOWORD                                             isrt.obl(Misc.obs)
301  LaunchAgent                                        iswi.obl(HelperFuncs.obs)
302  LaunchApp                                          isrt.obl(Extend.obs)
303  LaunchAppAndWait                                   isrt.obl(Extend.obs)
304  LaunchAppAndWaitInitStartupInfo                    isrt.obl(Extend.obs)
305  ListAddItem                                        isrt.obl(scrlist.obs)
306  ListAddString                                      isrt.obl(scrlist.obs)
307  ListCount                                          isrt.obl(scrlist.obs)
308  ListCreate                                         isrt.obl(scrlist.obs)
309  ListCurrentString                                  isrt.obl(scrlist.obs)
310  ListDeleteItem                                     isrt.obl(scrlist.obs)
311  ListDeleteString                                   isrt.obl(scrlist.obs)
312  ListDestroy                                        isrt.obl(scrlist.obs)
313  ListFindString                                     isrt.obl(scrlist.obs)
314  ListGetFirstItem                                   isrt.obl(scrlist.obs)
315  ListGetFirstString                                 isrt.obl(scrlist.obs)
316  ListGetLastString                                  iswi.obl(CompHelperFuncs.obs)
317  ListGetNextItem                                    isrt.obl(scrlist.obs)
318  ListGetNextString                                  isrt.obl(scrlist.obs)
319  ListGetType                                        isrt.obl(scrlist.obs)
320  ListReadFromFile                                   isrt.obl(scrlist.obs)
321  ListSetIndex                                       isrt.obl(scrlist.obs)
322  ListValid                                          isrt.obl(scrlist.obs)
323  ListValidType                                      isrt.obl(scrlist.obs)
324  ListWriteToFile                                    isrt.obl(scrlist.obs)
325  ListWriteToFileEx                                  isrt.obl(scrlist.obs)
326  LoadStringFromStringTable                          iswi.obl(ISWiInit.obs)
327  LongPathFromShortPath                              isrt.obl(Str.obs)
328  LongPathToQuote                                    isrt.obl(Str.obs)
329  LongPathToShortPath                                isrt.obl(Str.obs)
330  MAKELONG                                           isrt.obl(Misc.obs)
331  MIFCreateMIFFile                                   isrt.obl(MIF.obs)
332  MIFDeleteMIFFile                                   isrt.obl(MIF.obs)
333  MIFInitialize                                      isrt.obl(MIF.obs)
334  MIFSetInformation                                  isrt.obl(MIF.obs)
335  MIFUnInitialize                                    isrt.obl(MIF.obs)
336  MIFWasSetInformationCalled                         isrt.obl(MIF.obs)
337  MediaGetDataEx                                     iswi.obl(FeatureConv.obs)
338  MessageBeep                                        isrt.obl(Misc.obs)
339  MessageBox                                         isrt.obl(MsgBox.obs)
340  MessageBoxEx                                       isrt.obl(MsgBox.obs)
341  Moved                                              iswi.obl(FileTransferFuncsConv.obs)
342  Moving                                             iswi.obl(FileTransferFuncsConv.obs)
343  MsiCloseHandle                                     iswi.obl(MsiFuncsConv.obs)
344  MsiCreateRecord                                    iswi.obl(MsiFuncsConv.obs)
345  MsiDatabaseOpenView                                iswi.obl(MsiFuncsConv.obs)
346  MsiDoAction                                        iswi.obl(MsiFuncsConv.obs)
347  MsiGetActiveDatabase                               iswi.obl(MsiFuncsConv.obs)
348  MsiGetProperty                                     iswi.obl(MsiFuncsConv.obs)
349  MsiGetPropertyIS                                   iswi.obl(MsiFuncsConv.obs)
350  MsiGetSourcePath                                   iswi.obl(MsiFuncsConv.obs)
351  MsiGetTargetPath                                   iswi.obl(MsiFuncsConv.obs)
352  MsiInstallProduct                                  iswi.obl(MsiFuncsConv.obs)
353  MsiProcessMessage                                  iswi.obl(MsiFuncsConv.obs)
354  MsiQueryFeatureState                               iswi.obl(MsiFuncsConv.obs)
355  MsiRecordGetInteger                                iswi.obl(MsiFuncsConv.obs)
356  MsiRecordGetString                                 iswi.obl(MsiFuncsConv.obs)
357  MsiRecordSetString                                 iswi.obl(MsiFuncsConv.obs)
358  MsiSetProperty                                     iswi.obl(MsiFuncsConv.obs)
359  MsiSetTargetPath                                   iswi.obl(MsiFuncsConv.obs)
360  MsiViewExecute                                     iswi.obl(MsiFuncsConv.obs)
361  MsiViewFetch                                       iswi.obl(MsiFuncsConv.obs)
362  MyFunc                                             setup.obs
363  MyFunction                                         setup.obs
364  OnAbort                                            iswi.obl(DriverConv.obs)
365  OnAction                                           iswi.obl(ISWiInit.obs)
366  OnAdminInstallUIAfter                              iswi.obl(DriverConv.obs)
367  OnAdminInstallUIBefore                             iswi.obl(DriverConv.obs)
368  OnAdminPatchUIAfter                                iswi.obl(DriverConv.obs)
369  OnAdminPatchUIBefore                               iswi.obl(DriverConv.obs)
370  OnAdvertisementAfter                               iswi.obl(DriverConv.obs)
371  OnAdvertisementBefore                              iswi.obl(DriverConv.obs)
372  OnAppSearch                                        iswi.obl(DriverConv.obs)
373  OnBegin                                            iswi.obl(DriverConv.obs)
374  OnCCPSearch                                        iswi.obl(DriverConv.obs)
375  OnCanceling                                        iswi.obl(DriverConv.obs)
376  OnComponentError                                   iswi.obl(Exceptions.obs)
377  OnDIFxLogCallback                                  isrt.obl(ISDIFx.obs)
378  OnDIFxLogCallbackImpl                              isrt.obl(ISDIFx.obs)
379  OnEnd                                              iswi.obl(DriverConv.obs)
380  OnError                                            iswi.obl(DriverConv.obs)
381  OnException                                        iswi.obl(Exceptions.obs)
382  OnFeaturesInstalled                                iswi.obl(FileTransferFuncsConv.obs)
383  OnFeaturesInstalling                               iswi.obl(FileTransferFuncsConv.obs)
384  OnFileError                                        iswi.obl(Exceptions.obs)
385  OnFileLocked                                       iswi.obl(Exceptions.obs)
386  OnFileReadOnly                                     iswi.obl(Exceptions.obs)
387  OnFilesInUse                                       iswi.obl(DriverConv.obs)
388  OnFirstUIAfter                                     iswi.obl(DriverConv.obs)
389  OnFirstUIBefore                                    iswi.obl(DriverConv.obs)
390  OnGeneratedMSIScript                               iswi.obl(FileTransferFuncsConv.obs)
391  OnGeneratingMSIScript                              iswi.obl(FileTransferFuncsConv.obs)
392  OnHelp                                             iswi.obl(DriverConv.obs)
393  OnInstallFilesActionAfter                          iswi.obl(FileTransferFuncsConv.obs)
394  OnInstallFilesActionBefore                         iswi.obl(FileTransferFuncsConv.obs)
395  OnInternetError                                    iswi.obl(Exceptions.obs)
396  OnLaunchAppAndWaitCallback                         iswi.obl(DriverConv.obs)
397  OnLogonUserSetMsiProperties                        iswi.obl(DriverConv.obs)
398  OnMD5Error                                         iswi.obl(Exceptions.obs)
399  OnMaintUIAfter                                     iswi.obl(DriverConv.obs)
400  OnMaintUIBefore                                    iswi.obl(DriverConv.obs)
401  OnMaintenance                                      iswi.obl(DriverConv.obs)
402  OnMoved                                            iswi.obl(FileTransferFuncsConv.obs)
403  OnMoving                                           iswi.obl(FileTransferFuncsConv.obs)
404  OnMsiSilentInstall                                 iswi.obl(DriverConv.obs)
405  OnNetApiCreateUserAccountInternal                  isrt.obl(NetApiRT.obs)
406  OnNextDisk                                         iswi.obl(Exceptions.obs)
407  OnOutOfDiskSpace                                   iswi.obl(DriverConv.obs)
408  OnPatchUIAfter                                     iswi.obl(DriverConv.obs)
409  OnPatchUIBefore                                    iswi.obl(DriverConv.obs)
410  OnRebooted                                         iswi.obl(DriverConv.obs)
411  OnRemovingSharedFile                               iswi.obl(Exceptions.obs)
412  OnResolveSource                                    iswi.obl(DriverConv.obs)
413  OnResume                                           iswi.obl(DriverConv.obs)
414  OnResumeUIAfter                                    iswi.obl(DriverConv.obs)
415  OnResumeUIBefore                                   iswi.obl(DriverConv.obs)
416  OnSQLLogin                                         iswi.obl(DriverConv.obs)
417  OnSelfRegistrationError                            iswi.obl(Exceptions.obs)
418  OnUnhandledException                               iswi.obl(DriverConv.obs)
419  OnUninstall                                        iswi.obl(DriverConv.obs)
420  OnUpdateService                                    iswi.obl(DriverConv.obs)
421  OnWarning                                          iswi.obl(DriverConv.obs)
422  OpenFile                                           isrt.obl(Files.obs)
423  OpenFileMode                                       isrt.obl(Files.obs)
424  PCRestoreOnBegin                                   isrt.obl(PCRestore.obs)
425  ParsePath                                          isrt.obl(Str.obs)
426  PostShowComponentDlg                               iswi.obl(ISWiInit.obs)
427  Postprogram                                        iswi.obl(DriverConv.obs)
428  PreShowComponentDlg                                iswi.obl(ISWiInit.obs)
429  Preprogram                                         iswi.obl(DriverConv.obs)
430  ProgDefGroupType                                   isrt.obl(Shell.obs)
431  ProgGetGroupType                                   isrt.obl(Shell.obs)
432  PthFixPath                                         isrt.obl(Pth.obs)
433  PthIsAbsPath                                       isrt.obl(Pth.obs)
434  ReadINI                                            setup.obs
435  RebootNeeded                                       iswi.obl(FileTransferFuncsConv.obs)
436  RedirectMsiCloseHandle                             iswi.obl(RedirectedMsiFuncsConv.obs)
437  RedirectMsiCreateRecord                            iswi.obl(RedirectedMsiFuncsConv.obs)
438  RedirectMsiGetActiveDatabase                       iswi.obl(RedirectedMsiFuncsConv.obs)
439  RedirectMsiProcessMessage                          iswi.obl(RedirectedMsiFuncsConv.obs)
440  RedirectMsiRecordGetInteger                        iswi.obl(RedirectedMsiFuncsConv.obs)
441  RedirectMsiViewExecute                             iswi.obl(RedirectedMsiFuncsConv.obs)
442  RedirectMsiViewFetch                               iswi.obl(RedirectedMsiFuncsConv.obs)
443  RegDBGetDefaultRoot                                isrt.obl(SysVars.obs)
444  RegDBGetItem                                       isrt.obl(Registry.obs)
445  RegDBGetKeyValueEx                                 isrt.obl(Registry.obs)
446  RegDBQueryKey                                      isrt.obl(Registry.obs)
447  RegDBQueryKeyCount                                 isrt.obl(Registry.obs)
448  RegDBQueryStringMultiStringCount                   isrt.obl(Registry.obs)
449  RegDBQueryValue                                    isrt.obl(Registry.obs)
450  RegDBQueryValue32                                  isrt.obl(Registry.obs)
451  RegDBSetDefaultRoot                                isrt.obl(SysVars.obs)
452  RegDBSetKeyValueEx                                 isrt.obl(Registry.obs)
453  RegDBSetValue                                      isrt.obl(Registry.obs)
454  ReleaseDialog                                      isrt.obl(CustomDialog.obs)
455  RemoveSpaces                                       iswi.obl(HelperFuncs.obs)
456  RemoveVirtualDir                                   setup.obs
457  ResolveShellObjectsFolder                          iswi.obl(CompHelperFuncs.obs)
458  SdAskDestPath                                      isrt.obl(SdAskDestPathDlg.obs)
459  SdCloseDlg                                         isrt.obl(SDINT.obs)
460  SdComponentDlgCheckSpace                           isrt.obl(SDINT.obs)
461  SdCustomerInformation                              iswi.obl(SdCustInfo.obs)
462  SdDlgToTop                                         isrt.obl(SDINT.obs)
463  SdDoStdButton                                      isrt.obl(SDINT.obs)
464  SdEnablement                                       isrt.obl(SDINT.obs)
465  SdError                                            isrt.obl(SDINT.obs)
466  SdFeatureTree                                      isrt.obl(SdComponentTreeDlg.obs)
467  SdFilesInUse                                       iswi.obl(SdFilesInUse.obs)
468  SdFinish                                           isrt.obl(SdFinishDlg.obs)
469  SdFinishEx                                         iswi.obl(SdFinishExConv.obs)
470  SdFinishReboot                                     isrt.obl(SdFinishRebootDlg.obs)
471  SdFinishUpdate                                     iswi.obl(SdFinishUpdate.obs)
472  SdFinishUpdateReboot                               iswi.obl(SdFinUpdateRebot.obs)
473  SdGeneralInit                                      isrt.obl(SDINT.obs)
474  SdInit                                             isrt.obl(SDINT.obs)
475  SdIsStdButton                                      isrt.obl(SDINT.obs)
476  SdLoadString                                       isrt.obl(SDINT.obs)
477  SdMakeName                                         isrt.obl(SDINT.obs)
478  SdOutOfDiskSpace                                   iswi.obl(SdDiskReqs.obs)
479  SdPatchWelcome                                     iswi.obl(SdPatchWel.obs)
480  SdPlugInProductName                                isrt.obl(SDINT.obs)
481  SdSetDlgTitle                                      isrt.obl(SDINT.obs)
482  SdSetStatic                                        isrt.obl(SDINT.obs)
483  SdSetupCompleteError                               iswi.obl(SdSetupCompleteError.obs)
484  SdShowMsg                                          isrt.obl(SDSMSG.obs)
485  SdStartCopy                                        isrt.obl(SdStartCopyDlg.obs)
486  SdSubstituteProductInfo                            isrt.obl(SDINT.obs)
487  SdUnInit                                           isrt.obl(SDINT.obs)
488  SdWelcome                                          isrt.obl(SdWelcomeDlg.obs)
489  SdWelcomeMaint                                     isrt.obl(SdWelcomeMaintDlg.obs)
490  SelectDir                                          isrt.obl(SelectDir.obs)
491  SelectDirNoLog                                     isrt.obl(SelectDir.obs)
492  SendMessage                                        isrt.obl(Misc.obs)
493  ServiceInitParams                                  isrt.obl(Service.obs)
494  SetCmdLine                                         isrt.obl(SysVars.obs)
495  SetDisplayEffect                                   isrt.obl(ui.obs)
496  SetExtendedErrInfo                                 isrt.obl(IsUtil.obs)
497  SetFolderDesktop                                   isrt.obl(SysVars.obs)
498  SetFolderPrograms                                  isrt.obl(SysVars.obs)
499  SetFolderStartMenu                                 isrt.obl(SysVars.obs)
500  SetFolderStartup                                   isrt.obl(SysVars.obs)
501  SetGlobalVars                                      iswi.obl(ISWiInit.obs)
502  SetInstallationInfo                                isrt.obl(Registry.obs)
503  SetMifInformationOnly                              isrt.obl(Registry.obs)
504  SetTitle                                           isrt.obl(ui.obs)
505  SetUpdateStatus                                    iswi.obl(HelperFuncs.obs)
506  SetUpdateStatusReboot                              iswi.obl(HelperFuncs.obs)
507  SetupTraceWrite                                    isrt.obl(Misc.obs)
508  SetupType                                          isrt.obl(SetupTypeDlg.obs)
509  SilentDoGeneralInfo                                isrt.obl(Silent.obs)
510  SilentFailed                                       isrt.obl(Silent.obs)
511  SilentFinish                                       isrt.obl(Silent.obs)
512  SilentInit                                         isrt.obl(Silent.obs)
513  SilentReadData                                     isrt.obl(Silent.obs)
514  SilentSetInfo                                      isrt.obl(Silent.obs)
515  SilentSetMode                                      isrt.obl(Silent.obs)
516  SilentWriteData                                    isrt.obl(Silent.obs)
517  Sprintf                                            isrt.obl(Str.obs)
518  SprintfBox                                         isrt.obl(MsgBox.obs)
519  SprintfMsiLog                                      iswi.obl(HelperFuncs.obs)
520  StrAddLastSlash                                    isrt.obl(Str.obs)
521  StrDelete                                          iswi.obl(HelperFuncs.obs)
522  StrFindEx                                          isrt.obl(Str.obs)
523  StrGetTokens                                       isrt.obl(Str.obs)
524  StrLength                                          isrt.obl(Str.obs)
525  StrRemoveLastSlash                                 isrt.obl(Str.obs)
526  StrRemoveSpaces                                    isrt.obl(Str.obs)
527  StrReplace                                         isrt.obl(Str.obs)
528  StrToNumHex                                        isrt.obl(Str.obs)
529  StrToUpper                                         isrt.obl(Str.obs)
530  SysVarsInit                                        isrt.obl(SysVars.obs)
531  SysVarsInitConv                                    iswi.obl(SysVarsConv.obs)
532  SysVarsTrace                                       isrt.obl(SysVars.obs)
533  SysVarsUnInit                                      iswi.obl(SysVarsConv.obs)
534  System                                             isrt.obl(Misc.obs)
535  TextSubGetValue                                    isrt.obl(TextSub.obs)
536  TextSubParseTextSub                                isrt.obl(TextSub.obs)
537  TextSubSetValue                                    isrt.obl(TextSub.obs)
538  TreeViewCreate                                     isrt.obl(CmptView.obs)
539  USER.EnableWindow                                  setup.obs
540  USER.GetClassName                                  setup.obs
541  USER.GetDC                                         setup.obs
542  USER.GetDlgItem                                    setup.obs
543  USER.GetFocus                                      setup.obs
544  USER.GetWindowLong                                 setup.obs
545  USER.IsIconic                                      setup.obs
546  USER.IsWindow                                      setup.obs
547  USER.IsWindowVisible                               setup.obs
548  USER.ReleaseDC                                     setup.obs
549  USER.SendMessageA                                  setup.obs
550  USER.SetFocus                                      setup.obs
551  USER.SetForegroundWindow                           setup.obs
552  USER.SetWindowPos                                  setup.obs
553  USER.SetWindowText                                 setup.obs
554  USER.ShowWindow                                    setup.obs
555  USER32.CharUpperBuffA                              setup.obs
556  USER32.FindWindowA                                 setup.obs
557  USER32.GetDlgItem                                  iswi.obl(SdDiskReqs.obs)
558  USER32.GetSystemMetrics                            setup.obs
559  USER32.GetWindowRect                               iswi.obl(SdDiskReqs.obs)
560  USER32.GetWindowText                               setup.obs
561  USER32.GetWindowTextLength                         setup.obs
562  USER32.MessageBoxA                                 setup.obs
563  USER32.MsgWaitForMultipleObjects                   setup.obs
564  USER32.PeekMessageA                                setup.obs
565  USER32.SendMessageA                                setup.obs
566  USER32.SetWindowLong                               setup.obs
567  USER32.SetWindowRgn                                setup.obs
568  UpdateServiceEnableUpdateService                   isrt.obl(ISUpdateService.obs)
569  User32.DestroyWindow                               iswi.obl(SdDiskReqs.obs)
570  User32.LoadStringA                                 iswi.obl(ComponentConv.obs)
571  VarInit                                            isrt.obl(SysVars.obs)
572  VarRestore                                         iswi.obl(SysVarsConv.obs)
573  VarRestoreISRT                                     isrt.obl(SysVars.obs)
574  VarSave                                            iswi.obl(SysVarsConv.obs)
575  VarSaveISRT                                        isrt.obl(SysVars.obs)
576  VerProductGetInstalledVersion                      isrt.obl(version.obs)
577  VerProductNumToStr                                 isrt.obl(version.obs)
578  VerProductVerPartsFromVer                          isrt.obl(version.obs)
579  WaitOnDialog                                       isrt.obl(CustomDialog.obs)
580  WriteLine                                          isrt.obl(Files.obs)
581  __AddIntegerToArray                                iswi.obl(HelperFuncs.obs)
582  __AddStringToArray                                 iswi.obl(HelperFuncs.obs)
583  __Begin                                            iswi.obl(DriverConv.obs)
584  __ComponentListItemsEx                             iswi.obl(CompHelperFuncs.obs)
585  __ComponentListItemsExInstall                      iswi.obl(CompHelperFuncs.obs)
586  __ComponentListItemsExUnInstall                    iswi.obl(CompHelperFuncs.obs)
587  __ComponentMoveXferData                            iswi.obl(CompHelperFuncs.obs)
588  __End                                              iswi.obl(DriverConv.obs)
589  __GetFinishMode                                    iswi.obl(ISWiInit.obs)
590  __GetMsiHandle                                     iswi.obl(SysVarsConv.obs)
591  __GetSourceDir                                     iswi.obl(SysVarsConv.obs)
592  __HandleError                                      iswi.obl(ErrHandler.obs)
593  __ISRTDoExit                                       isrt.obl(Misc.obs)
594  __ISRTInit                                         isrt.obl(ISRTInit.obs)
595  __ISRTRestoreMainLog                               isrt.obl(ISRTInit.obs)
596  __ISRTRestoreMainLogEx                             isrt.obl(ISRTInit.obs)
597  __ISRTSetComponentLog                              isrt.obl(ISRTInit.obs)
598  __ISRTUnInit                                       isrt.obl(ISRTInit.obs)
599  __ISWIInit                                         iswi.obl(ISWiInit.obs)
600  __ISWIMsiHandle                                    iswi.obl(ISWiInit.obs)
601  __ISWIUnInit                                       iswi.obl(ISWiInit.obs)
602  __IsArrayEmpty                                     iswi.obl(HelperFuncs.obs)
603  __LoadIScriptString                                isrt.obl(LoadStr.obs)
604  __Moved                                            iswi.obl(FileTransferFuncsConv.obs)
605  __Moving                                           iswi.obl(FileTransferFuncsConv.obs)
606  __MsiOpenView                                      iswi.obl(CompHelperFuncs.obs)
607  __MsiQueryFeatureState                             iswi.obl(MsiWrappersConv.obs)
608  __MsiRecordGetString                               iswi.obl(MsiWrappersConv.obs)
609  __OnAbort                                          iswi.obl(DriverConv.obs)
610  __OnAdminPatch                                     iswi.obl(DriverConv.obs)
611  __OnAdministrativeInstall                          iswi.obl(DriverConv.obs)
612  __OnAdvertisement                                  iswi.obl(DriverConv.obs)
613  __OnBegin                                          iswi.obl(DriverConv.obs)
614  __OnCanceling                                      iswi.obl(DriverConv.obs)
615  __OnEnd                                            iswi.obl(DriverConv.obs)
616  __OnError                                          iswi.obl(DriverConv.obs)
617  __OnMsiMaintenance                                 iswi.obl(DriverConv.obs)
618  __OnMsiRebooted                                    iswi.obl(DriverConv.obs)
619  __OnMsiSilentInstall                               iswi.obl(DriverConv.obs)
620  __OnMsiUninstall                                   iswi.obl(DriverConv.obs)
621  __OnPatch                                          iswi.obl(DriverConv.obs)
622  __OnResume                                         iswi.obl(DriverConv.obs)
623  __OnWarning                                        iswi.obl(DriverConv.obs)
624  __ResetMsiObject                                   iswi.obl(ISWiInit.obs)
625  __SetMaintenance                                   iswi.obl(ISWiInit.obs)
626  __SetMsiHandle                                     iswi.obl(SysVarsConv.obs)
627  __SetMsiServer                                     iswi.obl(ISWiInit.obs)
628  __SetPatch                                         iswi.obl(SysVarsConv.obs)
629  __SetSourceDir                                     iswi.obl(SysVarsConv.obs)
630  isrt._ComponentGetData                             iswi.obl(ComponentConv.obs)
631  isrt._ComponentIsItemSelected                      iswi.obl(ComponentConv.obs)
632  isrt._ComponentListItems                           iswi.obl(ComponentConv.obs)
633  isrt._ComponentReinstall                           iswi.obl(ComponentConv.obs)
634  isrt._ComponentRemoveAll                           iswi.obl(ComponentConv.obs)
635  isrt._ComponentSelectItem                          iswi.obl(ComponentConv.obs)
636  isrt._ComponentSetupTypeSet                        iswi.obl(ComponentConv.obs)
637  isrt._EnableDialogCache                            iswi.obl(ISWiInit.obs)
638  kernel32.GetLocalTime                              iswi.obl(ErrHandler.obs)
639  kernel32.GetWindowsDirectoryA                      iswi.obl(ErrHandler.obs)
640  msi.MsiCloseHandle                                 iswi.obl(RedirectedMsiFuncsConv.obs)
641  msi.MsiCreateRecord                                iswi.obl(RedirectedMsiFuncsConv.obs)
642  msi.MsiDatabaseOpenViewA                           setup.obs
643  msi.MsiDoActionA                                   setup.obs
644  msi.MsiGetActiveDatabase                           iswi.obl(RedirectedMsiFuncsConv.obs)
645  msi.MsiGetProductInfoA                             setup.obs
646  msi.MsiGetPropertyA                                setup.obs
647  msi.MsiGetSourcePathA                              setup.obs
648  msi.MsiGetTargetPathA                              setup.obs
649  msi.MsiOpenDatabaseA                               setup.obs
650  msi.MsiProcessMessage                              iswi.obl(RedirectedMsiFuncsConv.obs)
651  msi.MsiQueryFeatureStateA                          setup.obs
652  msi.MsiRecordGetInteger                            iswi.obl(RedirectedMsiFuncsConv.obs)
653  msi.MsiRecordGetStringA                            setup.obs
654  msi.MsiRecordSetStringA                            setup.obs
655  msi.MsiSetPropertyA                                setup.obs
656  msi.MsiSetTargetPathA                              setup.obs
657  msi.MsiViewExecute                                 iswi.obl(RedirectedMsiFuncsConv.obs)
658  msi.MsiViewFetch                                   iswi.obl(RedirectedMsiFuncsConv.obs)
659  program                                            iswi.obl(DriverConv.obs)
660  sfc.SRSetRestorePoint                              setup.obs


***** External Variables *****
1    ADDREMOVE                                          iswi.obl(HelperFuncs.obs)
2    ADDREMOVE_COMBINEDBUTTON                           setup.obs
3    ADDREMOVE_HIDECHANGEOPTION                         setup.obs
4    ADDREMOVE_HIDEREMOVEOPTION                         setup.obs
5    ADDREMOVE_HIDEREPAIROPTION                         setup.obs
6    ADDREMOVE_STRING_REMOVEONLY                        setup.obs
7    ADDREMOVE_SYSTEMCOMPONENT                          setup.obs
8    ADMINUSER                                          setup.obs
9    ALLUSERS                                           setup.obs
10   AdminToolsFolder                                   iswi.obl(DebugSymbolsConv.obs)
11   AppDataFolder                                      iswi.obl(DebugSymbolsConv.obs)
12   BATCH_INSTALL                                      setup.obs
13   CMDLINE                                            iswi.obl(HelperFuncs.obs)
14   CMPTFILTERLANGOBJ                                  iswi.obl(CompHelperFuncs.obs)
15   COMMONFILES                                        iswi.obl(HelperFuncs.obs)
16   COMMONFILES64                                      iswi.obl(HelperFuncs.obs)
17   CommonAppDataFolder                                iswi.obl(DebugSymbolsConv.obs)
18   CommonFiles64Folder                                iswi.obl(DebugSymbolsConv.obs)
19   CommonFilesFolder                                  iswi.obl(DebugSymbolsConv.obs)
20   DISABLE_ALLUSERBTN                                 setup.obs
21   DISABLE_PERUSERBTN                                 setup.obs
22   DISK1TARGET                                        setup.obs
23   DesktopFolder                                      iswi.obl(DebugSymbolsConv.obs)
24   ENABLED_ISERVICES                                  iswi.obl(HelperFuncs.obs)
25   ENGINECOMMONDIR                                    iswi.obl(HelperFuncs.obs)
26   ENGINEDIR                                          iswi.obl(HelperFuncs.obs)
27   ERRORFILENAME                                      setup.obs
28   ERRORINFO                                          iswi.obl(ComponentConv.obs)
29   Err                                                setup.obs
30   FEATURE                                            iswi.obl(ComponentConv.obs)
31   FILEERROR                                          iswi.obl(ComponentConv.obs)
32   FILETIME                                           setup.obs
33   FIND_DATA                                          setup.obs
34   FOLDER_APPDATA                                     iswi.obl(HelperFuncs.obs)
35   FOLDER_COMMON_APPDATA                              iswi.obl(HelperFuncs.obs)
36   FOLDER_DESKTOP                                     iswi.obl(HelperFuncs.obs)
37   FOLDER_DOTNET_10                                   iswi.obl(HelperFuncs.obs)
38   FOLDER_DOTNET_11                                   iswi.obl(HelperFuncs.obs)
39   FOLDER_DOTNET_20                                   iswi.obl(HelperFuncs.obs)
40   FOLDER_FONTS                                       iswi.obl(HelperFuncs.obs)
41   FOLDER_LOCAL_APPDATA                               iswi.obl(HelperFuncs.obs)
42   FOLDER_PERSONAL                                    iswi.obl(HelperFuncs.obs)
43   FOLDER_PROGRAMS                                    iswi.obl(HelperFuncs.obs)
44   FOLDER_STARTMENU                                   iswi.obl(HelperFuncs.obs)
45   FOLDER_STARTUP                                     iswi.obl(HelperFuncs.obs)
46   FOLDER_TEMP                                        iswi.obl(HelperFuncs.obs)
47   FavoritesFolder                                    iswi.obl(DebugSymbolsConv.obs)
48   FileRegistrar                                      setup.obs
49   FontsFolder                                        iswi.obl(DebugSymbolsConv.obs)
50   HKEYCURRENTROOTKEY                                 setup.obs
51   IFX_COMPANY_NAME                                   setup.obs
52   IFX_INSTALLED_DISPLAY_VERSION                      setup.obs
53   IFX_INSTALLED_VERSION                              setup.obs
54   IFX_KEYPATH_PRODUCT_INFO                           setup.obs
55   IFX_MULTI_INSTANCE_SUFFIX                          setup.obs
56   IFX_NETAPI_GROUP                                   setup.obs
57   IFX_NETAPI_PASSWORD                                setup.obs
58   IFX_NETAPI_USER_ACCOUNT                            setup.obs
59   IFX_PRODUCT_COMMENTS                               setup.obs
60   IFX_PRODUCT_DISPLAY_NAME                           setup.obs
61   IFX_PRODUCT_DISPLAY_VERSION                        setup.obs
62   IFX_PRODUCT_ICON                                   setup.obs
63   IFX_PRODUCT_KEY                                    setup.obs
64   IFX_PRODUCT_NAME                                   setup.obs
65   IFX_PRODUCT_README                                 setup.obs
66   IFX_PRODUCT_REGISTEREDCOMPANY                      setup.obs
67   IFX_PRODUCT_REGISTEREDOWNER                        setup.obs
68   IFX_PRODUCT_REGISTEREDSERIALNUM                    setup.obs
69   IFX_PRODUCT_SUPPORT_CONTACT                        setup.obs
70   IFX_PRODUCT_SUPPORT_PHONE                          setup.obs
71   IFX_PRODUCT_SUPPORT_URL                            setup.obs
72   IFX_PRODUCT_UPDATE_URL                             setup.obs
73   IFX_PRODUCT_URL                                    setup.obs
74   IFX_PRODUCT_VERSION                                setup.obs
75   IFX_SETUP_TITLE                                    setup.obs
76   IFX_SUPPORTED_VERSIONS                             setup.obs
77   IISROOTFOLDER                                      iswi.obl(HelperFuncs.obs)
78   INSTALLDIR                                         setup.obs
79   INSTALLSCRIPTMSI                                   iswi.obl(HelperFuncs.obs)
80   INSTANCE_GUID                                      iswi.obl(HelperFuncs.obs)
81   ISDIFXAPPID                                        setup.obs
82   ISMSI_HANDLE                                       iswi.obl(DebugSymbolsConv.obs)
83   ISRES                                              iswi.obl(HelperFuncs.obs)
84   ISUSER                                             iswi.obl(HelperFuncs.obs)
85   ISUTIL_FUNCTION_ACTUAL_ERROR                       setup.obs
86   ISUTIL_FUNCTION_ERROR                              iswi.obl(CompHelperFuncs.obs)
87   ISUTIL_LINE_NUMBER                                 setup.obs
88   ISUTIL_POSITIVE_ERROR                              iswi.obl(CompHelperFuncs.obs)
89   ISUTIL_SCRIPT_FILE                                 setup.obs
90   ISVERSION                                          iswi.obl(HelperFuncs.obs)
91   LAAW_PARAMETERS                                    setup.obs
92   LAAW_PROCESS_INFORMATION                           setup.obs
93   LAAW_STARTUPINFO                                   setup.obs
94   LAST_RESULT                                        setup.obs
95   LVITEM                                             iswi.obl(SdDiskReqs.obs)
96   LV_COLUMN                                          iswi.obl(SdDiskReqs.obs)
97   LocalAppDataFolder                                 iswi.obl(DebugSymbolsConv.obs)
98   LogDB                                              setup.obs
99   MAINTENANCE                                        iswi.obl(HelperFuncs.obs)
100  MAINT_OPTION                                       iswi.obl(HelperFuncs.obs)
101  MEDIA                                              setup.obs
102  MEDIA_INFO                                         iswi.obl(FeatureConv.obs)
103  MODE                                               setup.obs
104  MSG                                                setup.obs
105  MULTI_INSTANCE_COUNT                               iswi.obl(HelperFuncs.obs)
106  MainWindow                                         setup.obs
107  MyPicturesFolder                                   iswi.obl(DebugSymbolsConv.obs)
108  NOTHING                                            setup.obs
109  NetHoodFolder                                      iswi.obl(DebugSymbolsConv.obs)
110  OSINFO_PLATFORM_INFO                               setup.obs
111  OSINFO_PROCESSOR_INFO                              setup.obs
112  OSVERSIONINFO                                      setup.obs
113  OSVERSIONINFOEX                                    setup.obs
114  Objects                                            setup.obs
115  PACKAGE_LOCATION                                   iswi.obl(HelperFuncs.obs)
116  PATCH                                              iswi.obl(DebugSymbolsConv.obs)
117  POINT                                              setup.obs
118  PRIVILEGED                                         setup.obs
119  PROCESS_INFORMATION                                setup.obs
120  PRODUCT_GUID                                       iswi.obl(HelperFuncs.obs)
121  PROGRAMFILES                                       iswi.obl(HelperFuncs.obs)
122  PROGRAMFILES64                                     iswi.obl(HelperFuncs.obs)
123  PersonalFolder                                     iswi.obl(DebugSymbolsConv.obs)
124  PrintHoodFolder                                    iswi.obl(DebugSymbolsConv.obs)
125  ProgramFiles64Folder                               iswi.obl(DebugSymbolsConv.obs)
126  ProgramFilesFolder                                 iswi.obl(DebugSymbolsConv.obs)
127  ProgramMenuFolder                                  iswi.obl(DebugSymbolsConv.obs)
128  RECT                                               setup.obs
129  REGDB_OPTIONS                                      setup.obs
130  REMOVEALLMODE                                      iswi.obl(HelperFuncs.obs)
131  REMOVEONLY                                         iswi.obl(HelperFuncs.obs)
132  Reboot                                             setup.obs
133  RecentFolder                                       iswi.obl(DebugSymbolsConv.obs)
134  SELECTED_LANGUAGE                                  iswi.obl(HelperFuncs.obs)
135  SERVICE_IS_PARAMS                                  setup.obs
136  SETUPTYPE_STR_COMPACT                              setup.obs
137  SETUPTYPE_STR_COMPLETE                             setup.obs
138  SETUPTYPE_STR_CUSTOM                               setup.obs
139  SETUPTYPE_STR_TYPICAL                              setup.obs
140  SHELL_OBJECT_FOLDER                                setup.obs
141  SHOW_PASSWORD_DIALOG                               iswi.obl(HelperFuncs.obs)
142  SRCDIR                                             setup.obs
143  SRCDISK                                            iswi.obl(HelperFuncs.obs)
144  STARTUPINFO                                        setup.obs
145  SUPPORTDIR                                         iswi.obl(HelperFuncs.obs)
146  SYSTEMTIME                                         setup.obs
147  SYSTEMTIME2                                        iswi.obl(ErrHandler.obs)
148  SendToFolder                                       iswi.obl(DebugSymbolsConv.obs)
149  SetupInfo                                          setup.obs
150  SourceDir                                          iswi.obl(DebugSymbolsConv.obs)
151  StartMenuFolder                                    iswi.obl(DebugSymbolsConv.obs)
152  StartupFolder                                      iswi.obl(DebugSymbolsConv.obs)
153  StatusDlg                                          setup.obs
154  System16Folder                                     iswi.obl(DebugSymbolsConv.obs)
155  System64Folder                                     iswi.obl(DebugSymbolsConv.obs)
156  SystemFolder                                       iswi.obl(DebugSymbolsConv.obs)
157  TARGETDIR                                          setup.obs
158  TARGETDISK                                         iswi.obl(HelperFuncs.obs)
159  TempFolder                                         iswi.obl(DebugSymbolsConv.obs)
160  TemplateFolder                                     iswi.obl(DebugSymbolsConv.obs)
161  TextSub                                            setup.obs
162  UNINST                                             setup.obs
163  UNINSTALLKEY                                       setup.obs
164  UNINSTALL_DISPLAYNAME                              setup.obs
165  UNINSTALL_STRING                                   setup.obs
166  UPDATEMODE                                         setup.obs
167  WINDIR                                             iswi.obl(HelperFuncs.obs)
168  WINDISK                                            iswi.obl(HelperFuncs.obs)
169  WINSYSDIR                                          iswi.obl(HelperFuncs.obs)
170  WINSYSDIR64                                        iswi.obl(HelperFuncs.obs)
171  WINSYSDISK                                         iswi.obl(HelperFuncs.obs)
172  WindowsFolder                                      iswi.obl(DebugSymbolsConv.obs)
173  WindowsVolume                                      iswi.obl(DebugSymbolsConv.obs)
174  _INT64                                             setup.obs
175  _LAAW_PARAMETERS                                   setup.obs
176  _LAAW_TEMP_DATA                                    isrt.obl(Extend.obs)
177  _RESTOREINFO_                                      setup.obs
178  _RESTOREPTINFO                                     setup.obs
179  _SERVICE_IS_PARAMS                                 setup.obs
180  _SMGRSTATUS                                        setup.obs
181  _SMGSTATUS_                                        setup.obs
182  _WIN9X                                             setup.obs
183  _WINNT                                             setup.obs
184  __SYSTEMINFORMATION                                setup.obs
185  __SYSTEMPROCESSORINFORMATION                       setup.obs
186  __gbAliasingOff                                    iswi.obl(CompHelperFuncs.obs)
187  __gbCheckForUpdate                                 iswi.obl(CompHelperFuncs.obs)
188  __gbCheckUpdateReboot                              iswi.obl(CompHelperFuncs.obs)
189  __gbGetTarget                                      iswi.obl(CompHelperFuncs.obs)
190  __gbInitialized                                    iswi.obl(CompHelperFuncs.obs)
191  __gbInstallInfo                                    setup.obs
192  __gbMaintenance                                    iswi.obl(CompHelperFuncs.obs)
193  __gbReopening                                      iswi.obl(CompHelperFuncs.obs)
194  __ghActiveDataBase                                 iswi.obl(CompHelperFuncs.obs)
195  __ghErrFileHandle                                  iswi.obl(CompHelperFuncs.obs)
196  __ghMsiInstall                                     iswi.obl(CompHelperFuncs.obs)
197  __gnButtonSelected                                 iswi.obl(CompHelperFuncs.obs)
198  __gnLastError                                      iswi.obl(CompHelperFuncs.obs)
199  __gnMsiReturn                                      iswi.obl(CompHelperFuncs.obs)
200  __gnOSMask                                         iswi.obl(CompHelperFuncs.obs)
201  __gnScriptMode                                     iswi.obl(CompHelperFuncs.obs)
202  __goISDriver                                       iswi.obl(CompHelperFuncs.obs)
203  __goLanguageFilter                                 iswi.obl(CompHelperFuncs.obs)
204  __goMsiServer                                      iswi.obl(CompHelperFuncs.obs)
205  __gsINSTALLDIR                                     iswi.obl(CompHelperFuncs.obs)
206  __gsProductGuid                                    iswi.obl(CompHelperFuncs.obs)
207  __gsSourceDir                                      iswi.obl(CompHelperFuncs.obs)
208  __hContext                                         iswi.obl(CompHelperFuncs.obs)
209  __objGlobalTextSub                                 setup.obs
210  __objStringTable                                   iswi.obl(ISWiInit.obs)
211  __szGUID                                           isrt.obl(ISRTInit.obs)
212  bBackButton                                        setup.obs
213  bCancelButton                                      setup.obs
214  bEnterDiskBeep                                     iswi.obl(AdminAskPath.obs)
215  bFinishButton                                      setup.obs
216  bIfxPCHInitialized                                 setup.obs
217  bIfxPCHOn                                          setup.obs
218  bInstall16                                         setup.obs
219  bNextButton                                        setup.obs
220  bSdInit                                            setup.obs
221  bViewCmptKunits                                    setup.obs
222  bViewCmptUseDecimal                                setup.obs
223  g_bSuppressMissingStringWarning                    iswi.obl(DriverConv.obs)
224  nIfxPCHType                                        setup.obs
225  szAppKey                                           setup.obs
226  szSdProduct                                        setup.obs
227  szSdStr_NotEnoughSpace                             setup.obs
