***** External Functions *****
1    AddAppName                                         setup.obs
2    AdminAskPath                                       iswi.obl(AdminAskPath.obs)
3    AllFeaturesDeselected                              iswi.obl(CompHelperFuncs.obs)
4    CHECK_RETURN                                       iswi.obl(ErrHandler.obs)
5    ChangeDirectory                                    isrt.obl(Files.obs)
6    CheckVirtDirExists                                 setup.obs
7    CheckWebSite                                       setup.obs
8    CloseFile                                          isrt.obl(Files.obs)
9    CmdGetHwndDlg                                      isrt.obl(CustomDialog.obs)
10   CoCreateObject                                     isrt.obl(Misc.obs)
11   CoGetObject                                        isrt.obl(Misc.obs)
12   ComponentCompareSizeRequired                       isrt.obl(component.obs)
13   ComponentErrorInfo                                 isrt.obl(component.obs)
14   ComponentGetData                                   isrt.obl(component.obs)
15   ComponentGetTotalCost                              isrt.obl(component.obs)
16   ComponentIsItemSelected                            isrt.obl(component.obs)
17   ComponentListItems                                 isrt.obl(component.obs)
18   ComponentReinstall                                 isrt.obl(component.obs)
19   ComponentRemoveAll                                 isrt.obl(component.obs)
20   ComponentSaveTarget                                isrt.obl(component.obs)
21   ComponentSelectItem                                isrt.obl(component.obs)
22   ComponentTransferData                              isrt.obl(component.obs)
23   ComponentTreeInit                                  isrt.obl(Dialogs.obs)
24   ConfigFileLoad                                     isrt.obl(Config.obs)
25   ConfigFileSave                                     isrt.obl(Config.obs)
26   CreateDir                                          isrt.obl(Files.obs)
27   CreateFile                                         isrt.obl(Files.obs)
28   CreateInstallationInfo                             isrt.obl(Registry.obs)
29   CtrlGetNotificationCode                            isrt.obl(CustomDialog.obs)
30   CtrlGetState                                       isrt.obl(CustomDialog.obs)
31   CtrlGetSubCommand                                  isrt.obl(CustomDialog.obs)
32   CtrlGetText                                        isrt.obl(CustomDialog.obs)
33   CtrlSelectText                                     isrt.obl(CustomDialog.obs)
34   CtrlSetList                                        isrt.obl(CustomDialog.obs)
35   CtrlSetMLEText                                     isrt.obl(CustomDialog.obs)
36   CtrlSetState                                       isrt.obl(CustomDialog.obs)
37   CtrlSetText                                        isrt.obl(CustomDialog.obs)
38   DefineDialog                                       isrt.obl(CustomDialog.obs)
39   DeleteFile                                         isrt.obl(Files.obs)
40   DeleteSingleFile                                   isrt.obl(Files.obs)
41   DialogSetDefaultFont                               isrt.obl(Dialogs.obs)
42   DialogSetFont                                      isrt.obl(Dialogs.obs)
43   DialogSetInfo                                      isrt.obl(Dialogs.obs)
44   Disable                                            isrt.obl(Enable.obs)
45   DllSizeOf                                          isrt.obl(Str.obs)
46   Do                                                 isrt.obl(Misc.obs)
47   EditUDL                                            setup.obs
48   Enable                                             isrt.obl(Enable.obs)
49   EndCurrentDialog                                   isrt.obl(Dialogs.obs)
50   EndDialog                                          isrt.obl(CustomDialog.obs)
51   ExistsDir                                          isrt.obl(Files.obs)
52   EzDefineDialog                                     isrt.obl(CustomDialog.obs)
53   FeatureCompareSizeRequired                         iswi.obl(FeatureConv.obs)
54   FeatureErrorInfo                                   iswi.obl(ComponentConv.obs)
55   FeatureFilterLanguage                              iswi.obl(ComponentConv.obs)
56   FeatureFilterOS                                    iswi.obl(ComponentConv.obs)
57   FeatureGetData                                     iswi.obl(ComponentConv.obs)
58   FeatureGetTotalCost                                iswi.obl(FeatureConv.obs)
59   FeatureIsItemSelected                              iswi.obl(ComponentConv.obs)
60   FeatureListItems                                   iswi.obl(ComponentConv.obs)
61   FeatureReinstall                                   iswi.obl(ComponentConv.obs)
62   FeatureRemoveAll                                   iswi.obl(ComponentConv.obs)
63   FeatureSaveTarget                                  iswi.obl(FeatureConv.obs)
64   FeatureSelectItem                                  iswi.obl(ComponentConv.obs)
65   FeatureSetupTypeSet                                iswi.obl(ComponentConv.obs)
66   FeatureStandardSetupTypeSet                        iswi.obl(FeatureConv.obs)
67   FeatureTransferData                                iswi.obl(ComponentConv.obs)
68   FeaturesInstalled                                  iswi.obl(FileTransferFuncsConv.obs)
69   FeaturesInstalling                                 iswi.obl(FileTransferFuncsConv.obs)
70   FileDeleteLine                                     isrt.obl(Files.obs)
71   FileGrep                                           isrt.obl(Files.obs)
72   FindFile                                           isrt.obl(Files.obs)
73   FindWindow                                         isrt.obl(Misc.obs)
74   FixUpCmdLine                                       iswi.obl(HelperFuncs.obs)
75   FixUpCmdLinePostReboot                             iswi.obl(HelperFuncs.obs)
76   FormatMessage                                      isrt.obl(Misc.obs)
77   GDI32.CreateRectRgn                                setup.obs
78   GDI32.GetDeviceCaps                                setup.obs
79   GeneratedMSIScript                                 iswi.obl(FileTransferFuncsConv.obs)
80   GeneratingMSIScript                                iswi.obl(FileTransferFuncsConv.obs)
81   GetBasicMSI                                        isrt.obl(SysVars.obs)
82   GetBillboard                                       isrt.obl(SysVars.obs)
83   GetCommonFiles                                     isrt.obl(SysVars.obs)
84   GetComponentsFeatures                              iswi.obl(CompHelperFuncs.obs)
85   GetCurrentDialogName                               isrt.obl(Dialogs.obs)
86   GetCurrentDir                                      isrt.obl(Files.obs)
87   GetDialogTitle                                     isrt.obl(Dialogs.obs)
88   GetDir                                             isrt.obl(Str.obs)
89   GetDisk                                            isrt.obl(Str.obs)
90   GetDisk1SetupExeName                               isrt.obl(SysVars.obs)
91   GetDiskSpace                                       isrt.obl(GSI.obs)
92   GetDiskSpaceEx                                     isrt.obl(GSI.obs)
93   GetEnabledIServices                                isrt.obl(SysVars.obs)
94   GetExtents                                         isrt.obl(GSI.obs)
95   GetFolderApplications                              isrt.obl(SysVars.obs)
96   GetFolderApplications64                            isrt.obl(SysVars.obs)
97   GetFolderDotNet10                                  isrt.obl(SysVars.obs)
98   GetFolderDotNet11                                  isrt.obl(SysVars.obs)
99   GetFolderDotNet20                                  isrt.obl(SysVars.obs)
100  GetISRes                                           isrt.obl(SysVars.obs)
101  GetKeyPathWinCurrVerAuto                           isrt.obl(SysVars.obs)
102  GetLog                                             isrt.obl(SysVars.obs)
103  GetMSIFeatureName                                  iswi.obl(CompHelperFuncs.obs)
104  GetMaintenance                                     iswi.obl(ISWiInit.obs)
105  GetMsiFeaturePath                                  iswi.obl(CompHelperFuncs.obs)
106  GetMsiNameFromAliasTable                           iswi.obl(CompHelperFuncs.obs)
107  GetOpenFileMode                                    isrt.obl(Files.obs)
108  GetPackageLocation                                 isrt.obl(SysVars.obs)
109  GetProductGUID                                     iswi.obl(ISWiInit.obs)
110  GetProfSectionKeyCount                             isrt.obl(Profile.obs)
111  GetProfString                                      isrt.obl(Profile.obs)
112  GetProfStringList                                  isrt.obl(Profile.obs)
113  GetRemoveAllMode                                   isrt.obl(SysVars.obs)
114  GetRemoveOnly                                      isrt.obl(SysVars.obs)
115  GetSelectedLanguage                                isrt.obl(SysVars.obs)
116  GetSelectedTreeComponent                           isrt.obl(CmptView.obs)
117  GetSupportDir                                      isrt.obl(SysVars.obs)
118  GetSystemInfo                                      isrt.obl(GSI.obs)
119  GetTempFolder                                      isrt.obl(SysVars.obs)
120  GetUpdateStatus                                    iswi.obl(HelperFuncs.obs)
121  GetUpdateStatusReboot                              iswi.obl(HelperFuncs.obs)
122  GetUserSelectableAuto                              isrt.obl(SysVars.obs)
123  GetValidDrivesList                                 isrt.obl(GSI.obs)
124  GetWinDir                                          isrt.obl(SysVars.obs)
125  GetWinDisk                                         isrt.obl(SysVars.obs)
126  GetWinSysDir                                       isrt.obl(SysVars.obs)
127  GetWindowHandle                                    iswi.obl(MiscConv.obs)
128  HIWORD                                             isrt.obl(Misc.obs)
129  ISDeterminePlatform                                isrt.obl(OsInfo.obs)
130  ISMIF32.InstallStatusMIF                           isrt.obl(MIF.obs)
131  ISRT.ComponentViewSetInfoEx                        isrt.obl(Dialogs.obs)
132  ISRT.EnableHourGlass                               isrt.obl(Enable.obs)
133  ISRT.GetCPUType                                    isrt.obl(GSI.obs)
134  ISRT.GetFontSub                                    isrt.obl(Dialogs.obs)
135  ISRT.GetHandle                                     setup.obs
136  ISRT.GetPorts                                      isrt.obl(GSI.obs)
137  ISRT.IsEmpty                                       setup.obs
138  ISRT.IsNTAdmin                                     isrt.obl(Is.obs)
139  ISRT.IsObject                                      setup.obs
140  ISRT.IsPowerUser                                   isrt.obl(Is.obs)
141  ISRT.LangLoadString                                isrt.obl(SDINT.obs)
142  ISRT.MessageBeepP                                  setup.obs
143  ISRT.PathCompactPathPixel                          isrt.obl(CustomDialog.obs)
144  ISRT.PathGetDir                                    isrt.obl(Str.obs)
145  ISRT.PathGetDrive                                  isrt.obl(Str.obs)
146  ISRT.PathGetFile                                   isrt.obl(Files.obs)
147  ISRT.PathGetFileExt                                isrt.obl(Str.obs)
148  ISRT.PathGetFileName                               isrt.obl(Str.obs)
149  ISRT.PathGetLongFromShort                          isrt.obl(Str.obs)
150  ISRT.PathGetPath                                   isrt.obl(Str.obs)
151  ISRT.PathIsValidSyntax                             isrt.obl(Is.obs)
152  ISRT.VerGetFileVersion                             setup.obs
153  ISRT._BrowseForFolder                              isrt.obl(SelectDir.obs)
154  ISRT._CloseFile                                    isrt.obl(Files.obs)
155  ISRT._CmdGetHwndDlg                                isrt.obl(CustomDialog.obs)
156  ISRT._CoGetObject                                  isrt.obl(Misc.obs)
157  ISRT._CompareDWORD                                 isrt.obl(Extend.obs)
158  ISRT._ComponentCompareSizeRequired                 iswi.obl(FeatureConv.obs)
159  ISRT._ComponentGetTotalCost                        iswi.obl(FeatureConv.obs)
160  ISRT._ComponentGetTotalCostEx                      isrt.obl(SdComponentTreeDlg.obs)
161  ISRT._ComponentSaveTarget                          iswi.obl(FeatureConv.obs)
162  ISRT._CreateDir                                    isrt.obl(Files.obs)
163  ISRT._CreateObject                                 isrt.obl(Misc.obs)
164  ISRT._CtrlGetNotificationCode                      isrt.obl(CustomDialog.obs)
165  ISRT._CtrlGetSubCommand                            isrt.obl(CustomDialog.obs)
166  ISRT._CtrlSetMLERichText                           isrt.obl(CustomDialog.obs)
167  ISRT._DefineDialog                                 isrt.obl(CustomDialog.obs)
168  ISRT._DialogSetFont                                isrt.obl(Dialogs.obs)
169  ISRT._DisableStatus                                isrt.obl(Enable.obs)
170  ISRT._DoSprintf                                    iswi.obl(HelperFuncs.obs)
171  ISRT._EnableDialogCache                            isrt.obl(Enable.obs)
172  ISRT._EnablePrevDialog                             iswi.obl(AdminAskPath.obs)
173  ISRT._EnableSkins                                  isrt.obl(Enable.obs)
174  ISRT._EnableStatus                                 isrt.obl(Enable.obs)
175  ISRT._EnableWow64FsRedirection                     isrt.obl(Enable.obs)
176  ISRT._EndDialog                                    isrt.obl(CustomDialog.obs)
177  ISRT._ExistsDir                                    isrt.obl(Files.obs)
178  ISRT._ExistsFile                                   isrt.obl(Files.obs)
179  ISRT._GetCurrentDialogName                         isrt.obl(Dialogs.obs)
180  ISRT._GetDiskSpaceEx                               isrt.obl(GSI.obs)
181  ISRT._GetDiskSpaceExEx                             isrt.obl(SdComponentTreeDlg.obs)
182  ISRT._GetGlobalMemorySize                          isrt.obl(GSI.obs)
183  ISRT._GetProcessorInfo                             isrt.obl(OsInfo.obs)
184  ISRT._GetRunningChildProcess                       isrt.obl(Extend.obs)
185  ISRT._GetSelectedTreeComponent                     isrt.obl(CmptView.obs)
186  ISRT._GetSupportDir                                isrt.obl(SysVars.obs)
187  ISRT._IsFontTypefaceNameAvailable                  isrt.obl(Is.obs)
188  ISRT._IsInAdminGroup                               isrt.obl(Is.obs)
189  ISRT._IsSkinLoaded                                 isrt.obl(Is.obs)
190  ISRT._IsWindowsME                                  isrt.obl(GSI.obs)
191  ISRT._IsWow64                                      isrt.obl(OsInfo.obs)
192  ISRT._ListAddItem                                  isrt.obl(scrlist.obs)
193  ISRT._ListAddString                                isrt.obl(scrlist.obs)
194  ISRT._ListCount                                    isrt.obl(scrlist.obs)
195  ISRT._ListCreate                                   isrt.obl(scrlist.obs)
196  ISRT._ListCurrentString                            isrt.obl(scrlist.obs)
197  ISRT._ListDeleteItem                               isrt.obl(scrlist.obs)
198  ISRT._ListDeleteString                             isrt.obl(scrlist.obs)
199  ISRT._ListDestroy                                  isrt.obl(scrlist.obs)
200  ISRT._ListFindString                               isrt.obl(scrlist.obs)
201  ISRT._ListGetFirstItem                             isrt.obl(scrlist.obs)
202  ISRT._ListGetFirstString                           isrt.obl(scrlist.obs)
203  ISRT._ListGetNextItem                              isrt.obl(scrlist.obs)
204  ISRT._ListGetNextString                            isrt.obl(scrlist.obs)
205  ISRT._ListGetType                                  isrt.obl(scrlist.obs)
206  ISRT._ListReadFromFile                             isrt.obl(scrlist.obs)
207  ISRT._ListSetIndex                                 isrt.obl(scrlist.obs)
208  ISRT._ListWriteToFile                              isrt.obl(scrlist.obs)
209  ISRT._MediaGetInfo                                 iswi.obl(FeatureConv.obs)
210  ISRT._OpenFile                                     isrt.obl(Files.obs)
211  ISRT._Preprogram                                   setup.obs
212  ISRT._RegCreateKey                                 isrt.obl(Registry.obs)
213  ISRT._RegEnableTextSubs                            isrt.obl(Enable.obs)
214  ISRT._RegEnum                                      isrt.obl(Registry.obs)
215  ISRT._RegGetOptions                                isrt.obl(SysVars.obs)
216  ISRT._RegIsRemoteRegConnected                      isrt.obl(Is.obs)
217  ISRT._RegQueryKeyBinaryValue                       isrt.obl(Registry.obs)
218  ISRT._RegQueryKeyValue                             isrt.obl(Registry.obs)
219  ISRT._RegSetKeyBinaryValue                         isrt.obl(Registry.obs)
220  ISRT._RegSetKeyValue                               isrt.obl(Registry.obs)
221  ISRT._RegSetOptions                                isrt.obl(SysVars.obs)
222  ISRT._ReleaseDialog                                isrt.obl(CustomDialog.obs)
223  ISRT._SdShowMsg                                    isrt.obl(SDSMSG.obs)
224  ISRT._SetAltMainImage                              isrt.obl(Dialogs.obs)
225  ISRT._SetDisplayEffect                             isrt.obl(ui.obs)
226  ISRT._SetSilentSdShowMsg                           isrt.obl(Enable.obs)
227  ISRT._SetTitle                                     isrt.obl(ui.obs)
228  ISRT._SetupTraceWrite                              isrt.obl(Misc.obs)
229  ISRT._TreeViewCreate                               isrt.obl(CmptView.obs)
230  ISRT._WaitOnDialog                                 isrt.obl(CustomDialog.obs)
231  ISRT._WriteLine                                    isrt.obl(Files.obs)
232  ISRT.__CreateObjectContext                         isrt.obl(ISRTInit.obs)
233  ISRT.__GetCmdLineOptions                           isrt.obl(ISRTInit.obs)
234  ISRT.__GetContextGUID                              isrt.obl(ISRTInit.obs)
235  ISRT.__GetEnabledIServices                         isrt.obl(SysVars.obs)
236  ISRT.__GetFileRegistrar                            isrt.obl(ISRTInit.obs)
237  ISRT.__GetISMSIStringTableObj                      iswi.obl(ISWiInit.obs)
238  ISRT.__GetInfo                                     isrt.obl(ISRTInit.obs)
239  ISRT.__GetInstallGuid                              isrt.obl(SysVars.obs)
240  ISRT.__GetLog                                      isrt.obl(SysVars.obs)
241  ISRT.__GetLogDB                                    isrt.obl(ISRTInit.obs)
242  ISRT.__GetMainWindow                               setup.obs
243  ISRT.__GetMaintOption                              isrt.obl(SysVars.obs)
244  ISRT.__GetMaintenanceMode                          isrt.obl(SysVars.obs)
245  ISRT.__GetObjects                                  isrt.obl(ISRTInit.obs)
246  ISRT.__GetProductGuid                              isrt.obl(SysVars.obs)
247  ISRT.__GetProgress                                 setup.obs
248  ISRT.__GetReboot                                   isrt.obl(ISRTInit.obs)
249  ISRT.__GetRemoveAllMode                            isrt.obl(SysVars.obs)
250  ISRT.__GetTextSub                                  isrt.obl(ISRTInit.obs)
251  ISRT.__GetUpdateMode                               isrt.obl(SysVars.obs)
252  ISRT.__PutEnabledIServices                         isrt.obl(Enable.obs)
253  ISRT.__ReleaseObjectContext                        isrt.obl(ISRTInit.obs)
254  ISRT.__RestoreMainLog                              isrt.obl(ISRTInit.obs)
255  ISRT.__RestoreMainLogEx                            isrt.obl(ISRTInit.obs)
256  ISRT.__SetComponentLog                             isrt.obl(ISRTInit.obs)
257  ISRT.__SetUpdateMode                               isrt.obl(SysVars.obs)
258  ISRTHandleScriptException                          isrt.obl(Misc.obs)
259  ISRTPreprogram                                     isrt.obl(Driver.obs)
260  ISWIOnAppSearch                                    iswi.obl(DriverConv.obs)
261  ISWIOnCCPSearch                                    iswi.obl(DriverConv.obs)
262  ISWIOnExitInstall                                  iswi.obl(DriverConv.obs)
263  ISWIOnFirstUIAfter                                 iswi.obl(DriverConv.obs)
264  ISWIOnFirstUIBefore                                iswi.obl(DriverConv.obs)
265  ISWIOnInitInstall                                  iswi.obl(DriverConv.obs)
266  ISWIOnMaintUIAfter                                 iswi.obl(DriverConv.obs)
267  ISWIOnMaintUIBefore                                iswi.obl(DriverConv.obs)
268  ISWIOnMoveData                                     iswi.obl(DriverConv.obs)
269  ISWIOnResumeUIAfter                                iswi.obl(DriverConv.obs)
270  ISWIOnResumeUIBefore                               iswi.obl(DriverConv.obs)
271  ISWIPCRestoreAfter                                 iswi.obl(DriverConv.obs)
272  ISWIPCRestoreBefore                                iswi.obl(DriverConv.obs)
273  ISWIPostprogram                                    iswi.obl(DriverConv.obs)
274  ISWIPreprogram                                     iswi.obl(DriverConv.obs)
275  InstallFilesActionAfter                            iswi.obl(FileTransferFuncsConv.obs)
276  InstallFilesActionBefore                           iswi.obl(FileTransferFuncsConv.obs)
277  Is                                                 isrt.obl(Is.obs)
278  IsTestSetup                                        iswi.obl(HelperFuncs.obs)
279  KERNEL.GetModuleHandle                             setup.obs
280  KERNEL32.CloseHandle                               setup.obs
281  KERNEL32.CopyFileA                                 setup.obs
282  KERNEL32.CreateFileA                               setup.obs
283  KERNEL32.CreateProcess                             setup.obs
284  KERNEL32.DeleteFileA                               setup.obs
285  KERNEL32.FindClose                                 setup.obs
286  KERNEL32.FindFirstFileA                            setup.obs
287  KERNEL32.FindNextFileA                             setup.obs
288  KERNEL32.FormatMessageA                            setup.obs
289  KERNEL32.FreeLibrary                               setup.obs
290  KERNEL32.GetCurrentDirectoryA                      setup.obs
291  KERNEL32.GetDriveType                              setup.obs
292  KERNEL32.GetExitCodeProcess                        setup.obs
293  KERNEL32.GetFileAttributesA                        setup.obs
294  KERNEL32.GetLocalTime                              setup.obs
295  KERNEL32.GetLocaleInfo                             setup.obs
296  KERNEL32.GetPrivateProfileSectionA                 setup.obs
297  KERNEL32.GetPrivateProfileString                   setup.obs
298  KERNEL32.GetPrivateProfileStringA                  setup.obs
299  KERNEL32.GetProcAddress                            setup.obs
300  KERNEL32.GetProcessId                              setup.obs
301  KERNEL32.GetProfileSectionA                        setup.obs
302  KERNEL32.GetProfileStringA                         setup.obs
303  KERNEL32.GetShortPathNameA                         setup.obs
304  KERNEL32.GetSystemDefaultLCID                      setup.obs
305  KERNEL32.GetSystemDefaultLangID                    setup.obs
306  KERNEL32.GetSystemDefaultUILanguage                setup.obs
307  KERNEL32.GetTickCount                              setup.obs
308  KERNEL32.GetUserDefaultLangID                      setup.obs
309  KERNEL32.GetVersion                                setup.obs
310  KERNEL32.GetVersionEx                              setup.obs
311  KERNEL32.GetVolumeInformation                      setup.obs
312  KERNEL32.GetWindowsDirectory                       setup.obs
313  KERNEL32.LoadLibraryA                              setup.obs
314  KERNEL32.MoveFileA                                 setup.obs
315  KERNEL32.SetCurrentDirectoryA                      setup.obs
316  KERNEL32.SetFileAttributesA                        setup.obs
317  KERNEL32.WritePrivateProfileSectionA               setup.obs
318  KERNEL32.WritePrivateProfileString                 setup.obs
319  KERNEL32.WritePrivateProfileStringA                setup.obs
320  KERNEL32.WriteProfileSectionA                      setup.obs
321  KERNEL32.WriteProfileStringA                       setup.obs
322  KERNEL32.lstrlen                                   setup.obs
323  Kernel32.GetModuleHandleA                          iswi.obl(ComponentConv.obs)
324  Kernel32.MoveFile                                  setup.obs
325  LOWORD                                             isrt.obl(Misc.obs)
326  LaunchAgent                                        iswi.obl(HelperFuncs.obs)
327  LaunchApp                                          isrt.obl(Extend.obs)
328  LaunchAppAndWait                                   isrt.obl(Extend.obs)
329  LaunchAppAndWaitInitStartupInfo                    isrt.obl(Extend.obs)
330  LaunchApplication                                  isrt.obl(Extend.obs)
331  LaunchApplicationInit                              isrt.obl(Extend.obs)
332  LaunchReadMe                                       setup.obs
333  ListAddItem                                        isrt.obl(scrlist.obs)
334  ListAddString                                      isrt.obl(scrlist.obs)
335  ListCount                                          isrt.obl(scrlist.obs)
336  ListCreate                                         isrt.obl(scrlist.obs)
337  ListCurrentString                                  isrt.obl(scrlist.obs)
338  ListDeleteItem                                     isrt.obl(scrlist.obs)
339  ListDeleteString                                   isrt.obl(scrlist.obs)
340  ListDestroy                                        isrt.obl(scrlist.obs)
341  ListFindString                                     isrt.obl(scrlist.obs)
342  ListGetFirstItem                                   isrt.obl(scrlist.obs)
343  ListGetFirstString                                 isrt.obl(scrlist.obs)
344  ListGetLastString                                  iswi.obl(CompHelperFuncs.obs)
345  ListGetNextItem                                    isrt.obl(scrlist.obs)
346  ListGetNextString                                  isrt.obl(scrlist.obs)
347  ListGetType                                        isrt.obl(scrlist.obs)
348  ListReadFromFile                                   isrt.obl(scrlist.obs)
349  ListSetIndex                                       isrt.obl(scrlist.obs)
350  ListValid                                          isrt.obl(scrlist.obs)
351  ListValidType                                      isrt.obl(scrlist.obs)
352  ListWriteToFile                                    isrt.obl(scrlist.obs)
353  ListWriteToFileEx                                  isrt.obl(scrlist.obs)
354  LoadStringFromStringTable                          iswi.obl(ISWiInit.obs)
355  LongPathFromShortPath                              isrt.obl(Str.obs)
356  LongPathToQuote                                    isrt.obl(Str.obs)
357  LongPathToShortPath                                isrt.obl(Str.obs)
358  MAKELONG                                           isrt.obl(Misc.obs)
359  MIFCreateMIFFile                                   isrt.obl(MIF.obs)
360  MIFDeleteMIFFile                                   isrt.obl(MIF.obs)
361  MIFInitialize                                      isrt.obl(MIF.obs)
362  MIFSetInformation                                  isrt.obl(MIF.obs)
363  MIFUnInitialize                                    isrt.obl(MIF.obs)
364  MIFWasSetInformationCalled                         isrt.obl(MIF.obs)
365  MediaGetDataEx                                     iswi.obl(FeatureConv.obs)
366  MessageBeep                                        isrt.obl(Misc.obs)
367  MessageBox                                         isrt.obl(MsgBox.obs)
368  MessageBoxEx                                       isrt.obl(MsgBox.obs)
369  MoveFolder                                         setup.obs
370  Moved                                              iswi.obl(FileTransferFuncsConv.obs)
371  Moving                                             iswi.obl(FileTransferFuncsConv.obs)
372  MsiCloseHandle                                     iswi.obl(MsiFuncsConv.obs)
373  MsiCreateRecord                                    iswi.obl(MsiFuncsConv.obs)
374  MsiDatabaseOpenView                                iswi.obl(MsiFuncsConv.obs)
375  MsiDoAction                                        iswi.obl(MsiFuncsConv.obs)
376  MsiGetActiveDatabase                               iswi.obl(MsiFuncsConv.obs)
377  MsiGetProperty                                     iswi.obl(MsiFuncsConv.obs)
378  MsiGetPropertyIS                                   iswi.obl(MsiFuncsConv.obs)
379  MsiGetSourcePath                                   iswi.obl(MsiFuncsConv.obs)
380  MsiGetTargetPath                                   iswi.obl(MsiFuncsConv.obs)
381  MsiInstallProduct                                  iswi.obl(MsiFuncsConv.obs)
382  MsiProcessMessage                                  iswi.obl(MsiFuncsConv.obs)
383  MsiQueryFeatureState                               iswi.obl(MsiFuncsConv.obs)
384  MsiRecordGetInteger                                iswi.obl(MsiFuncsConv.obs)
385  MsiRecordGetString                                 iswi.obl(MsiFuncsConv.obs)
386  MsiRecordSetString                                 iswi.obl(MsiFuncsConv.obs)
387  MsiSetProperty                                     iswi.obl(MsiFuncsConv.obs)
388  MsiSetTargetPath                                   iswi.obl(MsiFuncsConv.obs)
389  MsiViewExecute                                     iswi.obl(MsiFuncsConv.obs)
390  MsiViewFetch                                       iswi.obl(MsiFuncsConv.obs)
391  MyFunction                                         setup.obs
392  OnAbort                                            iswi.obl(DriverConv.obs)
393  OnAction                                           iswi.obl(ISWiInit.obs)
394  OnAdminInstallUIAfter                              iswi.obl(DriverConv.obs)
395  OnAdminInstallUIBefore                             iswi.obl(DriverConv.obs)
396  OnAdminPatchUIAfter                                iswi.obl(DriverConv.obs)
397  OnAdminPatchUIBefore                               iswi.obl(DriverConv.obs)
398  OnAdvertisementAfter                               iswi.obl(DriverConv.obs)
399  OnAdvertisementBefore                              iswi.obl(DriverConv.obs)
400  OnAppSearch                                        iswi.obl(DriverConv.obs)
401  OnBegin                                            iswi.obl(DriverConv.obs)
402  OnCCPSearch                                        iswi.obl(DriverConv.obs)
403  OnCanceling                                        iswi.obl(DriverConv.obs)
404  OnComponentError                                   iswi.obl(Exceptions.obs)
405  OnDIFxLogCallback                                  isrt.obl(ISDIFx.obs)
406  OnDIFxLogCallbackImpl                              isrt.obl(ISDIFx.obs)
407  OnEnd                                              iswi.obl(DriverConv.obs)
408  OnError                                            iswi.obl(DriverConv.obs)
409  OnException                                        iswi.obl(Exceptions.obs)
410  OnFeaturesInstalled                                iswi.obl(FileTransferFuncsConv.obs)
411  OnFeaturesInstalling                               iswi.obl(FileTransferFuncsConv.obs)
412  OnFileError                                        iswi.obl(Exceptions.obs)
413  OnFileLocked                                       iswi.obl(Exceptions.obs)
414  OnFileReadOnly                                     iswi.obl(Exceptions.obs)
415  OnFilesInUse                                       iswi.obl(DriverConv.obs)
416  OnFirstUIAfter                                     iswi.obl(DriverConv.obs)
417  OnFirstUIBefore                                    iswi.obl(DriverConv.obs)
418  OnGeneratedMSIScript                               iswi.obl(FileTransferFuncsConv.obs)
419  OnGeneratingMSIScript                              iswi.obl(FileTransferFuncsConv.obs)
420  OnHelp                                             iswi.obl(DriverConv.obs)
421  OnInstallFilesActionAfter                          iswi.obl(FileTransferFuncsConv.obs)
422  OnInstallFilesActionBefore                         iswi.obl(FileTransferFuncsConv.obs)
423  OnInternetError                                    iswi.obl(Exceptions.obs)
424  OnLaunchAppAndWaitCallback                         iswi.obl(DriverConv.obs)
425  OnLogonUserSetMsiProperties                        iswi.obl(DriverConv.obs)
426  OnMD5Error                                         iswi.obl(Exceptions.obs)
427  OnMaintUIAfter                                     iswi.obl(DriverConv.obs)
428  OnMaintUIBefore                                    iswi.obl(DriverConv.obs)
429  OnMaintenance                                      iswi.obl(DriverConv.obs)
430  OnMoved                                            iswi.obl(FileTransferFuncsConv.obs)
431  OnMoving                                           iswi.obl(FileTransferFuncsConv.obs)
432  OnMsiSilentInstall                                 iswi.obl(DriverConv.obs)
433  OnNetApiCreateUserAccountInternal                  isrt.obl(NetApiRT.obs)
434  OnNextDisk                                         iswi.obl(Exceptions.obs)
435  OnOutOfDiskSpace                                   iswi.obl(DriverConv.obs)
436  OnPatchUIAfter                                     iswi.obl(DriverConv.obs)
437  OnPatchUIBefore                                    iswi.obl(DriverConv.obs)
438  OnRMFilesInUse                                     iswi.obl(DriverConv.obs)
439  OnRebooted                                         iswi.obl(DriverConv.obs)
440  OnRemovingSharedFile                               iswi.obl(Exceptions.obs)
441  OnResolveSource                                    iswi.obl(DriverConv.obs)
442  OnResume                                           iswi.obl(DriverConv.obs)
443  OnResumeUIAfter                                    iswi.obl(DriverConv.obs)
444  OnResumeUIBefore                                   iswi.obl(DriverConv.obs)
445  OnSQLLogin                                         iswi.obl(DriverConv.obs)
446  OnSelfRegistrationError                            iswi.obl(Exceptions.obs)
447  OnUnhandledException                               iswi.obl(DriverConv.obs)
448  OnUninstall                                        iswi.obl(DriverConv.obs)
449  OnUpdateService                                    iswi.obl(DriverConv.obs)
450  OnWarning                                          iswi.obl(DriverConv.obs)
451  OpenFile                                           isrt.obl(Files.obs)
452  OpenFileMode                                       isrt.obl(Files.obs)
453  PCRestoreOnBegin                                   isrt.obl(PCRestore.obs)
454  ParsePath                                          isrt.obl(Str.obs)
455  PostShowComponentDlg                               iswi.obl(ISWiInit.obs)
456  Postprogram                                        iswi.obl(DriverConv.obs)
457  PreShowComponentDlg                                iswi.obl(ISWiInit.obs)
458  Preprogram                                         iswi.obl(DriverConv.obs)
459  PthFixPath                                         isrt.obl(Pth.obs)
460  PthIsAbsPath                                       isrt.obl(Pth.obs)
461  ReadRegValues                                      setup.obs
462  RebootNeeded                                       iswi.obl(FileTransferFuncsConv.obs)
463  RedirectMsiCloseHandle                             iswi.obl(RedirectedMsiFuncsConv.obs)
464  RedirectMsiCreateRecord                            iswi.obl(RedirectedMsiFuncsConv.obs)
465  RedirectMsiGetActiveDatabase                       iswi.obl(RedirectedMsiFuncsConv.obs)
466  RedirectMsiProcessMessage                          iswi.obl(RedirectedMsiFuncsConv.obs)
467  RedirectMsiRecordGetInteger                        iswi.obl(RedirectedMsiFuncsConv.obs)
468  RedirectMsiViewExecute                             iswi.obl(RedirectedMsiFuncsConv.obs)
469  RedirectMsiViewFetch                               iswi.obl(RedirectedMsiFuncsConv.obs)
470  RegDBGetDefaultRoot                                isrt.obl(SysVars.obs)
471  RegDBGetItem                                       isrt.obl(Registry.obs)
472  RegDBGetKeyValueEx                                 isrt.obl(Registry.obs)
473  RegDBQueryKey                                      isrt.obl(Registry.obs)
474  RegDBQueryKeyCount                                 isrt.obl(Registry.obs)
475  RegDBQueryStringMultiStringCount                   isrt.obl(Registry.obs)
476  RegDBQueryValue                                    isrt.obl(Registry.obs)
477  RegDBQueryValue32                                  isrt.obl(Registry.obs)
478  RegDBSetDefaultRoot                                isrt.obl(SysVars.obs)
479  RegDBSetKeyValueEx                                 isrt.obl(Registry.obs)
480  RegDBSetValue                                      isrt.obl(Registry.obs)
481  ReleaseDialog                                      isrt.obl(CustomDialog.obs)
482  RemoveAppName                                      setup.obs
483  RemoveSpaces                                       iswi.obl(HelperFuncs.obs)
484  RemoveVirtualDir                                   setup.obs
485  RenameFolder                                       setup.obs
486  ReplaceProfString                                  isrt.obl(Profile.obs)
487  ResolveShellObjectsFolder                          iswi.obl(CompHelperFuncs.obs)
488  SdAskDestPath                                      isrt.obl(SdAskDestPathDlg.obs)
489  SdCloseDlg                                         isrt.obl(SDINT.obs)
490  SdComponentDlgCheckSpace                           isrt.obl(SDINT.obs)
491  SdCustomerInformation                              iswi.obl(SdCustInfo.obs)
492  SdDlgToTop                                         isrt.obl(SDINT.obs)
493  SdDoStdButton                                      isrt.obl(SDINT.obs)
494  SdEnablement                                       isrt.obl(SDINT.obs)
495  SdError                                            isrt.obl(SDINT.obs)
496  SdFeatureTree                                      isrt.obl(SdComponentTreeDlg.obs)
497  SdFilesInUse                                       isrt.obl(SdFilesInUse.obs)
498  SdFinish                                           isrt.obl(SdFinishDlg.obs)
499  SdFinishEx                                         iswi.obl(SdFinishExConv.obs)
500  SdFinishReboot                                     isrt.obl(SdFinishRebootDlg.obs)
501  SdFinishUpdate                                     iswi.obl(SdFinishUpdate.obs)
502  SdFinishUpdateReboot                               iswi.obl(SdFinUpdateRebot.obs)
503  SdGeneralInit                                      isrt.obl(SDINT.obs)
504  SdInit                                             isrt.obl(SDINT.obs)
505  SdIsStdButton                                      isrt.obl(SDINT.obs)
506  SdLoadString                                       isrt.obl(SDINT.obs)
507  SdMakeName                                         isrt.obl(SDINT.obs)
508  SdOutOfDiskSpace                                   iswi.obl(SdDiskReqs.obs)
509  SdPatchWelcome                                     iswi.obl(SdPatchWel.obs)
510  SdPlugInProductName                                isrt.obl(SDINT.obs)
511  SdRMFilesInUse                                     isrt.obl(SdFilesInUse.obs)
512  SdSetDlgTitle                                      isrt.obl(SDINT.obs)
513  SdSetStatic                                        isrt.obl(SDINT.obs)
514  SdSetupCompleteError                               iswi.obl(SdSetupCompleteError.obs)
515  SdShowMsg                                          isrt.obl(SDSMSG.obs)
516  SdStartCopy                                        isrt.obl(SdStartCopyDlg.obs)
517  SdSubstituteProductInfo                            isrt.obl(SDINT.obs)
518  SdUnInit                                           isrt.obl(SDINT.obs)
519  SdWelcome                                          isrt.obl(SdWelcomeDlg.obs)
520  SdWelcomeMaint                                     isrt.obl(SdWelcomeMaintDlg.obs)
521  SelectDir                                          isrt.obl(SelectDir.obs)
522  SelectDirNoLog                                     isrt.obl(SelectDir.obs)
523  SendMessage                                        isrt.obl(Misc.obs)
524  ServiceInitParams                                  isrt.obl(Service.obs)
525  SetCmdLine                                         isrt.obl(SysVars.obs)
526  SetDIR                                             setup.obs
527  SetDisplayEffect                                   isrt.obl(ui.obs)
528  SetExtendedErrInfo                                 isrt.obl(IsUtil.obs)
529  SetGlobalVars                                      iswi.obl(ISWiInit.obs)
530  SetInstallationInfo                                isrt.obl(Registry.obs)
531  SetMifInformationOnly                              isrt.obl(Registry.obs)
532  SetTitle                                           isrt.obl(ui.obs)
533  SetUpdateStatus                                    iswi.obl(HelperFuncs.obs)
534  SetUpdateStatusReboot                              iswi.obl(HelperFuncs.obs)
535  SetupTraceWrite                                    isrt.obl(Misc.obs)
536  SetupType                                          isrt.obl(SetupTypeDlg.obs)
537  Shell32.ShellExecuteEx                             setup.obs
538  SilentDoGeneralInfo                                isrt.obl(Silent.obs)
539  SilentFailed                                       isrt.obl(Silent.obs)
540  SilentFinish                                       isrt.obl(Silent.obs)
541  SilentInit                                         isrt.obl(Silent.obs)
542  SilentReadData                                     isrt.obl(Silent.obs)
543  SilentSetInfo                                      isrt.obl(Silent.obs)
544  SilentSetMode                                      isrt.obl(Silent.obs)
545  SilentWriteData                                    isrt.obl(Silent.obs)
546  Sprintf                                            isrt.obl(Str.obs)
547  SprintfBox                                         isrt.obl(MsgBox.obs)
548  SprintfMsiLog                                      iswi.obl(HelperFuncs.obs)
549  StrAddLastSlash                                    isrt.obl(Str.obs)
550  StrConcatNullDelimitedStrings                      isrt.obl(Str.obs)
551  StrDelete                                          iswi.obl(HelperFuncs.obs)
552  StrFindEx                                          isrt.obl(Str.obs)
553  StrGetTokens                                       isrt.obl(Str.obs)
554  StrLength                                          isrt.obl(Str.obs)
555  StrPutTokens                                       isrt.obl(Str.obs)
556  StrRemoveLastSlash                                 isrt.obl(Str.obs)
557  StrRemoveSpaces                                    isrt.obl(Str.obs)
558  StrReplace                                         isrt.obl(Str.obs)
559  StrToNumHex                                        isrt.obl(Str.obs)
560  StrToUpper                                         isrt.obl(Str.obs)
561  SysVarsInit                                        isrt.obl(SysVars.obs)
562  SysVarsInitConv                                    iswi.obl(SysVarsConv.obs)
563  SysVarsTrace                                       isrt.obl(SysVars.obs)
564  SysVarsUnInit                                      iswi.obl(SysVarsConv.obs)
565  System                                             isrt.obl(Misc.obs)
566  TextSubGetValue                                    isrt.obl(TextSub.obs)
567  TextSubParseTextSub                                isrt.obl(TextSub.obs)
568  TextSubSetValue                                    isrt.obl(TextSub.obs)
569  TreeViewCreate                                     isrt.obl(CmptView.obs)
570  USER.EnableWindow                                  setup.obs
571  USER.GetClassName                                  setup.obs
572  USER.GetDC                                         setup.obs
573  USER.GetDlgItem                                    setup.obs
574  USER.GetFocus                                      setup.obs
575  USER.GetWindowLong                                 setup.obs
576  USER.IsIconic                                      setup.obs
577  USER.IsWindow                                      setup.obs
578  USER.IsWindowVisible                               setup.obs
579  USER.ReleaseDC                                     setup.obs
580  USER.SendMessageA                                  setup.obs
581  USER.SetFocus                                      setup.obs
582  USER.SetForegroundWindow                           setup.obs
583  USER.SetWindowPos                                  setup.obs
584  USER.SetWindowText                                 setup.obs
585  USER.ShowWindow                                    setup.obs
586  USER32.CharUpperBuffA                              setup.obs
587  USER32.FindWindowA                                 setup.obs
588  USER32.GetDlgItem                                  iswi.obl(SdDiskReqs.obs)
589  USER32.GetSystemMetrics                            setup.obs
590  USER32.GetWindowRect                               iswi.obl(SdDiskReqs.obs)
591  USER32.GetWindowText                               setup.obs
592  USER32.GetWindowTextLength                         setup.obs
593  USER32.MessageBoxA                                 setup.obs
594  USER32.MsgWaitForMultipleObjects                   setup.obs
595  USER32.PeekMessageA                                setup.obs
596  USER32.SendMessageA                                setup.obs
597  USER32.SetWindowLong                               setup.obs
598  USER32.SetWindowRgn                                setup.obs
599  USER32.WaitForInputIdle                            setup.obs
600  UpdateServiceEnableUpdateService                   isrt.obl(ISUpdateService.obs)
601  User32.DestroyWindow                               iswi.obl(SdDiskReqs.obs)
602  User32.LoadStringA                                 iswi.obl(ComponentConv.obs)
603  VarInit                                            isrt.obl(SysVars.obs)
604  VarRestore                                         iswi.obl(SysVarsConv.obs)
605  VarRestoreISRT                                     isrt.obl(SysVars.obs)
606  VarSave                                            iswi.obl(SysVarsConv.obs)
607  VarSaveISRT                                        isrt.obl(SysVars.obs)
608  VerProductGetInstalledVersion                      isrt.obl(version.obs)
609  VerProductNumToStr                                 isrt.obl(version.obs)
610  VerProductVerPartsFromVer                          isrt.obl(version.obs)
611  WaitForApplication                                 isrt.obl(Extend.obs)
612  WaitOnDialog                                       isrt.obl(CustomDialog.obs)
613  WriteLine                                          isrt.obl(Files.obs)
614  WriteProfString                                    isrt.obl(Profile.obs)
615  __AddIntegerToArray                                iswi.obl(HelperFuncs.obs)
616  __AddStringToArray                                 iswi.obl(HelperFuncs.obs)
617  __Begin                                            iswi.obl(DriverConv.obs)
618  __ComponentListItemsEx                             iswi.obl(CompHelperFuncs.obs)
619  __ComponentListItemsExInstall                      iswi.obl(CompHelperFuncs.obs)
620  __ComponentListItemsExUnInstall                    iswi.obl(CompHelperFuncs.obs)
621  __ComponentMoveXferData                            iswi.obl(CompHelperFuncs.obs)
622  __End                                              iswi.obl(DriverConv.obs)
623  __GetFinishMode                                    iswi.obl(ISWiInit.obs)
624  __GetMsiHandle                                     iswi.obl(SysVarsConv.obs)
625  __GetSourceDir                                     iswi.obl(SysVarsConv.obs)
626  __GetSystemFolder                                  iswi.obl(SysVarsConv.obs)
627  __GetWindowsFolder                                 iswi.obl(SysVarsConv.obs)
628  __HandleError                                      iswi.obl(ErrHandler.obs)
629  __ISRTDoExit                                       isrt.obl(Misc.obs)
630  __ISRTInit                                         isrt.obl(ISRTInit.obs)
631  __ISRTRestoreMainLog                               isrt.obl(ISRTInit.obs)
632  __ISRTRestoreMainLogEx                             isrt.obl(ISRTInit.obs)
633  __ISRTSetComponentLog                              isrt.obl(ISRTInit.obs)
634  __ISRTUnInit                                       isrt.obl(ISRTInit.obs)
635  __ISWIInit                                         iswi.obl(ISWiInit.obs)
636  __ISWIMsiHandle                                    iswi.obl(ISWiInit.obs)
637  __ISWIUnInit                                       iswi.obl(ISWiInit.obs)
638  __IsArrayEmpty                                     iswi.obl(HelperFuncs.obs)
639  __LoadIScriptString                                isrt.obl(LoadStr.obs)
640  __Moved                                            iswi.obl(FileTransferFuncsConv.obs)
641  __Moving                                           iswi.obl(FileTransferFuncsConv.obs)
642  __MsiOpenView                                      iswi.obl(CompHelperFuncs.obs)
643  __MsiQueryFeatureState                             iswi.obl(MsiWrappersConv.obs)
644  __MsiRecordGetString                               iswi.obl(MsiWrappersConv.obs)
645  __OnAbort                                          iswi.obl(DriverConv.obs)
646  __OnAdminPatch                                     iswi.obl(DriverConv.obs)
647  __OnAdministrativeInstall                          iswi.obl(DriverConv.obs)
648  __OnAdvertisement                                  iswi.obl(DriverConv.obs)
649  __OnBegin                                          iswi.obl(DriverConv.obs)
650  __OnCanceling                                      iswi.obl(DriverConv.obs)
651  __OnEnd                                            iswi.obl(DriverConv.obs)
652  __OnError                                          iswi.obl(DriverConv.obs)
653  __OnMsiMaintenance                                 iswi.obl(DriverConv.obs)
654  __OnMsiRebooted                                    iswi.obl(DriverConv.obs)
655  __OnMsiSilentInstall                               iswi.obl(DriverConv.obs)
656  __OnMsiUninstall                                   iswi.obl(DriverConv.obs)
657  __OnPatch                                          iswi.obl(DriverConv.obs)
658  __OnResume                                         iswi.obl(DriverConv.obs)
659  __OnWarning                                        iswi.obl(DriverConv.obs)
660  __ResetMsiObject                                   iswi.obl(ISWiInit.obs)
661  __SetMaintenance                                   iswi.obl(ISWiInit.obs)
662  __SetMsiHandle                                     iswi.obl(SysVarsConv.obs)
663  __SetMsiServer                                     iswi.obl(ISWiInit.obs)
664  __SetPatch                                         iswi.obl(SysVarsConv.obs)
665  __SetSourceDir                                     iswi.obl(SysVarsConv.obs)
666  isrt._ComponentGetData                             iswi.obl(ComponentConv.obs)
667  isrt._ComponentIsItemSelected                      iswi.obl(ComponentConv.obs)
668  isrt._ComponentListItems                           iswi.obl(ComponentConv.obs)
669  isrt._ComponentReinstall                           iswi.obl(ComponentConv.obs)
670  isrt._ComponentRemoveAll                           iswi.obl(ComponentConv.obs)
671  isrt._ComponentSelectItem                          iswi.obl(ComponentConv.obs)
672  isrt._ComponentSetupTypeSet                        iswi.obl(ComponentConv.obs)
673  isrt._EnableDialogCache                            iswi.obl(ISWiInit.obs)
674  kernel32.GetLocalTime                              iswi.obl(ErrHandler.obs)
675  kernel32.GetWindowsDirectoryA                      iswi.obl(ErrHandler.obs)
676  msi.MsiCloseHandle                                 iswi.obl(RedirectedMsiFuncsConv.obs)
677  msi.MsiCreateRecord                                iswi.obl(RedirectedMsiFuncsConv.obs)
678  msi.MsiDatabaseOpenViewA                           setup.obs
679  msi.MsiDoActionA                                   setup.obs
680  msi.MsiGetActiveDatabase                           iswi.obl(RedirectedMsiFuncsConv.obs)
681  msi.MsiGetProductInfoA                             setup.obs
682  msi.MsiGetPropertyA                                setup.obs
683  msi.MsiGetSourcePathA                              setup.obs
684  msi.MsiGetTargetPathA                              setup.obs
685  msi.MsiOpenDatabaseA                               setup.obs
686  msi.MsiProcessMessage                              iswi.obl(RedirectedMsiFuncsConv.obs)
687  msi.MsiQueryFeatureStateA                          setup.obs
688  msi.MsiRecordGetInteger                            iswi.obl(RedirectedMsiFuncsConv.obs)
689  msi.MsiRecordGetStringA                            setup.obs
690  msi.MsiRecordSetStringA                            setup.obs
691  msi.MsiSetPropertyA                                setup.obs
692  msi.MsiSetTargetPathA                              setup.obs
693  msi.MsiViewExecute                                 iswi.obl(RedirectedMsiFuncsConv.obs)
694  msi.MsiViewFetch                                   iswi.obl(RedirectedMsiFuncsConv.obs)
695  program                                            iswi.obl(DriverConv.obs)
696  sfc.SRSetRestorePoint                              setup.obs


***** External Variables *****
1    ADDREMOVE                                          iswi.obl(HelperFuncs.obs)
2    ADDREMOVE_COMBINEDBUTTON                           setup.obs
3    ADDREMOVE_HIDECHANGEOPTION                         setup.obs
4    ADDREMOVE_HIDEREMOVEOPTION                         setup.obs
5    ADDREMOVE_HIDEREPAIROPTION                         setup.obs
6    ADDREMOVE_STRING_REMOVEONLY                        setup.obs
7    ADDREMOVE_SYSTEMCOMPONENT                          setup.obs
8    ADMINUSER                                          setup.obs
9    ALLUSERS                                           setup.obs
10   AdminToolsFolder                                   iswi.obl(DebugSymbolsConv.obs)
11   AppDataFolder                                      iswi.obl(DebugSymbolsConv.obs)
12   BASICMSI                                           iswi.obl(HelperFuncs.obs)
13   BATCH_INSTALL                                      setup.obs
14   CMDLINE                                            iswi.obl(HelperFuncs.obs)
15   CMPTFILTERLANGOBJ                                  iswi.obl(CompHelperFuncs.obs)
16   COMMONFILES                                        iswi.obl(HelperFuncs.obs)
17   COMMONFILES64                                      iswi.obl(HelperFuncs.obs)
18   CommonAppDataFolder                                iswi.obl(DebugSymbolsConv.obs)
19   CommonFiles64Folder                                iswi.obl(DebugSymbolsConv.obs)
20   CommonFilesFolder                                  iswi.obl(DebugSymbolsConv.obs)
21   DISABLE_ALLUSERBTN                                 setup.obs
22   DISABLE_PERUSERBTN                                 setup.obs
23   DISK1SETUPEXENAME                                  iswi.obl(HelperFuncs.obs)
24   DISK1TARGET                                        setup.obs
25   DesktopFolder                                      iswi.obl(DebugSymbolsConv.obs)
26   ENABLED_ISERVICES                                  iswi.obl(HelperFuncs.obs)
27   ENGINECOMMONDIR                                    iswi.obl(HelperFuncs.obs)
28   ENGINEDIR                                          iswi.obl(HelperFuncs.obs)
29   ERRORFILENAME                                      setup.obs
30   ERRORINFO                                          iswi.obl(ComponentConv.obs)
31   Err                                                setup.obs
32   FEATURE                                            iswi.obl(ComponentConv.obs)
33   FILEERROR                                          iswi.obl(ComponentConv.obs)
34   FILETIME                                           setup.obs
35   FIND_DATA                                          setup.obs
36   FOLDER_APPDATA                                     iswi.obl(HelperFuncs.obs)
37   FOLDER_COMMON_APPDATA                              iswi.obl(HelperFuncs.obs)
38   FOLDER_DESKTOP                                     iswi.obl(HelperFuncs.obs)
39   FOLDER_DOTNET_10                                   iswi.obl(HelperFuncs.obs)
40   FOLDER_DOTNET_11                                   iswi.obl(HelperFuncs.obs)
41   FOLDER_DOTNET_20                                   iswi.obl(HelperFuncs.obs)
42   FOLDER_DOTNET_30                                   iswi.obl(HelperFuncs.obs)
43   FOLDER_FONTS                                       iswi.obl(HelperFuncs.obs)
44   FOLDER_LOCAL_APPDATA                               iswi.obl(HelperFuncs.obs)
45   FOLDER_PERSONAL                                    iswi.obl(HelperFuncs.obs)
46   FOLDER_PROGRAMS                                    iswi.obl(HelperFuncs.obs)
47   FOLDER_STARTMENU                                   iswi.obl(HelperFuncs.obs)
48   FOLDER_STARTUP                                     iswi.obl(HelperFuncs.obs)
49   FOLDER_TEMP                                        iswi.obl(HelperFuncs.obs)
50   FavoritesFolder                                    iswi.obl(DebugSymbolsConv.obs)
51   FileRegistrar                                      setup.obs
52   FontsFolder                                        iswi.obl(DebugSymbolsConv.obs)
53   HKEYCURRENTROOTKEY                                 setup.obs
54   IFX_COMPANY_NAME                                   setup.obs
55   IFX_INSTALLED_DISPLAY_VERSION                      setup.obs
56   IFX_INSTALLED_VERSION                              setup.obs
57   IFX_KEYPATH_PRODUCT_INFO                           setup.obs
58   IFX_MULTI_INSTANCE_SUFFIX                          setup.obs
59   IFX_NETAPI_GROUP                                   setup.obs
60   IFX_NETAPI_PASSWORD                                setup.obs
61   IFX_NETAPI_USER_ACCOUNT                            setup.obs
62   IFX_PRODUCT_COMMENTS                               setup.obs
63   IFX_PRODUCT_DISPLAY_NAME                           setup.obs
64   IFX_PRODUCT_DISPLAY_VERSION                        setup.obs
65   IFX_PRODUCT_ICON                                   setup.obs
66   IFX_PRODUCT_KEY                                    setup.obs
67   IFX_PRODUCT_NAME                                   setup.obs
68   IFX_PRODUCT_README                                 setup.obs
69   IFX_PRODUCT_REGISTEREDCOMPANY                      setup.obs
70   IFX_PRODUCT_REGISTEREDOWNER                        setup.obs
71   IFX_PRODUCT_REGISTEREDSERIALNUM                    setup.obs
72   IFX_PRODUCT_SUPPORT_CONTACT                        setup.obs
73   IFX_PRODUCT_SUPPORT_PHONE                          setup.obs
74   IFX_PRODUCT_SUPPORT_URL                            setup.obs
75   IFX_PRODUCT_UPDATE_URL                             setup.obs
76   IFX_PRODUCT_URL                                    setup.obs
77   IFX_PRODUCT_VERSION                                setup.obs
78   IFX_SETUP_TITLE                                    setup.obs
79   IFX_SUPPORTED_VERSIONS                             setup.obs
80   IISROOTFOLDER                                      iswi.obl(HelperFuncs.obs)
81   INFOFILENAME                                       setup.obs
82   INSTALLDIR                                         setup.obs
83   INSTALLSCRIPTMSI                                   iswi.obl(HelperFuncs.obs)
84   INSTANCE_GUID                                      iswi.obl(HelperFuncs.obs)
85   ISDIFXAPPID                                        setup.obs
86   ISMSI_HANDLE                                       iswi.obl(DebugSymbolsConv.obs)
87   ISRES                                              iswi.obl(HelperFuncs.obs)
88   ISUSER                                             iswi.obl(HelperFuncs.obs)
89   ISUTIL_FUNCTION_ACTUAL_ERROR                       setup.obs
90   ISUTIL_FUNCTION_ERROR                              iswi.obl(CompHelperFuncs.obs)
91   ISUTIL_LINE_NUMBER                                 setup.obs
92   ISUTIL_POSITIVE_ERROR                              iswi.obl(CompHelperFuncs.obs)
93   ISUTIL_SCRIPT_FILE                                 setup.obs
94   ISVERSION                                          iswi.obl(HelperFuncs.obs)
95   LAAW_PARAMETERS                                    setup.obs
96   LAAW_PROCESS_INFORMATION                           setup.obs
97   LAAW_SHELLEXECUTEINFO                              setup.obs
98   LAAW_SHELLEXECUTEVERB                              setup.obs
99   LAAW_STARTUPINFO                                   setup.obs
100  LAST_RESULT                                        setup.obs
101  LVITEM                                             iswi.obl(SdDiskReqs.obs)
102  LV_COLUMN                                          iswi.obl(SdDiskReqs.obs)
103  LocalAppDataFolder                                 iswi.obl(DebugSymbolsConv.obs)
104  LogDB                                              setup.obs
105  MAINTENANCE                                        iswi.obl(HelperFuncs.obs)
106  MAINT_OPTION                                       iswi.obl(HelperFuncs.obs)
107  MEDIA                                              setup.obs
108  MEDIA_INFO                                         iswi.obl(FeatureConv.obs)
109  MODE                                               setup.obs
110  MSG                                                setup.obs
111  MULTI_INSTANCE_COUNT                               iswi.obl(HelperFuncs.obs)
112  MainWindow                                         setup.obs
113  MyPicturesFolder                                   iswi.obl(DebugSymbolsConv.obs)
114  NOTHING                                            setup.obs
115  NetHoodFolder                                      iswi.obl(DebugSymbolsConv.obs)
116  OSINFO_PLATFORM_INFO                               setup.obs
117  OSINFO_PROCESSOR_INFO                              setup.obs
118  OSVERSIONINFO                                      setup.obs
119  OSVERSIONINFOEX                                    setup.obs
120  Objects                                            setup.obs
121  OriginalDatabase                                   iswi.obl(DebugSymbolsConv.obs)
122  PACKAGE_LOCATION                                   iswi.obl(HelperFuncs.obs)
123  PATCH                                              iswi.obl(DebugSymbolsConv.obs)
124  POINT                                              setup.obs
125  PRIVILEGED                                         setup.obs
126  PROCESS_INFORMATION                                setup.obs
127  PRODUCT_GUID                                       iswi.obl(HelperFuncs.obs)
128  PROGRAMFILES                                       iswi.obl(HelperFuncs.obs)
129  PROGRAMFILES64                                     iswi.obl(HelperFuncs.obs)
130  PersonalFolder                                     iswi.obl(DebugSymbolsConv.obs)
131  PrintHoodFolder                                    iswi.obl(DebugSymbolsConv.obs)
132  ProgramFiles64Folder                               iswi.obl(DebugSymbolsConv.obs)
133  ProgramFilesFolder                                 iswi.obl(DebugSymbolsConv.obs)
134  ProgramMenuFolder                                  iswi.obl(DebugSymbolsConv.obs)
135  RECT                                               setup.obs
136  REGDB_OPTIONS                                      setup.obs
137  REMOVEALLMODE                                      iswi.obl(HelperFuncs.obs)
138  REMOVEONLY                                         iswi.obl(HelperFuncs.obs)
139  RUN_ONCE_PROGRAM                                   iswi.obl(HelperFuncs.obs)
140  Reboot                                             setup.obs
141  RecentFolder                                       iswi.obl(DebugSymbolsConv.obs)
142  SELECTED_LANGUAGE                                  iswi.obl(HelperFuncs.obs)
143  SERVICE_IS_PARAMS                                  setup.obs
144  SETUPTYPE_STR_COMPACT                              setup.obs
145  SETUPTYPE_STR_COMPLETE                             setup.obs
146  SETUPTYPE_STR_CUSTOM                               setup.obs
147  SETUPTYPE_STR_TYPICAL                              setup.obs
148  SHELLEXECUTEINFO                                   setup.obs
149  SHELL_OBJECT_FOLDER                                setup.obs
150  SHOW_PASSWORD_DIALOG                               iswi.obl(HelperFuncs.obs)
151  SRCDIR                                             setup.obs
152  SRCDISK                                            iswi.obl(HelperFuncs.obs)
153  STARTUPINFO                                        setup.obs
154  SUPPORTDIR                                         iswi.obl(HelperFuncs.obs)
155  SYSTEMTIME                                         setup.obs
156  SYSTEMTIME2                                        iswi.obl(ErrHandler.obs)
157  SendToFolder                                       iswi.obl(DebugSymbolsConv.obs)
158  SetupInfo                                          setup.obs
159  SourceDir                                          iswi.obl(DebugSymbolsConv.obs)
160  StartMenuFolder                                    iswi.obl(DebugSymbolsConv.obs)
161  StartupFolder                                      iswi.obl(DebugSymbolsConv.obs)
162  StatusDlg                                          setup.obs
163  System16Folder                                     iswi.obl(DebugSymbolsConv.obs)
164  System64Folder                                     iswi.obl(DebugSymbolsConv.obs)
165  SystemFolder                                       iswi.obl(DebugSymbolsConv.obs)
166  TARGETDIR                                          setup.obs
167  TARGETDISK                                         iswi.obl(HelperFuncs.obs)
168  TempFolder                                         iswi.obl(DebugSymbolsConv.obs)
169  TemplateFolder                                     iswi.obl(DebugSymbolsConv.obs)
170  TextSub                                            setup.obs
171  UNINST                                             setup.obs
172  UNINSTALLKEY                                       setup.obs
173  UNINSTALL_DISPLAYNAME                              setup.obs
174  UNINSTALL_STRING                                   setup.obs
175  UPDATEMODE                                         setup.obs
176  WINDIR                                             iswi.obl(HelperFuncs.obs)
177  WINDISK                                            iswi.obl(HelperFuncs.obs)
178  WINSYSDIR                                          iswi.obl(HelperFuncs.obs)
179  WINSYSDIR64                                        iswi.obl(HelperFuncs.obs)
180  WINSYSDISK                                         iswi.obl(HelperFuncs.obs)
181  WindowsFolder                                      iswi.obl(DebugSymbolsConv.obs)
182  WindowsVolume                                      iswi.obl(DebugSymbolsConv.obs)
183  _INT64                                             setup.obs
184  _LAAW_PARAMETERS                                   setup.obs
185  _LAAW_TEMP_DATA                                    isrt.obl(Extend.obs)
186  _RESTOREINFO_                                      setup.obs
187  _RESTOREPTINFO                                     setup.obs
188  _SERVICE_IS_PARAMS                                 setup.obs
189  _SMGRSTATUS                                        setup.obs
190  _SMGSTATUS_                                        setup.obs
191  _WIN9X                                             setup.obs
192  _WINNT                                             setup.obs
193  __SYSTEMINFORMATION                                setup.obs
194  __SYSTEMPROCESSORINFORMATION                       setup.obs
195  __gbAliasingOff                                    iswi.obl(CompHelperFuncs.obs)
196  __gbCheckForUpdate                                 iswi.obl(CompHelperFuncs.obs)
197  __gbCheckUpdateReboot                              iswi.obl(CompHelperFuncs.obs)
198  __gbGetTarget                                      iswi.obl(CompHelperFuncs.obs)
199  __gbInitialized                                    iswi.obl(CompHelperFuncs.obs)
200  __gbInstallInfo                                    setup.obs
201  __gbMaintenance                                    iswi.obl(CompHelperFuncs.obs)
202  __gbReopening                                      iswi.obl(CompHelperFuncs.obs)
203  __ghActiveDataBase                                 iswi.obl(CompHelperFuncs.obs)
204  __ghErrFileHandle                                  iswi.obl(CompHelperFuncs.obs)
205  __ghMsiInstall                                     iswi.obl(CompHelperFuncs.obs)
206  __gnButtonSelected                                 iswi.obl(CompHelperFuncs.obs)
207  __gnLastError                                      iswi.obl(CompHelperFuncs.obs)
208  __gnMsiReturn                                      iswi.obl(CompHelperFuncs.obs)
209  __gnOSMask                                         iswi.obl(CompHelperFuncs.obs)
210  __gnScriptMode                                     iswi.obl(CompHelperFuncs.obs)
211  __goISDriver                                       iswi.obl(CompHelperFuncs.obs)
212  __goLanguageFilter                                 iswi.obl(CompHelperFuncs.obs)
213  __goMsiServer                                      iswi.obl(CompHelperFuncs.obs)
214  __gsINSTALLDIR                                     iswi.obl(CompHelperFuncs.obs)
215  __gsProductGuid                                    iswi.obl(CompHelperFuncs.obs)
216  __gsSourceDir                                      iswi.obl(CompHelperFuncs.obs)
217  __hContext                                         iswi.obl(CompHelperFuncs.obs)
218  __objGlobalTextSub                                 setup.obs
219  __objStringTable                                   iswi.obl(ISWiInit.obs)
220  __szGUID                                           isrt.obl(ISRTInit.obs)
221  bBackButton                                        setup.obs
222  bCancelButton                                      setup.obs
223  bEnterDiskBeep                                     iswi.obl(AdminAskPath.obs)
224  bFinishButton                                      setup.obs
225  bIfxPCHInitialized                                 setup.obs
226  bIfxPCHOn                                          setup.obs
227  bInstall16                                         setup.obs
228  bNextButton                                        setup.obs
229  bSdInit                                            setup.obs
230  bViewCmptKunits                                    setup.obs
231  bViewCmptUseDecimal                                setup.obs
232  g_bSuppressMissingStringWarning                    iswi.obl(DriverConv.obs)
233  nIfxPCHType                                        setup.obs
234  szAppKey                                           setup.obs
235  szSdProduct                                        setup.obs
236  szSdStr_NotEnoughSpace                             setup.obs
