***** External Functions *****
1    AdminAskPath                                       iswi.obl(AdminAskPath.obs)
2    AllFeaturesDeselected                              iswi.obl(CompHelperFuncs.obs)
3    CHECK_RETURN                                       iswi.obl(ErrHandler.obs)
4    ChangeDirectory                                    isrt.obl(Files.obs)
5    CloseFile                                          isrt.obl(Files.obs)
6    CmdGetHwndDlg                                      isrt.obl(CustomDialog.obs)
7    CoCreateObject                                     isrt.obl(Misc.obs)
8    ComponentCompareSizeRequired                       isrt.obl(component.obs)
9    ComponentErrorInfo                                 isrt.obl(component.obs)
10   ComponentGetData                                   isrt.obl(component.obs)
11   ComponentGetTotalCost                              isrt.obl(component.obs)
12   ComponentIsItemSelected                            isrt.obl(component.obs)
13   ComponentListItems                                 isrt.obl(component.obs)
14   ComponentReinstall                                 isrt.obl(component.obs)
15   ComponentRemoveAll                                 isrt.obl(component.obs)
16   ComponentSaveTarget                                isrt.obl(component.obs)
17   ComponentSelectItem                                isrt.obl(component.obs)
18   ComponentTransferData                              isrt.obl(component.obs)
19   ComponentTreeInit                                  isrt.obl(Dialogs.obs)
20   ConfigFileLoad                                     isrt.obl(Config.obs)
21   ConfigFileSave                                     isrt.obl(Config.obs)
22   CreateDir                                          isrt.obl(Files.obs)
23   CreateFile                                         isrt.obl(Files.obs)
24   CreateInstallationInfo                             isrt.obl(Registry.obs)
25   CtrlGetNotificationCode                            isrt.obl(CustomDialog.obs)
26   CtrlGetState                                       isrt.obl(CustomDialog.obs)
27   CtrlGetSubCommand                                  isrt.obl(CustomDialog.obs)
28   CtrlGetText                                        isrt.obl(CustomDialog.obs)
29   CtrlSelectText                                     isrt.obl(CustomDialog.obs)
30   CtrlSetList                                        isrt.obl(CustomDialog.obs)
31   CtrlSetMLEText                                     isrt.obl(CustomDialog.obs)
32   CtrlSetState                                       isrt.obl(CustomDialog.obs)
33   CtrlSetText                                        isrt.obl(CustomDialog.obs)
34   DefineDialog                                       isrt.obl(CustomDialog.obs)
35   DeleteFile                                         isrt.obl(Files.obs)
36   DeleteSingleFile                                   isrt.obl(Files.obs)
37   DialogSetDefaultFont                               isrt.obl(Dialogs.obs)
38   DialogSetFont                                      isrt.obl(Dialogs.obs)
39   DialogSetInfo                                      isrt.obl(Dialogs.obs)
40   Disable                                            isrt.obl(Enable.obs)
41   DllSizeOf                                          isrt.obl(Str.obs)
42   Do                                                 isrt.obl(Misc.obs)
43   Enable                                             isrt.obl(Enable.obs)
44   EndCurrentDialog                                   isrt.obl(Dialogs.obs)
45   EndDialog                                          isrt.obl(CustomDialog.obs)
46   ExistsDir                                          isrt.obl(Files.obs)
47   EzDefineDialog                                     isrt.obl(CustomDialog.obs)
48   FeatureCompareSizeRequired                         iswi.obl(FeatureConv.obs)
49   FeatureErrorInfo                                   iswi.obl(ComponentConv.obs)
50   FeatureFilterLanguage                              iswi.obl(ComponentConv.obs)
51   FeatureFilterOS                                    iswi.obl(ComponentConv.obs)
52   FeatureGetData                                     iswi.obl(ComponentConv.obs)
53   FeatureGetTotalCost                                iswi.obl(FeatureConv.obs)
54   FeatureIsItemSelected                              iswi.obl(ComponentConv.obs)
55   FeatureListItems                                   iswi.obl(ComponentConv.obs)
56   FeatureReinstall                                   iswi.obl(ComponentConv.obs)
57   FeatureRemoveAll                                   iswi.obl(ComponentConv.obs)
58   FeatureSaveTarget                                  iswi.obl(FeatureConv.obs)
59   FeatureSelectItem                                  iswi.obl(ComponentConv.obs)
60   FeatureSetupTypeSet                                iswi.obl(ComponentConv.obs)
61   FeatureStandardSetupTypeSet                        iswi.obl(FeatureConv.obs)
62   FeatureTransferData                                iswi.obl(ComponentConv.obs)
63   FeaturesInstalled                                  iswi.obl(FileTransferFuncsConv.obs)
64   FeaturesInstalling                                 iswi.obl(FileTransferFuncsConv.obs)
65   FindFile                                           isrt.obl(Files.obs)
66   FindWindow                                         isrt.obl(Misc.obs)
67   FixUpCmdLine                                       iswi.obl(HelperFuncs.obs)
68   FixUpCmdLinePostReboot                             iswi.obl(HelperFuncs.obs)
69   FormatMessage                                      isrt.obl(Misc.obs)
70   GDI32.CreateRectRgn                                setup.obs
71   GDI32.GetDeviceCaps                                setup.obs
72   GeneratedMSIScript                                 iswi.obl(FileTransferFuncsConv.obs)
73   GeneratingMSIScript                                iswi.obl(FileTransferFuncsConv.obs)
74   GetBasicMSI                                        isrt.obl(SysVars.obs)
75   GetBillboard                                       isrt.obl(SysVars.obs)
76   GetCommonFiles                                     isrt.obl(SysVars.obs)
77   GetComponentsFeatures                              iswi.obl(CompHelperFuncs.obs)
78   GetCurrentDialogName                               isrt.obl(Dialogs.obs)
79   GetCurrentDir                                      isrt.obl(Files.obs)
80   GetDialogTitle                                     isrt.obl(Dialogs.obs)
81   GetDir                                             isrt.obl(Str.obs)
82   GetDisk                                            isrt.obl(Str.obs)
83   GetDisk1SetupExeName                               isrt.obl(SysVars.obs)
84   GetDiskSpace                                       isrt.obl(GSI.obs)
85   GetDiskSpaceEx                                     isrt.obl(GSI.obs)
86   GetEnabledIServices                                isrt.obl(SysVars.obs)
87   GetExtents                                         isrt.obl(GSI.obs)
88   GetFolderApplications                              isrt.obl(SysVars.obs)
89   GetFolderApplications64                            isrt.obl(SysVars.obs)
90   GetIISRootFolder                                   isrt.obl(SysVars.obs)
91   GetISRes                                           isrt.obl(SysVars.obs)
92   GetKeyPathWinCurrVerAuto                           isrt.obl(SysVars.obs)
93   GetMSIFeatureName                                  iswi.obl(CompHelperFuncs.obs)
94   GetMaintenance                                     iswi.obl(ISWiInit.obs)
95   GetMsiFeaturePath                                  iswi.obl(CompHelperFuncs.obs)
96   GetMsiNameFromAliasTable                           iswi.obl(CompHelperFuncs.obs)
97   GetOpenFileMode                                    isrt.obl(Files.obs)
98   GetPackageLocation                                 isrt.obl(SysVars.obs)
99   GetProductGUID                                     iswi.obl(ISWiInit.obs)
100  GetProfSectionKeyCount                             isrt.obl(Profile.obs)
101  GetProfString                                      isrt.obl(Profile.obs)
102  GetProfStringList                                  isrt.obl(Profile.obs)
103  GetRemoveAllMode                                   isrt.obl(SysVars.obs)
104  GetRemoveOnly                                      isrt.obl(SysVars.obs)
105  GetSelectedLanguage                                isrt.obl(SysVars.obs)
106  GetSelectedTreeComponent                           isrt.obl(CmptView.obs)
107  GetSupportDir                                      isrt.obl(SysVars.obs)
108  GetSystemInfo                                      isrt.obl(GSI.obs)
109  GetTempFolder                                      isrt.obl(SysVars.obs)
110  GetUpdateStatus                                    iswi.obl(HelperFuncs.obs)
111  GetUpdateStatusReboot                              iswi.obl(HelperFuncs.obs)
112  GetUserSelectableAuto                              isrt.obl(SysVars.obs)
113  GetValidDrivesList                                 isrt.obl(GSI.obs)
114  GetWinDir                                          isrt.obl(SysVars.obs)
115  GetWinDisk                                         isrt.obl(SysVars.obs)
116  GetWinSysDir                                       isrt.obl(SysVars.obs)
117  GetWindowHandle                                    iswi.obl(MiscConv.obs)
118  HIWORD                                             isrt.obl(Misc.obs)
119  ISDeterminePlatform                                isrt.obl(OsInfo.obs)
120  ISMIF32.InstallStatusMIF                           isrt.obl(MIF.obs)
121  ISRT.ComponentViewSetInfoEx                        isrt.obl(Dialogs.obs)
122  ISRT.EnableHourGlass                               isrt.obl(Enable.obs)
123  ISRT.GetCPUType                                    isrt.obl(GSI.obs)
124  ISRT.GetFontSub                                    isrt.obl(Dialogs.obs)
125  ISRT.GetHandle                                     setup.obs
126  ISRT.GetPorts                                      isrt.obl(GSI.obs)
127  ISRT.IsEmpty                                       setup.obs
128  ISRT.IsNTAdmin                                     isrt.obl(Is.obs)
129  ISRT.IsObject                                      setup.obs
130  ISRT.IsPowerUser                                   isrt.obl(Is.obs)
131  ISRT.LangLoadString                                isrt.obl(SDINT.obs)
132  ISRT.MessageBeepP                                  setup.obs
133  ISRT.PathCompactPathPixel                          isrt.obl(CustomDialog.obs)
134  ISRT.PathGetDir                                    isrt.obl(Str.obs)
135  ISRT.PathGetDrive                                  isrt.obl(Str.obs)
136  ISRT.PathGetFile                                   isrt.obl(Files.obs)
137  ISRT.PathGetFileExt                                isrt.obl(Str.obs)
138  ISRT.PathGetFileName                               isrt.obl(Str.obs)
139  ISRT.PathGetLongFromShort                          isrt.obl(Str.obs)
140  ISRT.PathGetPath                                   isrt.obl(Str.obs)
141  ISRT.PathGetSpecialFolder                          isrt.obl(SysVars.obs)
142  ISRT.PathIsValidSyntax                             isrt.obl(Is.obs)
143  ISRT._BrowseForFolder                              isrt.obl(SelectDir.obs)
144  ISRT._CloseFile                                    isrt.obl(Files.obs)
145  ISRT._CmdGetHwndDlg                                isrt.obl(CustomDialog.obs)
146  ISRT._ComponentCompareSizeRequired                 iswi.obl(FeatureConv.obs)
147  ISRT._ComponentGetTotalCost                        iswi.obl(FeatureConv.obs)
148  ISRT._ComponentGetTotalCostEx                      isrt.obl(SdComponentTreeDlg.obs)
149  ISRT._ComponentSaveTarget                          iswi.obl(FeatureConv.obs)
150  ISRT._CreateDir                                    isrt.obl(Files.obs)
151  ISRT._CreateObject                                 isrt.obl(Misc.obs)
152  ISRT._CtrlGetNotificationCode                      isrt.obl(CustomDialog.obs)
153  ISRT._CtrlGetSubCommand                            isrt.obl(CustomDialog.obs)
154  ISRT._CtrlSetMLERichText                           isrt.obl(CustomDialog.obs)
155  ISRT._DefineDialog                                 isrt.obl(CustomDialog.obs)
156  ISRT._DialogSetFont                                isrt.obl(Dialogs.obs)
157  ISRT._DisableStatus                                isrt.obl(Enable.obs)
158  ISRT._DoSprintf                                    iswi.obl(HelperFuncs.obs)
159  ISRT._EnableDialogCache                            isrt.obl(Enable.obs)
160  ISRT._EnablePrevDialog                             iswi.obl(AdminAskPath.obs)
161  ISRT._EnableSkins                                  isrt.obl(Enable.obs)
162  ISRT._EnableStatus                                 isrt.obl(Enable.obs)
163  ISRT._EnableWow64FsRedirection                     isrt.obl(Enable.obs)
164  ISRT._EndDialog                                    isrt.obl(CustomDialog.obs)
165  ISRT._ExistsDir                                    isrt.obl(Files.obs)
166  ISRT._ExistsFile                                   isrt.obl(Files.obs)
167  ISRT._GetCurrentDialogName                         isrt.obl(Dialogs.obs)
168  ISRT._GetDiskSpaceEx                               isrt.obl(GSI.obs)
169  ISRT._GetDiskSpaceExEx                             isrt.obl(SdComponentTreeDlg.obs)
170  ISRT._GetGlobalMemorySize                          isrt.obl(GSI.obs)
171  ISRT._GetProcessorInfo                             isrt.obl(OsInfo.obs)
172  ISRT._GetSelectedTreeComponent                     isrt.obl(CmptView.obs)
173  ISRT._GetSupportDir                                isrt.obl(SysVars.obs)
174  ISRT._IsFontTypefaceNameAvailable                  isrt.obl(Is.obs)
175  ISRT._IsSkinLoaded                                 isrt.obl(Is.obs)
176  ISRT._IsWindowsME                                  isrt.obl(GSI.obs)
177  ISRT._IsWow64                                      isrt.obl(OsInfo.obs)
178  ISRT._ListAddItem                                  isrt.obl(scrlist.obs)
179  ISRT._ListAddString                                isrt.obl(scrlist.obs)
180  ISRT._ListCount                                    isrt.obl(scrlist.obs)
181  ISRT._ListCreate                                   isrt.obl(scrlist.obs)
182  ISRT._ListCurrentString                            isrt.obl(scrlist.obs)
183  ISRT._ListDeleteItem                               isrt.obl(scrlist.obs)
184  ISRT._ListDeleteString                             isrt.obl(scrlist.obs)
185  ISRT._ListDestroy                                  isrt.obl(scrlist.obs)
186  ISRT._ListFindString                               isrt.obl(scrlist.obs)
187  ISRT._ListGetFirstItem                             isrt.obl(scrlist.obs)
188  ISRT._ListGetFirstString                           isrt.obl(scrlist.obs)
189  ISRT._ListGetNextItem                              isrt.obl(scrlist.obs)
190  ISRT._ListGetNextString                            isrt.obl(scrlist.obs)
191  ISRT._ListGetType                                  isrt.obl(scrlist.obs)
192  ISRT._ListSetIndex                                 isrt.obl(scrlist.obs)
193  ISRT._MediaGetInfo                                 iswi.obl(FeatureConv.obs)
194  ISRT._OpenFile                                     isrt.obl(Files.obs)
195  ISRT._Preprogram                                   setup.obs
196  ISRT._RegCreateKey                                 isrt.obl(Registry.obs)
197  ISRT._RegEnableTextSubs                            isrt.obl(Enable.obs)
198  ISRT._RegEnum                                      isrt.obl(Registry.obs)
199  ISRT._RegGetOptions                                isrt.obl(SysVars.obs)
200  ISRT._RegIsRemoteRegConnected                      isrt.obl(Is.obs)
201  ISRT._RegQueryKeyBinaryValue                       isrt.obl(Registry.obs)
202  ISRT._RegQueryKeyValue                             isrt.obl(Registry.obs)
203  ISRT._RegSetKeyBinaryValue                         isrt.obl(Registry.obs)
204  ISRT._RegSetKeyValue                               isrt.obl(Registry.obs)
205  ISRT._RegSetOptions                                isrt.obl(SysVars.obs)
206  ISRT._ReleaseDialog                                isrt.obl(CustomDialog.obs)
207  ISRT._SdShowMsg                                    isrt.obl(SDSMSG.obs)
208  ISRT._SetAltMainImage                              isrt.obl(Dialogs.obs)
209  ISRT._SetDisplayEffect                             isrt.obl(ui.obs)
210  ISRT._SetSilentSdShowMsg                           isrt.obl(Enable.obs)
211  ISRT._SetTitle                                     isrt.obl(ui.obs)
212  ISRT._SetupTraceWrite                              isrt.obl(Misc.obs)
213  ISRT._TreeViewCreate                               isrt.obl(CmptView.obs)
214  ISRT._WaitOnDialog                                 isrt.obl(CustomDialog.obs)
215  ISRT._WriteLine                                    isrt.obl(Files.obs)
216  ISRT.__CreateObjectContext                         isrt.obl(ISRTInit.obs)
217  ISRT.__GetCmdLineOptions                           isrt.obl(ISRTInit.obs)
218  ISRT.__GetContextGUID                              isrt.obl(ISRTInit.obs)
219  ISRT.__GetEnabledIServices                         isrt.obl(SysVars.obs)
220  ISRT.__GetFileRegistrar                            isrt.obl(ISRTInit.obs)
221  ISRT.__GetISMSIStringTableObj                      iswi.obl(ISWiInit.obs)
222  ISRT.__GetInfo                                     isrt.obl(ISRTInit.obs)
223  ISRT.__GetInstallGuid                              isrt.obl(SysVars.obs)
224  ISRT.__GetLogDB                                    isrt.obl(ISRTInit.obs)
225  ISRT.__GetMainWindow                               setup.obs
226  ISRT.__GetMaintOption                              isrt.obl(SysVars.obs)
227  ISRT.__GetMaintenanceMode                          isrt.obl(SysVars.obs)
228  ISRT.__GetObjects                                  isrt.obl(ISRTInit.obs)
229  ISRT.__GetProductGuid                              isrt.obl(SysVars.obs)
230  ISRT.__GetProgress                                 setup.obs
231  ISRT.__GetReboot                                   isrt.obl(ISRTInit.obs)
232  ISRT.__GetRemoveAllMode                            isrt.obl(SysVars.obs)
233  ISRT.__GetTextSub                                  isrt.obl(ISRTInit.obs)
234  ISRT.__GetUpdateMode                               isrt.obl(SysVars.obs)
235  ISRT.__PutEnabledIServices                         isrt.obl(Enable.obs)
236  ISRT.__ReleaseObjectContext                        isrt.obl(ISRTInit.obs)
237  ISRT.__RestoreMainLog                              isrt.obl(ISRTInit.obs)
238  ISRT.__RestoreMainLogEx                            isrt.obl(ISRTInit.obs)
239  ISRT.__SetComponentLog                             isrt.obl(ISRTInit.obs)
240  ISRT.__SetUpdateMode                               isrt.obl(SysVars.obs)
241  ISRTHandleScriptException                          isrt.obl(Misc.obs)
242  ISRTPreprogram                                     isrt.obl(Driver.obs)
243  ISWIOnAppSearch                                    iswi.obl(DriverConv.obs)
244  ISWIOnCCPSearch                                    iswi.obl(DriverConv.obs)
245  ISWIOnExitInstall                                  iswi.obl(DriverConv.obs)
246  ISWIOnFirstUIAfter                                 iswi.obl(DriverConv.obs)
247  ISWIOnFirstUIBefore                                iswi.obl(DriverConv.obs)
248  ISWIOnInitInstall                                  iswi.obl(DriverConv.obs)
249  ISWIOnMaintUIAfter                                 iswi.obl(DriverConv.obs)
250  ISWIOnMaintUIBefore                                iswi.obl(DriverConv.obs)
251  ISWIOnMoveData                                     iswi.obl(DriverConv.obs)
252  ISWIOnResumeUIAfter                                iswi.obl(DriverConv.obs)
253  ISWIOnResumeUIBefore                               iswi.obl(DriverConv.obs)
254  ISWIPCRestoreAfter                                 iswi.obl(DriverConv.obs)
255  ISWIPCRestoreBefore                                iswi.obl(DriverConv.obs)
256  ISWIPostprogram                                    iswi.obl(DriverConv.obs)
257  ISWIPreprogram                                     iswi.obl(DriverConv.obs)
258  InstallFilesActionAfter                            iswi.obl(FileTransferFuncsConv.obs)
259  InstallFilesActionBefore                           iswi.obl(FileTransferFuncsConv.obs)
260  Is                                                 isrt.obl(Is.obs)
261  IsTestSetup                                        iswi.obl(HelperFuncs.obs)
262  KERNEL.GetModuleHandle                             setup.obs
263  KERNEL32.CloseHandle                               setup.obs
264  KERNEL32.CopyFileA                                 setup.obs
265  KERNEL32.CreateFileA                               setup.obs
266  KERNEL32.CreateProcess                             setup.obs
267  KERNEL32.DeleteFileA                               setup.obs
268  KERNEL32.FindClose                                 setup.obs
269  KERNEL32.FindFirstFileA                            setup.obs
270  KERNEL32.FindNextFileA                             setup.obs
271  KERNEL32.FormatMessageA                            setup.obs
272  KERNEL32.FreeLibrary                               setup.obs
273  KERNEL32.GetCurrentDirectoryA                      setup.obs
274  KERNEL32.GetDriveType                              setup.obs
275  KERNEL32.GetExitCodeProcess                        setup.obs
276  KERNEL32.GetFileAttributesA                        setup.obs
277  KERNEL32.GetLocalTime                              setup.obs
278  KERNEL32.GetLocaleInfo                             setup.obs
279  KERNEL32.GetPrivateProfileSectionA                 setup.obs
280  KERNEL32.GetPrivateProfileString                   setup.obs
281  KERNEL32.GetPrivateProfileStringA                  setup.obs
282  KERNEL32.GetProcAddress                            setup.obs
283  KERNEL32.GetProfileStringA                         setup.obs
284  KERNEL32.GetShortPathNameA                         setup.obs
285  KERNEL32.GetSystemDefaultLCID                      setup.obs
286  KERNEL32.GetSystemDefaultLangID                    setup.obs
287  KERNEL32.GetSystemDefaultUILanguage                setup.obs
288  KERNEL32.GetTickCount                              setup.obs
289  KERNEL32.GetUserDefaultLangID                      setup.obs
290  KERNEL32.GetVersion                                setup.obs
291  KERNEL32.GetVersionEx                              setup.obs
292  KERNEL32.GetVolumeInformation                      setup.obs
293  KERNEL32.GetWindowsDirectory                       setup.obs
294  KERNEL32.LoadLibraryA                              setup.obs
295  KERNEL32.MoveFileA                                 setup.obs
296  KERNEL32.SetCurrentDirectoryA                      setup.obs
297  KERNEL32.SetFileAttributesA                        setup.obs
298  KERNEL32.WritePrivateProfileString                 setup.obs
299  KERNEL32.lstrlen                                   setup.obs
300  Kernel32.GetModuleHandleA                          iswi.obl(ComponentConv.obs)
301  LOWORD                                             isrt.obl(Misc.obs)
302  LaunchAgent                                        iswi.obl(HelperFuncs.obs)
303  LaunchApp                                          isrt.obl(Extend.obs)
304  LaunchAppAndWait                                   isrt.obl(Extend.obs)
305  LaunchAppAndWaitInitStartupInfo                    isrt.obl(Extend.obs)
306  ListAddItem                                        isrt.obl(scrlist.obs)
307  ListAddString                                      isrt.obl(scrlist.obs)
308  ListCount                                          isrt.obl(scrlist.obs)
309  ListCreate                                         isrt.obl(scrlist.obs)
310  ListCurrentString                                  isrt.obl(scrlist.obs)
311  ListDeleteItem                                     isrt.obl(scrlist.obs)
312  ListDeleteString                                   isrt.obl(scrlist.obs)
313  ListDestroy                                        isrt.obl(scrlist.obs)
314  ListFindString                                     isrt.obl(scrlist.obs)
315  ListGetFirstItem                                   isrt.obl(scrlist.obs)
316  ListGetFirstString                                 isrt.obl(scrlist.obs)
317  ListGetLastString                                  iswi.obl(CompHelperFuncs.obs)
318  ListGetNextItem                                    isrt.obl(scrlist.obs)
319  ListGetNextString                                  isrt.obl(scrlist.obs)
320  ListGetType                                        isrt.obl(scrlist.obs)
321  ListSetIndex                                       isrt.obl(scrlist.obs)
322  ListValid                                          isrt.obl(scrlist.obs)
323  ListValidType                                      isrt.obl(scrlist.obs)
324  LoadStringFromStringTable                          iswi.obl(ISWiInit.obs)
325  LongPathFromShortPath                              isrt.obl(Str.obs)
326  LongPathToQuote                                    isrt.obl(Str.obs)
327  LongPathToShortPath                                isrt.obl(Str.obs)
328  MAKELONG                                           isrt.obl(Misc.obs)
329  MIFCreateMIFFile                                   isrt.obl(MIF.obs)
330  MIFDeleteMIFFile                                   isrt.obl(MIF.obs)
331  MIFInitialize                                      isrt.obl(MIF.obs)
332  MIFSetInformation                                  isrt.obl(MIF.obs)
333  MIFUnInitialize                                    isrt.obl(MIF.obs)
334  MIFWasSetInformationCalled                         isrt.obl(MIF.obs)
335  MediaGetDataEx                                     iswi.obl(FeatureConv.obs)
336  MessageBeep                                        isrt.obl(Misc.obs)
337  MessageBox                                         isrt.obl(MsgBox.obs)
338  MessageBoxEx                                       isrt.obl(MsgBox.obs)
339  Moved                                              iswi.obl(FileTransferFuncsConv.obs)
340  Moving                                             iswi.obl(FileTransferFuncsConv.obs)
341  MsiCloseHandle                                     iswi.obl(MsiFuncsConv.obs)
342  MsiCreateRecord                                    iswi.obl(MsiFuncsConv.obs)
343  MsiDatabaseOpenView                                iswi.obl(MsiFuncsConv.obs)
344  MsiDoAction                                        iswi.obl(MsiFuncsConv.obs)
345  MsiGetActiveDatabase                               iswi.obl(MsiFuncsConv.obs)
346  MsiGetProperty                                     iswi.obl(MsiFuncsConv.obs)
347  MsiGetPropertyIS                                   iswi.obl(MsiFuncsConv.obs)
348  MsiGetSourcePath                                   iswi.obl(MsiFuncsConv.obs)
349  MsiGetTargetPath                                   iswi.obl(MsiFuncsConv.obs)
350  MsiInstallProduct                                  iswi.obl(MsiFuncsConv.obs)
351  MsiProcessMessage                                  iswi.obl(MsiFuncsConv.obs)
352  MsiQueryFeatureState                               iswi.obl(MsiFuncsConv.obs)
353  MsiRecordGetInteger                                iswi.obl(MsiFuncsConv.obs)
354  MsiRecordGetString                                 iswi.obl(MsiFuncsConv.obs)
355  MsiRecordSetString                                 iswi.obl(MsiFuncsConv.obs)
356  MsiSetProperty                                     iswi.obl(MsiFuncsConv.obs)
357  MsiSetTargetPath                                   iswi.obl(MsiFuncsConv.obs)
358  MsiViewExecute                                     iswi.obl(MsiFuncsConv.obs)
359  MsiViewFetch                                       iswi.obl(MsiFuncsConv.obs)
360  MyFunction                                         setup.obs
361  OnAbort                                            iswi.obl(DriverConv.obs)
362  OnAction                                           iswi.obl(ISWiInit.obs)
363  OnAdminInstallUIAfter                              iswi.obl(DriverConv.obs)
364  OnAdminInstallUIBefore                             iswi.obl(DriverConv.obs)
365  OnAdminPatchUIAfter                                iswi.obl(DriverConv.obs)
366  OnAdminPatchUIBefore                               iswi.obl(DriverConv.obs)
367  OnAdvertisementAfter                               iswi.obl(DriverConv.obs)
368  OnAdvertisementBefore                              iswi.obl(DriverConv.obs)
369  OnAppSearch                                        iswi.obl(DriverConv.obs)
370  OnBegin                                            iswi.obl(DriverConv.obs)
371  OnCCPSearch                                        iswi.obl(DriverConv.obs)
372  OnCanceling                                        iswi.obl(DriverConv.obs)
373  OnComponentError                                   iswi.obl(Exceptions.obs)
374  OnDIFxLogCallback                                  isrt.obl(ISDIFx.obs)
375  OnDIFxLogCallbackImpl                              isrt.obl(ISDIFx.obs)
376  OnEnd                                              iswi.obl(DriverConv.obs)
377  OnError                                            iswi.obl(DriverConv.obs)
378  OnException                                        iswi.obl(Exceptions.obs)
379  OnFeaturesInstalled                                iswi.obl(FileTransferFuncsConv.obs)
380  OnFeaturesInstalling                               iswi.obl(FileTransferFuncsConv.obs)
381  OnFileError                                        iswi.obl(Exceptions.obs)
382  OnFileLocked                                       iswi.obl(Exceptions.obs)
383  OnFileReadOnly                                     iswi.obl(Exceptions.obs)
384  OnFilesInUse                                       iswi.obl(DriverConv.obs)
385  OnFirstUIAfter                                     iswi.obl(DriverConv.obs)
386  OnFirstUIBefore                                    iswi.obl(DriverConv.obs)
387  OnGeneratedMSIScript                               iswi.obl(FileTransferFuncsConv.obs)
388  OnGeneratingMSIScript                              iswi.obl(FileTransferFuncsConv.obs)
389  OnHelp                                             iswi.obl(DriverConv.obs)
390  OnInstallFilesActionAfter                          iswi.obl(FileTransferFuncsConv.obs)
391  OnInstallFilesActionBefore                         iswi.obl(FileTransferFuncsConv.obs)
392  OnInternetError                                    iswi.obl(Exceptions.obs)
393  OnLaunchAppAndWaitCallback                         iswi.obl(DriverConv.obs)
394  OnLogonUserSetMsiProperties                        iswi.obl(DriverConv.obs)
395  OnMD5Error                                         iswi.obl(Exceptions.obs)
396  OnMaintUIAfter                                     iswi.obl(DriverConv.obs)
397  OnMaintUIBefore                                    iswi.obl(DriverConv.obs)
398  OnMaintenance                                      iswi.obl(DriverConv.obs)
399  OnMoved                                            iswi.obl(FileTransferFuncsConv.obs)
400  OnMoving                                           iswi.obl(FileTransferFuncsConv.obs)
401  OnMsiSilentInstall                                 iswi.obl(DriverConv.obs)
402  OnNetApiCreateUserAccountInternal                  isrt.obl(NetApiRT.obs)
403  OnNextDisk                                         iswi.obl(Exceptions.obs)
404  OnOutOfDiskSpace                                   iswi.obl(DriverConv.obs)
405  OnPatchUIAfter                                     iswi.obl(DriverConv.obs)
406  OnPatchUIBefore                                    iswi.obl(DriverConv.obs)
407  OnRebooted                                         iswi.obl(DriverConv.obs)
408  OnRemovingSharedFile                               iswi.obl(Exceptions.obs)
409  OnResolveSource                                    iswi.obl(DriverConv.obs)
410  OnResume                                           iswi.obl(DriverConv.obs)
411  OnResumeUIAfter                                    iswi.obl(DriverConv.obs)
412  OnResumeUIBefore                                   iswi.obl(DriverConv.obs)
413  OnSQLLogin                                         iswi.obl(DriverConv.obs)
414  OnSelfRegistrationError                            iswi.obl(Exceptions.obs)
415  OnUnhandledException                               iswi.obl(DriverConv.obs)
416  OnUninstall                                        iswi.obl(DriverConv.obs)
417  OnUpdateService                                    iswi.obl(DriverConv.obs)
418  OnWarning                                          iswi.obl(DriverConv.obs)
419  OpenFile                                           isrt.obl(Files.obs)
420  OpenFileMode                                       isrt.obl(Files.obs)
421  PCRestoreOnBegin                                   isrt.obl(PCRestore.obs)
422  ParsePath                                          isrt.obl(Str.obs)
423  PostShowComponentDlg                               iswi.obl(ISWiInit.obs)
424  Postprogram                                        iswi.obl(DriverConv.obs)
425  PreShowComponentDlg                                iswi.obl(ISWiInit.obs)
426  Preprogram                                         iswi.obl(DriverConv.obs)
427  ProgDefGroupType                                   isrt.obl(Shell.obs)
428  ProgGetGroupType                                   isrt.obl(Shell.obs)
429  PthFixPath                                         isrt.obl(Pth.obs)
430  PthIsAbsPath                                       isrt.obl(Pth.obs)
431  RebootNeeded                                       iswi.obl(FileTransferFuncsConv.obs)
432  RedirectMsiCloseHandle                             iswi.obl(RedirectedMsiFuncsConv.obs)
433  RedirectMsiCreateRecord                            iswi.obl(RedirectedMsiFuncsConv.obs)
434  RedirectMsiGetActiveDatabase                       iswi.obl(RedirectedMsiFuncsConv.obs)
435  RedirectMsiProcessMessage                          iswi.obl(RedirectedMsiFuncsConv.obs)
436  RedirectMsiRecordGetInteger                        iswi.obl(RedirectedMsiFuncsConv.obs)
437  RedirectMsiViewExecute                             iswi.obl(RedirectedMsiFuncsConv.obs)
438  RedirectMsiViewFetch                               iswi.obl(RedirectedMsiFuncsConv.obs)
439  RegDBGetDefaultRoot                                isrt.obl(SysVars.obs)
440  RegDBGetItem                                       isrt.obl(Registry.obs)
441  RegDBGetKeyValueEx                                 isrt.obl(Registry.obs)
442  RegDBQueryKey                                      isrt.obl(Registry.obs)
443  RegDBQueryKeyCount                                 isrt.obl(Registry.obs)
444  RegDBQueryStringMultiStringCount                   isrt.obl(Registry.obs)
445  RegDBQueryValue                                    isrt.obl(Registry.obs)
446  RegDBQueryValue32                                  isrt.obl(Registry.obs)
447  RegDBSetDefaultRoot                                isrt.obl(SysVars.obs)
448  RegDBSetKeyValueEx                                 isrt.obl(Registry.obs)
449  RegDBSetValue                                      isrt.obl(Registry.obs)
450  ReleaseDialog                                      isrt.obl(CustomDialog.obs)
451  RemoveSpaces                                       iswi.obl(HelperFuncs.obs)
452  ResolveShellObjectsFolder                          iswi.obl(CompHelperFuncs.obs)
453  SdAskDestPath                                      isrt.obl(SdAskDestPathDlg.obs)
454  SdCloseDlg                                         isrt.obl(SDINT.obs)
455  SdComponentDlgCheckSpace                           isrt.obl(SDINT.obs)
456  SdCustomerInformation                              iswi.obl(SdCustInfo.obs)
457  SdDlgToTop                                         isrt.obl(SDINT.obs)
458  SdDoStdButton                                      isrt.obl(SDINT.obs)
459  SdEnablement                                       isrt.obl(SDINT.obs)
460  SdError                                            isrt.obl(SDINT.obs)
461  SdFeatureTree                                      isrt.obl(SdComponentTreeDlg.obs)
462  SdFilesInUse                                       iswi.obl(SdFilesInUse.obs)
463  SdFinish                                           isrt.obl(SdFinishDlg.obs)
464  SdFinishEx                                         iswi.obl(SdFinishExConv.obs)
465  SdFinishReboot                                     isrt.obl(SdFinishRebootDlg.obs)
466  SdFinishUpdate                                     iswi.obl(SdFinishUpdate.obs)
467  SdFinishUpdateReboot                               iswi.obl(SdFinUpdateRebot.obs)
468  SdGeneralInit                                      isrt.obl(SDINT.obs)
469  SdInit                                             isrt.obl(SDINT.obs)
470  SdIsStdButton                                      isrt.obl(SDINT.obs)
471  SdLoadString                                       isrt.obl(SDINT.obs)
472  SdMakeName                                         isrt.obl(SDINT.obs)
473  SdOutOfDiskSpace                                   iswi.obl(SdDiskReqs.obs)
474  SdPatchWelcome                                     iswi.obl(SdPatchWel.obs)
475  SdPlugInProductName                                isrt.obl(SDINT.obs)
476  SdSetDlgTitle                                      isrt.obl(SDINT.obs)
477  SdSetStatic                                        isrt.obl(SDINT.obs)
478  SdSetupCompleteError                               iswi.obl(SdSetupCompleteError.obs)
479  SdShowMsg                                          isrt.obl(SDSMSG.obs)
480  SdStartCopy                                        isrt.obl(SdStartCopyDlg.obs)
481  SdSubstituteProductInfo                            isrt.obl(SDINT.obs)
482  SdUnInit                                           isrt.obl(SDINT.obs)
483  SdWelcome                                          isrt.obl(SdWelcomeDlg.obs)
484  SdWelcomeMaint                                     isrt.obl(SdWelcomeMaintDlg.obs)
485  SelectDir                                          isrt.obl(SelectDir.obs)
486  SelectDirNoLog                                     isrt.obl(SelectDir.obs)
487  SendMessage                                        isrt.obl(Misc.obs)
488  ServiceInitParams                                  isrt.obl(Service.obs)
489  SetCmdLine                                         isrt.obl(SysVars.obs)
490  SetDisplayEffect                                   isrt.obl(ui.obs)
491  SetExtendedErrInfo                                 isrt.obl(IsUtil.obs)
492  SetFolderDesktop                                   isrt.obl(SysVars.obs)
493  SetFolderPrograms                                  isrt.obl(SysVars.obs)
494  SetFolderStartMenu                                 isrt.obl(SysVars.obs)
495  SetFolderStartup                                   isrt.obl(SysVars.obs)
496  SetGlobalVars                                      iswi.obl(ISWiInit.obs)
497  SetInstallationInfo                                isrt.obl(Registry.obs)
498  SetMifInformationOnly                              isrt.obl(Registry.obs)
499  SetTitle                                           isrt.obl(ui.obs)
500  SetUpdateStatus                                    iswi.obl(HelperFuncs.obs)
501  SetUpdateStatusReboot                              iswi.obl(HelperFuncs.obs)
502  SetupTraceWrite                                    isrt.obl(Misc.obs)
503  SetupType                                          isrt.obl(SetupTypeDlg.obs)
504  SilentDoGeneralInfo                                isrt.obl(Silent.obs)
505  SilentFailed                                       isrt.obl(Silent.obs)
506  SilentFinish                                       isrt.obl(Silent.obs)
507  SilentInit                                         isrt.obl(Silent.obs)
508  SilentReadData                                     isrt.obl(Silent.obs)
509  SilentSetInfo                                      isrt.obl(Silent.obs)
510  SilentSetMode                                      isrt.obl(Silent.obs)
511  SilentWriteData                                    isrt.obl(Silent.obs)
512  Sprintf                                            isrt.obl(Str.obs)
513  SprintfBox                                         isrt.obl(MsgBox.obs)
514  SprintfMsiLog                                      iswi.obl(HelperFuncs.obs)
515  StrAddLastSlash                                    isrt.obl(Str.obs)
516  StrDelete                                          iswi.obl(HelperFuncs.obs)
517  StrFindEx                                          isrt.obl(Str.obs)
518  StrGetTokens                                       isrt.obl(Str.obs)
519  StrLength                                          isrt.obl(Str.obs)
520  StrRemoveLastSlash                                 isrt.obl(Str.obs)
521  StrRemoveSpaces                                    isrt.obl(Str.obs)
522  StrReplace                                         isrt.obl(Str.obs)
523  StrToNumHex                                        isrt.obl(Str.obs)
524  StrToUpper                                         isrt.obl(Str.obs)
525  SysVarsInit                                        isrt.obl(SysVars.obs)
526  SysVarsInitConv                                    iswi.obl(SysVarsConv.obs)
527  SysVarsTrace                                       isrt.obl(SysVars.obs)
528  SysVarsUnInit                                      iswi.obl(SysVarsConv.obs)
529  System                                             isrt.obl(Misc.obs)
530  TextSubGetValue                                    isrt.obl(TextSub.obs)
531  TextSubParseTextSub                                isrt.obl(TextSub.obs)
532  TextSubSetValue                                    isrt.obl(TextSub.obs)
533  TreeViewCreate                                     isrt.obl(CmptView.obs)
534  USER.EnableWindow                                  setup.obs
535  USER.GetClassName                                  setup.obs
536  USER.GetDC                                         setup.obs
537  USER.GetDlgItem                                    setup.obs
538  USER.GetFocus                                      setup.obs
539  USER.GetWindowLong                                 setup.obs
540  USER.IsIconic                                      setup.obs
541  USER.IsWindow                                      setup.obs
542  USER.IsWindowVisible                               setup.obs
543  USER.ReleaseDC                                     setup.obs
544  USER.SendMessageA                                  setup.obs
545  USER.SetFocus                                      setup.obs
546  USER.SetForegroundWindow                           setup.obs
547  USER.SetWindowPos                                  setup.obs
548  USER.SetWindowText                                 setup.obs
549  USER.ShowWindow                                    setup.obs
550  USER32.CharUpperBuffA                              setup.obs
551  USER32.FindWindowA                                 setup.obs
552  USER32.GetDlgItem                                  iswi.obl(SdDiskReqs.obs)
553  USER32.GetSystemMetrics                            setup.obs
554  USER32.GetWindowRect                               iswi.obl(SdDiskReqs.obs)
555  USER32.GetWindowText                               setup.obs
556  USER32.GetWindowTextLength                         setup.obs
557  USER32.MessageBoxA                                 setup.obs
558  USER32.MsgWaitForMultipleObjects                   setup.obs
559  USER32.PeekMessageA                                setup.obs
560  USER32.SendMessageA                                setup.obs
561  USER32.SetWindowLong                               setup.obs
562  USER32.SetWindowRgn                                setup.obs
563  UpdateServiceEnableUpdateService                   isrt.obl(ISUpdateService.obs)
564  User32.DestroyWindow                               iswi.obl(SdDiskReqs.obs)
565  User32.LoadStringA                                 iswi.obl(ComponentConv.obs)
566  VarInit                                            isrt.obl(SysVars.obs)
567  VarRestore                                         iswi.obl(SysVarsConv.obs)
568  VarRestoreISRT                                     isrt.obl(SysVars.obs)
569  VarSave                                            iswi.obl(SysVarsConv.obs)
570  VarSaveISRT                                        isrt.obl(SysVars.obs)
571  VerProductGetInstalledVersion                      isrt.obl(version.obs)
572  VerProductNumToStr                                 isrt.obl(version.obs)
573  VerProductVerPartsFromVer                          isrt.obl(version.obs)
574  WaitOnDialog                                       isrt.obl(CustomDialog.obs)
575  WriteLine                                          isrt.obl(Files.obs)
576  __AddIntegerToArray                                iswi.obl(HelperFuncs.obs)
577  __AddStringToArray                                 iswi.obl(HelperFuncs.obs)
578  __Begin                                            iswi.obl(DriverConv.obs)
579  __ComponentListItemsEx                             iswi.obl(CompHelperFuncs.obs)
580  __ComponentListItemsExInstall                      iswi.obl(CompHelperFuncs.obs)
581  __ComponentListItemsExUnInstall                    iswi.obl(CompHelperFuncs.obs)
582  __ComponentMoveXferData                            iswi.obl(CompHelperFuncs.obs)
583  __End                                              iswi.obl(DriverConv.obs)
584  __GetFinishMode                                    iswi.obl(ISWiInit.obs)
585  __GetMsiHandle                                     iswi.obl(SysVarsConv.obs)
586  __GetSourceDir                                     iswi.obl(SysVarsConv.obs)
587  __HandleError                                      iswi.obl(ErrHandler.obs)
588  __ISRTDoExit                                       isrt.obl(Misc.obs)
589  __ISRTInit                                         isrt.obl(ISRTInit.obs)
590  __ISRTRestoreMainLog                               isrt.obl(ISRTInit.obs)
591  __ISRTRestoreMainLogEx                             isrt.obl(ISRTInit.obs)
592  __ISRTSetComponentLog                              isrt.obl(ISRTInit.obs)
593  __ISRTUnInit                                       isrt.obl(ISRTInit.obs)
594  __ISWIInit                                         iswi.obl(ISWiInit.obs)
595  __ISWIMsiHandle                                    iswi.obl(ISWiInit.obs)
596  __ISWIUnInit                                       iswi.obl(ISWiInit.obs)
597  __IsArrayEmpty                                     iswi.obl(HelperFuncs.obs)
598  __LoadIScriptString                                isrt.obl(LoadStr.obs)
599  __Moved                                            iswi.obl(FileTransferFuncsConv.obs)
600  __Moving                                           iswi.obl(FileTransferFuncsConv.obs)
601  __MsiOpenView                                      iswi.obl(CompHelperFuncs.obs)
602  __MsiQueryFeatureState                             iswi.obl(MsiWrappersConv.obs)
603  __MsiRecordGetString                               iswi.obl(MsiWrappersConv.obs)
604  __OnAbort                                          iswi.obl(DriverConv.obs)
605  __OnAdminPatch                                     iswi.obl(DriverConv.obs)
606  __OnAdministrativeInstall                          iswi.obl(DriverConv.obs)
607  __OnAdvertisement                                  iswi.obl(DriverConv.obs)
608  __OnBegin                                          iswi.obl(DriverConv.obs)
609  __OnCanceling                                      iswi.obl(DriverConv.obs)
610  __OnEnd                                            iswi.obl(DriverConv.obs)
611  __OnError                                          iswi.obl(DriverConv.obs)
612  __OnMsiMaintenance                                 iswi.obl(DriverConv.obs)
613  __OnMsiRebooted                                    iswi.obl(DriverConv.obs)
614  __OnMsiSilentInstall                               iswi.obl(DriverConv.obs)
615  __OnMsiUninstall                                   iswi.obl(DriverConv.obs)
616  __OnPatch                                          iswi.obl(DriverConv.obs)
617  __OnResume                                         iswi.obl(DriverConv.obs)
618  __OnWarning                                        iswi.obl(DriverConv.obs)
619  __ResetMsiObject                                   iswi.obl(ISWiInit.obs)
620  __SetMaintenance                                   iswi.obl(ISWiInit.obs)
621  __SetMsiHandle                                     iswi.obl(SysVarsConv.obs)
622  __SetMsiServer                                     iswi.obl(ISWiInit.obs)
623  __SetPatch                                         iswi.obl(SysVarsConv.obs)
624  __SetSourceDir                                     iswi.obl(SysVarsConv.obs)
625  isrt._ComponentGetData                             iswi.obl(ComponentConv.obs)
626  isrt._ComponentIsItemSelected                      iswi.obl(ComponentConv.obs)
627  isrt._ComponentListItems                           iswi.obl(ComponentConv.obs)
628  isrt._ComponentReinstall                           iswi.obl(ComponentConv.obs)
629  isrt._ComponentRemoveAll                           iswi.obl(ComponentConv.obs)
630  isrt._ComponentSelectItem                          iswi.obl(ComponentConv.obs)
631  isrt._ComponentSetupTypeSet                        iswi.obl(ComponentConv.obs)
632  isrt._EnableDialogCache                            iswi.obl(ISWiInit.obs)
633  kernel32.GetLocalTime                              iswi.obl(ErrHandler.obs)
634  kernel32.GetWindowsDirectoryA                      iswi.obl(ErrHandler.obs)
635  msi.MsiCloseHandle                                 iswi.obl(RedirectedMsiFuncsConv.obs)
636  msi.MsiCreateRecord                                iswi.obl(RedirectedMsiFuncsConv.obs)
637  msi.MsiDatabaseOpenViewA                           setup.obs
638  msi.MsiDoActionA                                   setup.obs
639  msi.MsiGetActiveDatabase                           iswi.obl(RedirectedMsiFuncsConv.obs)
640  msi.MsiGetProductInfoA                             setup.obs
641  msi.MsiGetPropertyA                                setup.obs
642  msi.MsiGetSourcePathA                              setup.obs
643  msi.MsiGetTargetPathA                              setup.obs
644  msi.MsiOpenDatabaseA                               setup.obs
645  msi.MsiProcessMessage                              iswi.obl(RedirectedMsiFuncsConv.obs)
646  msi.MsiQueryFeatureStateA                          setup.obs
647  msi.MsiRecordGetInteger                            iswi.obl(RedirectedMsiFuncsConv.obs)
648  msi.MsiRecordGetStringA                            setup.obs
649  msi.MsiRecordSetStringA                            setup.obs
650  msi.MsiSetPropertyA                                setup.obs
651  msi.MsiSetTargetPathA                              setup.obs
652  msi.MsiViewExecute                                 iswi.obl(RedirectedMsiFuncsConv.obs)
653  msi.MsiViewFetch                                   iswi.obl(RedirectedMsiFuncsConv.obs)
654  program                                            iswi.obl(DriverConv.obs)
655  sfc.SRSetRestorePoint                              setup.obs


***** External Variables *****
1    ADDREMOVE                                          iswi.obl(HelperFuncs.obs)
2    ADDREMOVE_COMBINEDBUTTON                           setup.obs
3    ADDREMOVE_HIDECHANGEOPTION                         setup.obs
4    ADDREMOVE_HIDEREMOVEOPTION                         setup.obs
5    ADDREMOVE_HIDEREPAIROPTION                         setup.obs
6    ADDREMOVE_STRING_REMOVEONLY                        setup.obs
7    ADDREMOVE_SYSTEMCOMPONENT                          setup.obs
8    ADMINUSER                                          setup.obs
9    ALLUSERS                                           setup.obs
10   AdminToolsFolder                                   iswi.obl(DebugSymbolsConv.obs)
11   AppDataFolder                                      iswi.obl(DebugSymbolsConv.obs)
12   BASICMSI                                           iswi.obl(HelperFuncs.obs)
13   BATCH_INSTALL                                      setup.obs
14   CMDLINE                                            iswi.obl(HelperFuncs.obs)
15   CMPTFILTERLANGOBJ                                  iswi.obl(CompHelperFuncs.obs)
16   COMMONFILES                                        iswi.obl(HelperFuncs.obs)
17   COMMONFILES64                                      iswi.obl(HelperFuncs.obs)
18   CommonAppDataFolder                                iswi.obl(DebugSymbolsConv.obs)
19   CommonFiles64Folder                                iswi.obl(DebugSymbolsConv.obs)
20   CommonFilesFolder                                  iswi.obl(DebugSymbolsConv.obs)
21   DISABLE_ALLUSERBTN                                 setup.obs
22   DISABLE_PERUSERBTN                                 setup.obs
23   DISK1SETUPEXENAME                                  iswi.obl(HelperFuncs.obs)
24   DISK1TARGET                                        setup.obs
25   DesktopFolder                                      iswi.obl(DebugSymbolsConv.obs)
26   ENABLED_ISERVICES                                  iswi.obl(HelperFuncs.obs)
27   ENGINECOMMONDIR                                    iswi.obl(HelperFuncs.obs)
28   ENGINEDIR                                          iswi.obl(HelperFuncs.obs)
29   ERRORFILENAME                                      setup.obs
30   ERRORINFO                                          iswi.obl(ComponentConv.obs)
31   Err                                                setup.obs
32   FEATURE                                            iswi.obl(ComponentConv.obs)
33   FILEERROR                                          iswi.obl(ComponentConv.obs)
34   FILETIME                                           setup.obs
35   FIND_DATA                                          setup.obs
36   FOLDER_APPDATA                                     iswi.obl(HelperFuncs.obs)
37   FOLDER_COMMON_APPDATA                              iswi.obl(HelperFuncs.obs)
38   FOLDER_DESKTOP                                     iswi.obl(HelperFuncs.obs)
39   FOLDER_DOTNET_10                                   iswi.obl(HelperFuncs.obs)
40   FOLDER_DOTNET_11                                   iswi.obl(HelperFuncs.obs)
41   FOLDER_DOTNET_20                                   iswi.obl(HelperFuncs.obs)
42   FOLDER_FONTS                                       iswi.obl(HelperFuncs.obs)
43   FOLDER_LOCAL_APPDATA                               iswi.obl(HelperFuncs.obs)
44   FOLDER_PERSONAL                                    iswi.obl(HelperFuncs.obs)
45   FOLDER_PROGRAMS                                    iswi.obl(HelperFuncs.obs)
46   FOLDER_STARTMENU                                   iswi.obl(HelperFuncs.obs)
47   FOLDER_STARTUP                                     iswi.obl(HelperFuncs.obs)
48   FOLDER_TEMP                                        iswi.obl(HelperFuncs.obs)
49   FavoritesFolder                                    iswi.obl(DebugSymbolsConv.obs)
50   FileRegistrar                                      setup.obs
51   FontsFolder                                        iswi.obl(DebugSymbolsConv.obs)
52   HKEYCURRENTROOTKEY                                 setup.obs
53   IFX_COMPANY_NAME                                   setup.obs
54   IFX_INSTALLED_DISPLAY_VERSION                      setup.obs
55   IFX_INSTALLED_VERSION                              setup.obs
56   IFX_KEYPATH_PRODUCT_INFO                           setup.obs
57   IFX_MULTI_INSTANCE_SUFFIX                          setup.obs
58   IFX_NETAPI_GROUP                                   setup.obs
59   IFX_NETAPI_PASSWORD                                setup.obs
60   IFX_NETAPI_USER_ACCOUNT                            setup.obs
61   IFX_PRODUCT_COMMENTS                               setup.obs
62   IFX_PRODUCT_DISPLAY_NAME                           setup.obs
63   IFX_PRODUCT_DISPLAY_VERSION                        setup.obs
64   IFX_PRODUCT_ICON                                   setup.obs
65   IFX_PRODUCT_KEY                                    setup.obs
66   IFX_PRODUCT_NAME                                   setup.obs
67   IFX_PRODUCT_README                                 setup.obs
68   IFX_PRODUCT_REGISTEREDCOMPANY                      setup.obs
69   IFX_PRODUCT_REGISTEREDOWNER                        setup.obs
70   IFX_PRODUCT_REGISTEREDSERIALNUM                    setup.obs
71   IFX_PRODUCT_SUPPORT_CONTACT                        setup.obs
72   IFX_PRODUCT_SUPPORT_PHONE                          setup.obs
73   IFX_PRODUCT_SUPPORT_URL                            setup.obs
74   IFX_PRODUCT_UPDATE_URL                             setup.obs
75   IFX_PRODUCT_URL                                    setup.obs
76   IFX_PRODUCT_VERSION                                setup.obs
77   IFX_SETUP_TITLE                                    setup.obs
78   IFX_SUPPORTED_VERSIONS                             setup.obs
79   IISROOTFOLDER                                      iswi.obl(HelperFuncs.obs)
80   INFOFILENAME                                       setup.obs
81   INSTALLDIR                                         setup.obs
82   INSTALLSCRIPTMSI                                   iswi.obl(HelperFuncs.obs)
83   INSTANCE_GUID                                      iswi.obl(HelperFuncs.obs)
84   ISDIFXAPPID                                        setup.obs
85   ISMSI_HANDLE                                       iswi.obl(DebugSymbolsConv.obs)
86   ISRES                                              iswi.obl(HelperFuncs.obs)
87   ISUSER                                             iswi.obl(HelperFuncs.obs)
88   ISUTIL_FUNCTION_ACTUAL_ERROR                       setup.obs
89   ISUTIL_FUNCTION_ERROR                              iswi.obl(CompHelperFuncs.obs)
90   ISUTIL_LINE_NUMBER                                 setup.obs
91   ISUTIL_POSITIVE_ERROR                              iswi.obl(CompHelperFuncs.obs)
92   ISUTIL_SCRIPT_FILE                                 setup.obs
93   ISVERSION                                          iswi.obl(HelperFuncs.obs)
94   LAAW_PARAMETERS                                    setup.obs
95   LAAW_PROCESS_INFORMATION                           setup.obs
96   LAAW_STARTUPINFO                                   setup.obs
97   LAST_RESULT                                        setup.obs
98   LVITEM                                             iswi.obl(SdDiskReqs.obs)
99   LV_COLUMN                                          iswi.obl(SdDiskReqs.obs)
100  LocalAppDataFolder                                 iswi.obl(DebugSymbolsConv.obs)
101  LogDB                                              setup.obs
102  MAINTENANCE                                        iswi.obl(HelperFuncs.obs)
103  MAINT_OPTION                                       iswi.obl(HelperFuncs.obs)
104  MEDIA                                              setup.obs
105  MEDIA_INFO                                         iswi.obl(FeatureConv.obs)
106  MODE                                               setup.obs
107  MSG                                                setup.obs
108  MULTI_INSTANCE_COUNT                               iswi.obl(HelperFuncs.obs)
109  MainWindow                                         setup.obs
110  MyPicturesFolder                                   iswi.obl(DebugSymbolsConv.obs)
111  NOTHING                                            setup.obs
112  NetHoodFolder                                      iswi.obl(DebugSymbolsConv.obs)
113  OSINFO_PLATFORM_INFO                               setup.obs
114  OSINFO_PROCESSOR_INFO                              setup.obs
115  OSVERSIONINFO                                      setup.obs
116  OSVERSIONINFOEX                                    setup.obs
117  Objects                                            setup.obs
118  OriginalDatabase                                   iswi.obl(DebugSymbolsConv.obs)
119  PACKAGE_LOCATION                                   iswi.obl(HelperFuncs.obs)
120  PATCH                                              iswi.obl(DebugSymbolsConv.obs)
121  POINT                                              setup.obs
122  PRIVILEGED                                         setup.obs
123  PROCESS_INFORMATION                                setup.obs
124  PRODUCT_GUID                                       iswi.obl(HelperFuncs.obs)
125  PROGRAMFILES                                       iswi.obl(HelperFuncs.obs)
126  PROGRAMFILES64                                     iswi.obl(HelperFuncs.obs)
127  PersonalFolder                                     iswi.obl(DebugSymbolsConv.obs)
128  PrintHoodFolder                                    iswi.obl(DebugSymbolsConv.obs)
129  ProgramFiles64Folder                               iswi.obl(DebugSymbolsConv.obs)
130  ProgramFilesFolder                                 iswi.obl(DebugSymbolsConv.obs)
131  ProgramMenuFolder                                  iswi.obl(DebugSymbolsConv.obs)
132  RECT                                               setup.obs
133  REGDB_OPTIONS                                      setup.obs
134  REMOVEALLMODE                                      iswi.obl(HelperFuncs.obs)
135  REMOVEONLY                                         iswi.obl(HelperFuncs.obs)
136  RUN_ONCE_PROGRAM                                   iswi.obl(HelperFuncs.obs)
137  Reboot                                             setup.obs
138  RecentFolder                                       iswi.obl(DebugSymbolsConv.obs)
139  SELECTED_LANGUAGE                                  iswi.obl(HelperFuncs.obs)
140  SERVICE_IS_PARAMS                                  setup.obs
141  SETUPTYPE_STR_COMPACT                              setup.obs
142  SETUPTYPE_STR_COMPLETE                             setup.obs
143  SETUPTYPE_STR_CUSTOM                               setup.obs
144  SETUPTYPE_STR_TYPICAL                              setup.obs
145  SHELL_OBJECT_FOLDER                                setup.obs
146  SHOW_PASSWORD_DIALOG                               iswi.obl(HelperFuncs.obs)
147  SRCDIR                                             setup.obs
148  SRCDISK                                            iswi.obl(HelperFuncs.obs)
149  STARTUPINFO                                        setup.obs
150  SUPPORTDIR                                         iswi.obl(HelperFuncs.obs)
151  SYSTEMTIME                                         setup.obs
152  SYSTEMTIME2                                        iswi.obl(ErrHandler.obs)
153  SendToFolder                                       iswi.obl(DebugSymbolsConv.obs)
154  SetupInfo                                          setup.obs
155  SourceDir                                          iswi.obl(DebugSymbolsConv.obs)
156  StartMenuFolder                                    iswi.obl(DebugSymbolsConv.obs)
157  StartupFolder                                      iswi.obl(DebugSymbolsConv.obs)
158  StatusDlg                                          setup.obs
159  System16Folder                                     iswi.obl(DebugSymbolsConv.obs)
160  System64Folder                                     iswi.obl(DebugSymbolsConv.obs)
161  SystemFolder                                       iswi.obl(DebugSymbolsConv.obs)
162  TARGETDIR                                          setup.obs
163  TARGETDISK                                         iswi.obl(HelperFuncs.obs)
164  TempFolder                                         iswi.obl(DebugSymbolsConv.obs)
165  TemplateFolder                                     iswi.obl(DebugSymbolsConv.obs)
166  TextSub                                            setup.obs
167  UNINST                                             setup.obs
168  UNINSTALLKEY                                       setup.obs
169  UNINSTALL_DISPLAYNAME                              setup.obs
170  UNINSTALL_STRING                                   setup.obs
171  UPDATEMODE                                         setup.obs
172  WINDIR                                             iswi.obl(HelperFuncs.obs)
173  WINDISK                                            iswi.obl(HelperFuncs.obs)
174  WINSYSDIR                                          iswi.obl(HelperFuncs.obs)
175  WINSYSDIR64                                        iswi.obl(HelperFuncs.obs)
176  WINSYSDISK                                         iswi.obl(HelperFuncs.obs)
177  WindowsFolder                                      iswi.obl(DebugSymbolsConv.obs)
178  WindowsVolume                                      iswi.obl(DebugSymbolsConv.obs)
179  _INT64                                             setup.obs
180  _LAAW_PARAMETERS                                   setup.obs
181  _LAAW_TEMP_DATA                                    isrt.obl(Extend.obs)
182  _RESTOREINFO_                                      setup.obs
183  _RESTOREPTINFO                                     setup.obs
184  _SERVICE_IS_PARAMS                                 setup.obs
185  _SMGRSTATUS                                        setup.obs
186  _SMGSTATUS_                                        setup.obs
187  _WIN9X                                             setup.obs
188  _WINNT                                             setup.obs
189  __SYSTEMINFORMATION                                setup.obs
190  __SYSTEMPROCESSORINFORMATION                       setup.obs
191  __gbAliasingOff                                    iswi.obl(CompHelperFuncs.obs)
192  __gbCheckForUpdate                                 iswi.obl(CompHelperFuncs.obs)
193  __gbCheckUpdateReboot                              iswi.obl(CompHelperFuncs.obs)
194  __gbGetTarget                                      iswi.obl(CompHelperFuncs.obs)
195  __gbInitialized                                    iswi.obl(CompHelperFuncs.obs)
196  __gbInstallInfo                                    setup.obs
197  __gbMaintenance                                    iswi.obl(CompHelperFuncs.obs)
198  __gbReopening                                      iswi.obl(CompHelperFuncs.obs)
199  __ghActiveDataBase                                 iswi.obl(CompHelperFuncs.obs)
200  __ghErrFileHandle                                  iswi.obl(CompHelperFuncs.obs)
201  __ghMsiInstall                                     iswi.obl(CompHelperFuncs.obs)
202  __gnButtonSelected                                 iswi.obl(CompHelperFuncs.obs)
203  __gnLastError                                      iswi.obl(CompHelperFuncs.obs)
204  __gnMsiReturn                                      iswi.obl(CompHelperFuncs.obs)
205  __gnOSMask                                         iswi.obl(CompHelperFuncs.obs)
206  __gnScriptMode                                     iswi.obl(CompHelperFuncs.obs)
207  __goISDriver                                       iswi.obl(CompHelperFuncs.obs)
208  __goLanguageFilter                                 iswi.obl(CompHelperFuncs.obs)
209  __goMsiServer                                      iswi.obl(CompHelperFuncs.obs)
210  __gsINSTALLDIR                                     iswi.obl(CompHelperFuncs.obs)
211  __gsProductGuid                                    iswi.obl(CompHelperFuncs.obs)
212  __gsSourceDir                                      iswi.obl(CompHelperFuncs.obs)
213  __hContext                                         iswi.obl(CompHelperFuncs.obs)
214  __objGlobalTextSub                                 setup.obs
215  __objStringTable                                   iswi.obl(ISWiInit.obs)
216  __szGUID                                           isrt.obl(ISRTInit.obs)
217  bBackButton                                        setup.obs
218  bCancelButton                                      setup.obs
219  bEnterDiskBeep                                     iswi.obl(AdminAskPath.obs)
220  bFinishButton                                      setup.obs
221  bIfxPCHInitialized                                 setup.obs
222  bIfxPCHOn                                          setup.obs
223  bInstall16                                         setup.obs
224  bNextButton                                        setup.obs
225  bSdInit                                            setup.obs
226  bViewCmptKunits                                    setup.obs
227  bViewCmptUseDecimal                                setup.obs
228  g_bSuppressMissingStringWarning                    iswi.obl(DriverConv.obs)
229  nIfxPCHType                                        setup.obs
230  szAppKey                                           setup.obs
231  szSdProduct                                        setup.obs
232  szSdStr_NotEnoughSpace                             setup.obs
