***** External Functions *****
1    AddAppName                                         setup.obs
2    AdminAskPath                                       iswi.obl(AdminAskPath.obs)
3    AllFeaturesDeselected                              iswi.obl(CompHelperFuncs.obs)
4    CHECK_RETURN                                       iswi.obl(ErrHandler.obs)
5    ChangeDirectory                                    isrt.obl(Files.obs)
6    CheckVirtDirExists                                 setup.obs
7    CheckWebSite                                       setup.obs
8    CloseFile                                          isrt.obl(Files.obs)
9    CmdGetHwndDlg                                      isrt.obl(CustomDialog.obs)
10   CoCreateObject                                     isrt.obl(Misc.obs)
11   CoGetObject                                        isrt.obl(Misc.obs)
12   ComponentCompareSizeRequired                       isrt.obl(component.obs)
13   ComponentErrorInfo                                 isrt.obl(component.obs)
14   ComponentGetData                                   isrt.obl(component.obs)
15   ComponentGetTotalCost                              isrt.obl(component.obs)
16   ComponentIsItemSelected                            isrt.obl(component.obs)
17   ComponentListItems                                 isrt.obl(component.obs)
18   ComponentReinstall                                 isrt.obl(component.obs)
19   ComponentRemoveAll                                 isrt.obl(component.obs)
20   ComponentSaveTarget                                isrt.obl(component.obs)
21   ComponentSelectItem                                isrt.obl(component.obs)
22   ComponentTransferData                              isrt.obl(component.obs)
23   ComponentTreeInit                                  isrt.obl(Dialogs.obs)
24   ConfigFileLoad                                     isrt.obl(Config.obs)
25   ConfigFileSave                                     isrt.obl(Config.obs)
26   CreateDir                                          isrt.obl(Files.obs)
27   CreateFile                                         isrt.obl(Files.obs)
28   CreateInstallationInfo                             isrt.obl(Registry.obs)
29   CtrlGetNotificationCode                            isrt.obl(CustomDialog.obs)
30   CtrlGetState                                       isrt.obl(CustomDialog.obs)
31   CtrlGetSubCommand                                  isrt.obl(CustomDialog.obs)
32   CtrlGetText                                        isrt.obl(CustomDialog.obs)
33   CtrlSelectText                                     isrt.obl(CustomDialog.obs)
34   CtrlSetList                                        isrt.obl(CustomDialog.obs)
35   CtrlSetMLEText                                     isrt.obl(CustomDialog.obs)
36   CtrlSetState                                       isrt.obl(CustomDialog.obs)
37   CtrlSetText                                        isrt.obl(CustomDialog.obs)
38   DefineDialog                                       isrt.obl(CustomDialog.obs)
39   DeleteFile                                         isrt.obl(Files.obs)
40   DeleteSingleFile                                   isrt.obl(Files.obs)
41   DialogSetDefaultFont                               isrt.obl(Dialogs.obs)
42   DialogSetFont                                      isrt.obl(Dialogs.obs)
43   DialogSetInfo                                      isrt.obl(Dialogs.obs)
44   Disable                                            isrt.obl(Enable.obs)
45   DllSizeOf                                          isrt.obl(Str.obs)
46   Do                                                 isrt.obl(Misc.obs)
47   Enable                                             isrt.obl(Enable.obs)
48   EndCurrentDialog                                   isrt.obl(Dialogs.obs)
49   EndDialog                                          isrt.obl(CustomDialog.obs)
50   ExistsDir                                          isrt.obl(Files.obs)
51   EzDefineDialog                                     isrt.obl(CustomDialog.obs)
52   FeatureCompareSizeRequired                         iswi.obl(FeatureConv.obs)
53   FeatureErrorInfo                                   iswi.obl(ComponentConv.obs)
54   FeatureFilterLanguage                              iswi.obl(ComponentConv.obs)
55   FeatureFilterOS                                    iswi.obl(ComponentConv.obs)
56   FeatureGetData                                     iswi.obl(ComponentConv.obs)
57   FeatureGetTotalCost                                iswi.obl(FeatureConv.obs)
58   FeatureIsItemSelected                              iswi.obl(ComponentConv.obs)
59   FeatureListItems                                   iswi.obl(ComponentConv.obs)
60   FeatureReinstall                                   iswi.obl(ComponentConv.obs)
61   FeatureRemoveAll                                   iswi.obl(ComponentConv.obs)
62   FeatureSaveTarget                                  iswi.obl(FeatureConv.obs)
63   FeatureSelectItem                                  iswi.obl(ComponentConv.obs)
64   FeatureSetupTypeSet                                iswi.obl(ComponentConv.obs)
65   FeatureStandardSetupTypeSet                        iswi.obl(FeatureConv.obs)
66   FeatureTransferData                                iswi.obl(ComponentConv.obs)
67   FeaturesInstalled                                  iswi.obl(FileTransferFuncsConv.obs)
68   FeaturesInstalling                                 iswi.obl(FileTransferFuncsConv.obs)
69   FindFile                                           isrt.obl(Files.obs)
70   FindWindow                                         isrt.obl(Misc.obs)
71   FixUpCmdLine                                       iswi.obl(HelperFuncs.obs)
72   FixUpCmdLinePostReboot                             iswi.obl(HelperFuncs.obs)
73   FormatMessage                                      isrt.obl(Misc.obs)
74   GDI32.CreateRectRgn                                setup.obs
75   GDI32.GetDeviceCaps                                setup.obs
76   GeneratedMSIScript                                 iswi.obl(FileTransferFuncsConv.obs)
77   GeneratingMSIScript                                iswi.obl(FileTransferFuncsConv.obs)
78   GetBasicMSI                                        isrt.obl(SysVars.obs)
79   GetBillboard                                       isrt.obl(SysVars.obs)
80   GetCommonFiles                                     isrt.obl(SysVars.obs)
81   GetComponentsFeatures                              iswi.obl(CompHelperFuncs.obs)
82   GetCurrentDialogName                               isrt.obl(Dialogs.obs)
83   GetCurrentDir                                      isrt.obl(Files.obs)
84   GetDialogTitle                                     isrt.obl(Dialogs.obs)
85   GetDir                                             isrt.obl(Str.obs)
86   GetDisk                                            isrt.obl(Str.obs)
87   GetDisk1SetupExeName                               isrt.obl(SysVars.obs)
88   GetDiskSpace                                       isrt.obl(GSI.obs)
89   GetDiskSpaceEx                                     isrt.obl(GSI.obs)
90   GetEnabledIServices                                isrt.obl(SysVars.obs)
91   GetExtents                                         isrt.obl(GSI.obs)
92   GetFolderApplications                              isrt.obl(SysVars.obs)
93   GetFolderApplications64                            isrt.obl(SysVars.obs)
94   GetFolderDotNet10                                  isrt.obl(SysVars.obs)
95   GetFolderDotNet11                                  isrt.obl(SysVars.obs)
96   GetFolderDotNet20                                  isrt.obl(SysVars.obs)
97   GetISRes                                           isrt.obl(SysVars.obs)
98   GetKeyPathWinCurrVerAuto                           isrt.obl(SysVars.obs)
99   GetLog                                             isrt.obl(SysVars.obs)
100  GetMSIFeatureName                                  iswi.obl(CompHelperFuncs.obs)
101  GetMaintenance                                     iswi.obl(ISWiInit.obs)
102  GetMsiFeaturePath                                  iswi.obl(CompHelperFuncs.obs)
103  GetMsiNameFromAliasTable                           iswi.obl(CompHelperFuncs.obs)
104  GetOpenFileMode                                    isrt.obl(Files.obs)
105  GetPackageLocation                                 isrt.obl(SysVars.obs)
106  GetProductGUID                                     iswi.obl(ISWiInit.obs)
107  GetProfSectionKeyCount                             isrt.obl(Profile.obs)
108  GetProfString                                      isrt.obl(Profile.obs)
109  GetProfStringList                                  isrt.obl(Profile.obs)
110  GetRemoveAllMode                                   isrt.obl(SysVars.obs)
111  GetRemoveOnly                                      isrt.obl(SysVars.obs)
112  GetSelectedLanguage                                isrt.obl(SysVars.obs)
113  GetSelectedTreeComponent                           isrt.obl(CmptView.obs)
114  GetSupportDir                                      isrt.obl(SysVars.obs)
115  GetSystemInfo                                      isrt.obl(GSI.obs)
116  GetTempFolder                                      isrt.obl(SysVars.obs)
117  GetUpdateStatus                                    iswi.obl(HelperFuncs.obs)
118  GetUpdateStatusReboot                              iswi.obl(HelperFuncs.obs)
119  GetUserSelectableAuto                              isrt.obl(SysVars.obs)
120  GetValidDrivesList                                 isrt.obl(GSI.obs)
121  GetWinDir                                          isrt.obl(SysVars.obs)
122  GetWinDisk                                         isrt.obl(SysVars.obs)
123  GetWinSysDir                                       isrt.obl(SysVars.obs)
124  GetWindowHandle                                    iswi.obl(MiscConv.obs)
125  HIWORD                                             isrt.obl(Misc.obs)
126  ISDeterminePlatform                                isrt.obl(OsInfo.obs)
127  ISMIF32.InstallStatusMIF                           isrt.obl(MIF.obs)
128  ISRT.ComponentViewSetInfoEx                        isrt.obl(Dialogs.obs)
129  ISRT.EnableHourGlass                               isrt.obl(Enable.obs)
130  ISRT.GetCPUType                                    isrt.obl(GSI.obs)
131  ISRT.GetFontSub                                    isrt.obl(Dialogs.obs)
132  ISRT.GetHandle                                     setup.obs
133  ISRT.GetPorts                                      isrt.obl(GSI.obs)
134  ISRT.IsEmpty                                       setup.obs
135  ISRT.IsNTAdmin                                     isrt.obl(Is.obs)
136  ISRT.IsObject                                      setup.obs
137  ISRT.IsPowerUser                                   isrt.obl(Is.obs)
138  ISRT.LangLoadString                                isrt.obl(SDINT.obs)
139  ISRT.MessageBeepP                                  setup.obs
140  ISRT.PathCompactPathPixel                          isrt.obl(CustomDialog.obs)
141  ISRT.PathGetDir                                    isrt.obl(Str.obs)
142  ISRT.PathGetDrive                                  isrt.obl(Str.obs)
143  ISRT.PathGetFile                                   isrt.obl(Files.obs)
144  ISRT.PathGetFileExt                                isrt.obl(Str.obs)
145  ISRT.PathGetFileName                               isrt.obl(Str.obs)
146  ISRT.PathGetLongFromShort                          isrt.obl(Str.obs)
147  ISRT.PathGetPath                                   isrt.obl(Str.obs)
148  ISRT.PathIsValidSyntax                             isrt.obl(Is.obs)
149  ISRT.VerGetFileVersion                             setup.obs
150  ISRT._BrowseForFolder                              isrt.obl(SelectDir.obs)
151  ISRT._CloseFile                                    isrt.obl(Files.obs)
152  ISRT._CmdGetHwndDlg                                isrt.obl(CustomDialog.obs)
153  ISRT._CoGetObject                                  isrt.obl(Misc.obs)
154  ISRT._CompareDWORD                                 isrt.obl(Extend.obs)
155  ISRT._ComponentCompareSizeRequired                 iswi.obl(FeatureConv.obs)
156  ISRT._ComponentGetTotalCost                        iswi.obl(FeatureConv.obs)
157  ISRT._ComponentGetTotalCostEx                      isrt.obl(SdComponentTreeDlg.obs)
158  ISRT._ComponentSaveTarget                          iswi.obl(FeatureConv.obs)
159  ISRT._CreateDir                                    isrt.obl(Files.obs)
160  ISRT._CreateObject                                 isrt.obl(Misc.obs)
161  ISRT._CtrlGetNotificationCode                      isrt.obl(CustomDialog.obs)
162  ISRT._CtrlGetSubCommand                            isrt.obl(CustomDialog.obs)
163  ISRT._CtrlSetMLERichText                           isrt.obl(CustomDialog.obs)
164  ISRT._DefineDialog                                 isrt.obl(CustomDialog.obs)
165  ISRT._DialogSetFont                                isrt.obl(Dialogs.obs)
166  ISRT._DisableStatus                                isrt.obl(Enable.obs)
167  ISRT._DoSprintf                                    iswi.obl(HelperFuncs.obs)
168  ISRT._EnableDialogCache                            isrt.obl(Enable.obs)
169  ISRT._EnablePrevDialog                             iswi.obl(AdminAskPath.obs)
170  ISRT._EnableSkins                                  isrt.obl(Enable.obs)
171  ISRT._EnableStatus                                 isrt.obl(Enable.obs)
172  ISRT._EnableWow64FsRedirection                     isrt.obl(Enable.obs)
173  ISRT._EndDialog                                    isrt.obl(CustomDialog.obs)
174  ISRT._ExistsDir                                    isrt.obl(Files.obs)
175  ISRT._ExistsFile                                   isrt.obl(Files.obs)
176  ISRT._GetCurrentDialogName                         isrt.obl(Dialogs.obs)
177  ISRT._GetDiskSpaceEx                               isrt.obl(GSI.obs)
178  ISRT._GetDiskSpaceExEx                             isrt.obl(SdComponentTreeDlg.obs)
179  ISRT._GetGlobalMemorySize                          isrt.obl(GSI.obs)
180  ISRT._GetProcessorInfo                             isrt.obl(OsInfo.obs)
181  ISRT._GetRunningChildProcess                       isrt.obl(Extend.obs)
182  ISRT._GetSelectedTreeComponent                     isrt.obl(CmptView.obs)
183  ISRT._GetSupportDir                                isrt.obl(SysVars.obs)
184  ISRT._IsFontTypefaceNameAvailable                  isrt.obl(Is.obs)
185  ISRT._IsInAdminGroup                               isrt.obl(Is.obs)
186  ISRT._IsSkinLoaded                                 isrt.obl(Is.obs)
187  ISRT._IsWindowsME                                  isrt.obl(GSI.obs)
188  ISRT._IsWow64                                      isrt.obl(OsInfo.obs)
189  ISRT._ListAddItem                                  isrt.obl(scrlist.obs)
190  ISRT._ListAddString                                isrt.obl(scrlist.obs)
191  ISRT._ListCount                                    isrt.obl(scrlist.obs)
192  ISRT._ListCreate                                   isrt.obl(scrlist.obs)
193  ISRT._ListCurrentString                            isrt.obl(scrlist.obs)
194  ISRT._ListDeleteItem                               isrt.obl(scrlist.obs)
195  ISRT._ListDeleteString                             isrt.obl(scrlist.obs)
196  ISRT._ListDestroy                                  isrt.obl(scrlist.obs)
197  ISRT._ListFindString                               isrt.obl(scrlist.obs)
198  ISRT._ListGetFirstItem                             isrt.obl(scrlist.obs)
199  ISRT._ListGetFirstString                           isrt.obl(scrlist.obs)
200  ISRT._ListGetNextItem                              isrt.obl(scrlist.obs)
201  ISRT._ListGetNextString                            isrt.obl(scrlist.obs)
202  ISRT._ListGetType                                  isrt.obl(scrlist.obs)
203  ISRT._ListSetIndex                                 isrt.obl(scrlist.obs)
204  ISRT._MediaGetInfo                                 iswi.obl(FeatureConv.obs)
205  ISRT._OpenFile                                     isrt.obl(Files.obs)
206  ISRT._Preprogram                                   setup.obs
207  ISRT._RegCreateKey                                 isrt.obl(Registry.obs)
208  ISRT._RegEnableTextSubs                            isrt.obl(Enable.obs)
209  ISRT._RegEnum                                      isrt.obl(Registry.obs)
210  ISRT._RegGetOptions                                isrt.obl(SysVars.obs)
211  ISRT._RegIsRemoteRegConnected                      isrt.obl(Is.obs)
212  ISRT._RegQueryKeyBinaryValue                       isrt.obl(Registry.obs)
213  ISRT._RegQueryKeyValue                             isrt.obl(Registry.obs)
214  ISRT._RegSetKeyBinaryValue                         isrt.obl(Registry.obs)
215  ISRT._RegSetKeyValue                               isrt.obl(Registry.obs)
216  ISRT._RegSetOptions                                isrt.obl(SysVars.obs)
217  ISRT._ReleaseDialog                                isrt.obl(CustomDialog.obs)
218  ISRT._SdShowMsg                                    isrt.obl(SDSMSG.obs)
219  ISRT._SetAltMainImage                              isrt.obl(Dialogs.obs)
220  ISRT._SetDisplayEffect                             isrt.obl(ui.obs)
221  ISRT._SetSilentSdShowMsg                           isrt.obl(Enable.obs)
222  ISRT._SetTitle                                     isrt.obl(ui.obs)
223  ISRT._SetupTraceWrite                              isrt.obl(Misc.obs)
224  ISRT._TreeViewCreate                               isrt.obl(CmptView.obs)
225  ISRT._WaitOnDialog                                 isrt.obl(CustomDialog.obs)
226  ISRT._WriteLine                                    isrt.obl(Files.obs)
227  ISRT.__CreateObjectContext                         isrt.obl(ISRTInit.obs)
228  ISRT.__GetCmdLineOptions                           isrt.obl(ISRTInit.obs)
229  ISRT.__GetContextGUID                              isrt.obl(ISRTInit.obs)
230  ISRT.__GetEnabledIServices                         isrt.obl(SysVars.obs)
231  ISRT.__GetFileRegistrar                            isrt.obl(ISRTInit.obs)
232  ISRT.__GetISMSIStringTableObj                      iswi.obl(ISWiInit.obs)
233  ISRT.__GetInfo                                     isrt.obl(ISRTInit.obs)
234  ISRT.__GetInstallGuid                              isrt.obl(SysVars.obs)
235  ISRT.__GetLog                                      isrt.obl(SysVars.obs)
236  ISRT.__GetLogDB                                    isrt.obl(ISRTInit.obs)
237  ISRT.__GetMainWindow                               setup.obs
238  ISRT.__GetMaintOption                              isrt.obl(SysVars.obs)
239  ISRT.__GetMaintenanceMode                          isrt.obl(SysVars.obs)
240  ISRT.__GetObjects                                  isrt.obl(ISRTInit.obs)
241  ISRT.__GetProductGuid                              isrt.obl(SysVars.obs)
242  ISRT.__GetProgress                                 setup.obs
243  ISRT.__GetReboot                                   isrt.obl(ISRTInit.obs)
244  ISRT.__GetRemoveAllMode                            isrt.obl(SysVars.obs)
245  ISRT.__GetTextSub                                  isrt.obl(ISRTInit.obs)
246  ISRT.__GetUpdateMode                               isrt.obl(SysVars.obs)
247  ISRT.__PutEnabledIServices                         isrt.obl(Enable.obs)
248  ISRT.__ReleaseObjectContext                        isrt.obl(ISRTInit.obs)
249  ISRT.__RestoreMainLog                              isrt.obl(ISRTInit.obs)
250  ISRT.__RestoreMainLogEx                            isrt.obl(ISRTInit.obs)
251  ISRT.__SetComponentLog                             isrt.obl(ISRTInit.obs)
252  ISRT.__SetUpdateMode                               isrt.obl(SysVars.obs)
253  ISRTHandleScriptException                          isrt.obl(Misc.obs)
254  ISRTPreprogram                                     isrt.obl(Driver.obs)
255  ISWIOnAppSearch                                    iswi.obl(DriverConv.obs)
256  ISWIOnCCPSearch                                    iswi.obl(DriverConv.obs)
257  ISWIOnExitInstall                                  iswi.obl(DriverConv.obs)
258  ISWIOnFirstUIAfter                                 iswi.obl(DriverConv.obs)
259  ISWIOnFirstUIBefore                                iswi.obl(DriverConv.obs)
260  ISWIOnInitInstall                                  iswi.obl(DriverConv.obs)
261  ISWIOnMaintUIAfter                                 iswi.obl(DriverConv.obs)
262  ISWIOnMaintUIBefore                                iswi.obl(DriverConv.obs)
263  ISWIOnMoveData                                     iswi.obl(DriverConv.obs)
264  ISWIOnResumeUIAfter                                iswi.obl(DriverConv.obs)
265  ISWIOnResumeUIBefore                               iswi.obl(DriverConv.obs)
266  ISWIPCRestoreAfter                                 iswi.obl(DriverConv.obs)
267  ISWIPCRestoreBefore                                iswi.obl(DriverConv.obs)
268  ISWIPostprogram                                    iswi.obl(DriverConv.obs)
269  ISWIPreprogram                                     iswi.obl(DriverConv.obs)
270  InstallFilesActionAfter                            iswi.obl(FileTransferFuncsConv.obs)
271  InstallFilesActionBefore                           iswi.obl(FileTransferFuncsConv.obs)
272  Is                                                 isrt.obl(Is.obs)
273  IsTestSetup                                        iswi.obl(HelperFuncs.obs)
274  KERNEL.GetModuleHandle                             setup.obs
275  KERNEL32.CloseHandle                               setup.obs
276  KERNEL32.CopyFileA                                 setup.obs
277  KERNEL32.CreateFileA                               setup.obs
278  KERNEL32.CreateProcess                             setup.obs
279  KERNEL32.DeleteFileA                               setup.obs
280  KERNEL32.FindClose                                 setup.obs
281  KERNEL32.FindFirstFileA                            setup.obs
282  KERNEL32.FindNextFileA                             setup.obs
283  KERNEL32.FormatMessageA                            setup.obs
284  KERNEL32.FreeLibrary                               setup.obs
285  KERNEL32.GetCurrentDirectoryA                      setup.obs
286  KERNEL32.GetDriveType                              setup.obs
287  KERNEL32.GetExitCodeProcess                        setup.obs
288  KERNEL32.GetFileAttributesA                        setup.obs
289  KERNEL32.GetLocalTime                              setup.obs
290  KERNEL32.GetLocaleInfo                             setup.obs
291  KERNEL32.GetPrivateProfileSectionA                 setup.obs
292  KERNEL32.GetPrivateProfileString                   setup.obs
293  KERNEL32.GetPrivateProfileStringA                  setup.obs
294  KERNEL32.GetProcAddress                            setup.obs
295  KERNEL32.GetProcessId                              setup.obs
296  KERNEL32.GetProfileSectionA                        setup.obs
297  KERNEL32.GetProfileStringA                         setup.obs
298  KERNEL32.GetShortPathNameA                         setup.obs
299  KERNEL32.GetSystemDefaultLCID                      setup.obs
300  KERNEL32.GetSystemDefaultLangID                    setup.obs
301  KERNEL32.GetSystemDefaultUILanguage                setup.obs
302  KERNEL32.GetTickCount                              setup.obs
303  KERNEL32.GetUserDefaultLangID                      setup.obs
304  KERNEL32.GetVersion                                setup.obs
305  KERNEL32.GetVersionEx                              setup.obs
306  KERNEL32.GetVolumeInformation                      setup.obs
307  KERNEL32.GetWindowsDirectory                       setup.obs
308  KERNEL32.LoadLibraryA                              setup.obs
309  KERNEL32.MoveFileA                                 setup.obs
310  KERNEL32.SetCurrentDirectoryA                      setup.obs
311  KERNEL32.SetFileAttributesA                        setup.obs
312  KERNEL32.WritePrivateProfileSectionA               setup.obs
313  KERNEL32.WritePrivateProfileString                 setup.obs
314  KERNEL32.WritePrivateProfileStringA                setup.obs
315  KERNEL32.WriteProfileSectionA                      setup.obs
316  KERNEL32.WriteProfileStringA                       setup.obs
317  KERNEL32.lstrlen                                   setup.obs
318  Kernel32.GetModuleHandleA                          iswi.obl(ComponentConv.obs)
319  LOWORD                                             isrt.obl(Misc.obs)
320  LaunchAgent                                        iswi.obl(HelperFuncs.obs)
321  LaunchApp                                          isrt.obl(Extend.obs)
322  LaunchAppAndWait                                   isrt.obl(Extend.obs)
323  LaunchAppAndWaitInitStartupInfo                    isrt.obl(Extend.obs)
324  LaunchApplication                                  isrt.obl(Extend.obs)
325  LaunchApplicationInit                              isrt.obl(Extend.obs)
326  ListAddItem                                        isrt.obl(scrlist.obs)
327  ListAddString                                      isrt.obl(scrlist.obs)
328  ListCount                                          isrt.obl(scrlist.obs)
329  ListCreate                                         isrt.obl(scrlist.obs)
330  ListCurrentString                                  isrt.obl(scrlist.obs)
331  ListDeleteItem                                     isrt.obl(scrlist.obs)
332  ListDeleteString                                   isrt.obl(scrlist.obs)
333  ListDestroy                                        isrt.obl(scrlist.obs)
334  ListFindString                                     isrt.obl(scrlist.obs)
335  ListGetFirstItem                                   isrt.obl(scrlist.obs)
336  ListGetFirstString                                 isrt.obl(scrlist.obs)
337  ListGetLastString                                  iswi.obl(CompHelperFuncs.obs)
338  ListGetNextItem                                    isrt.obl(scrlist.obs)
339  ListGetNextString                                  isrt.obl(scrlist.obs)
340  ListGetType                                        isrt.obl(scrlist.obs)
341  ListSetIndex                                       isrt.obl(scrlist.obs)
342  ListValid                                          isrt.obl(scrlist.obs)
343  ListValidType                                      isrt.obl(scrlist.obs)
344  LoadStringFromStringTable                          iswi.obl(ISWiInit.obs)
345  LongPathFromShortPath                              isrt.obl(Str.obs)
346  LongPathToQuote                                    isrt.obl(Str.obs)
347  LongPathToShortPath                                isrt.obl(Str.obs)
348  MAKELONG                                           isrt.obl(Misc.obs)
349  MIFCreateMIFFile                                   isrt.obl(MIF.obs)
350  MIFDeleteMIFFile                                   isrt.obl(MIF.obs)
351  MIFInitialize                                      isrt.obl(MIF.obs)
352  MIFSetInformation                                  isrt.obl(MIF.obs)
353  MIFUnInitialize                                    isrt.obl(MIF.obs)
354  MIFWasSetInformationCalled                         isrt.obl(MIF.obs)
355  MediaGetDataEx                                     iswi.obl(FeatureConv.obs)
356  MessageBeep                                        isrt.obl(Misc.obs)
357  MessageBox                                         isrt.obl(MsgBox.obs)
358  MessageBoxEx                                       isrt.obl(MsgBox.obs)
359  Moved                                              iswi.obl(FileTransferFuncsConv.obs)
360  Moving                                             iswi.obl(FileTransferFuncsConv.obs)
361  MsiCloseHandle                                     iswi.obl(MsiFuncsConv.obs)
362  MsiCreateRecord                                    iswi.obl(MsiFuncsConv.obs)
363  MsiDatabaseOpenView                                iswi.obl(MsiFuncsConv.obs)
364  MsiDoAction                                        iswi.obl(MsiFuncsConv.obs)
365  MsiGetActiveDatabase                               iswi.obl(MsiFuncsConv.obs)
366  MsiGetProperty                                     iswi.obl(MsiFuncsConv.obs)
367  MsiGetPropertyIS                                   iswi.obl(MsiFuncsConv.obs)
368  MsiGetSourcePath                                   iswi.obl(MsiFuncsConv.obs)
369  MsiGetTargetPath                                   iswi.obl(MsiFuncsConv.obs)
370  MsiInstallProduct                                  iswi.obl(MsiFuncsConv.obs)
371  MsiProcessMessage                                  iswi.obl(MsiFuncsConv.obs)
372  MsiQueryFeatureState                               iswi.obl(MsiFuncsConv.obs)
373  MsiRecordGetInteger                                iswi.obl(MsiFuncsConv.obs)
374  MsiRecordGetString                                 iswi.obl(MsiFuncsConv.obs)
375  MsiRecordSetString                                 iswi.obl(MsiFuncsConv.obs)
376  MsiSetProperty                                     iswi.obl(MsiFuncsConv.obs)
377  MsiSetTargetPath                                   iswi.obl(MsiFuncsConv.obs)
378  MsiViewExecute                                     iswi.obl(MsiFuncsConv.obs)
379  MsiViewFetch                                       iswi.obl(MsiFuncsConv.obs)
380  MyFunction                                         setup.obs
381  OnAbort                                            iswi.obl(DriverConv.obs)
382  OnAction                                           iswi.obl(ISWiInit.obs)
383  OnAdminInstallUIAfter                              iswi.obl(DriverConv.obs)
384  OnAdminInstallUIBefore                             iswi.obl(DriverConv.obs)
385  OnAdminPatchUIAfter                                iswi.obl(DriverConv.obs)
386  OnAdminPatchUIBefore                               iswi.obl(DriverConv.obs)
387  OnAdvertisementAfter                               iswi.obl(DriverConv.obs)
388  OnAdvertisementBefore                              iswi.obl(DriverConv.obs)
389  OnAppSearch                                        iswi.obl(DriverConv.obs)
390  OnBegin                                            iswi.obl(DriverConv.obs)
391  OnCCPSearch                                        iswi.obl(DriverConv.obs)
392  OnCanceling                                        iswi.obl(DriverConv.obs)
393  OnComponentError                                   iswi.obl(Exceptions.obs)
394  OnDIFxLogCallback                                  isrt.obl(ISDIFx.obs)
395  OnDIFxLogCallbackImpl                              isrt.obl(ISDIFx.obs)
396  OnEnd                                              iswi.obl(DriverConv.obs)
397  OnError                                            iswi.obl(DriverConv.obs)
398  OnException                                        iswi.obl(Exceptions.obs)
399  OnFeaturesInstalled                                iswi.obl(FileTransferFuncsConv.obs)
400  OnFeaturesInstalling                               iswi.obl(FileTransferFuncsConv.obs)
401  OnFileError                                        iswi.obl(Exceptions.obs)
402  OnFileLocked                                       iswi.obl(Exceptions.obs)
403  OnFileReadOnly                                     iswi.obl(Exceptions.obs)
404  OnFilesInUse                                       iswi.obl(DriverConv.obs)
405  OnFirstUIAfter                                     iswi.obl(DriverConv.obs)
406  OnFirstUIBefore                                    iswi.obl(DriverConv.obs)
407  OnGeneratedMSIScript                               iswi.obl(FileTransferFuncsConv.obs)
408  OnGeneratingMSIScript                              iswi.obl(FileTransferFuncsConv.obs)
409  OnHelp                                             iswi.obl(DriverConv.obs)
410  OnInstallFilesActionAfter                          iswi.obl(FileTransferFuncsConv.obs)
411  OnInstallFilesActionBefore                         iswi.obl(FileTransferFuncsConv.obs)
412  OnInternetError                                    iswi.obl(Exceptions.obs)
413  OnLaunchAppAndWaitCallback                         iswi.obl(DriverConv.obs)
414  OnLogonUserSetMsiProperties                        iswi.obl(DriverConv.obs)
415  OnMD5Error                                         iswi.obl(Exceptions.obs)
416  OnMaintUIAfter                                     iswi.obl(DriverConv.obs)
417  OnMaintUIBefore                                    iswi.obl(DriverConv.obs)
418  OnMaintenance                                      iswi.obl(DriverConv.obs)
419  OnMoved                                            iswi.obl(FileTransferFuncsConv.obs)
420  OnMoving                                           iswi.obl(FileTransferFuncsConv.obs)
421  OnMsiSilentInstall                                 iswi.obl(DriverConv.obs)
422  OnNetApiCreateUserAccountInternal                  isrt.obl(NetApiRT.obs)
423  OnNextDisk                                         iswi.obl(Exceptions.obs)
424  OnOutOfDiskSpace                                   iswi.obl(DriverConv.obs)
425  OnPatchUIAfter                                     iswi.obl(DriverConv.obs)
426  OnPatchUIBefore                                    iswi.obl(DriverConv.obs)
427  OnRMFilesInUse                                     iswi.obl(DriverConv.obs)
428  OnRebooted                                         iswi.obl(DriverConv.obs)
429  OnRemovingSharedFile                               iswi.obl(Exceptions.obs)
430  OnResolveSource                                    iswi.obl(DriverConv.obs)
431  OnResume                                           iswi.obl(DriverConv.obs)
432  OnResumeUIAfter                                    iswi.obl(DriverConv.obs)
433  OnResumeUIBefore                                   iswi.obl(DriverConv.obs)
434  OnSQLLogin                                         iswi.obl(DriverConv.obs)
435  OnSelfRegistrationError                            iswi.obl(Exceptions.obs)
436  OnUnhandledException                               iswi.obl(DriverConv.obs)
437  OnUninstall                                        iswi.obl(DriverConv.obs)
438  OnUpdateService                                    iswi.obl(DriverConv.obs)
439  OnWarning                                          iswi.obl(DriverConv.obs)
440  OpenFile                                           isrt.obl(Files.obs)
441  OpenFileMode                                       isrt.obl(Files.obs)
442  PCRestoreOnBegin                                   isrt.obl(PCRestore.obs)
443  ParsePath                                          isrt.obl(Str.obs)
444  PostShowComponentDlg                               iswi.obl(ISWiInit.obs)
445  Postprogram                                        iswi.obl(DriverConv.obs)
446  PreShowComponentDlg                                iswi.obl(ISWiInit.obs)
447  Preprogram                                         iswi.obl(DriverConv.obs)
448  PthFixPath                                         isrt.obl(Pth.obs)
449  PthIsAbsPath                                       isrt.obl(Pth.obs)
450  ReadRegValues                                      setup.obs
451  RebootNeeded                                       iswi.obl(FileTransferFuncsConv.obs)
452  RedirectMsiCloseHandle                             iswi.obl(RedirectedMsiFuncsConv.obs)
453  RedirectMsiCreateRecord                            iswi.obl(RedirectedMsiFuncsConv.obs)
454  RedirectMsiGetActiveDatabase                       iswi.obl(RedirectedMsiFuncsConv.obs)
455  RedirectMsiProcessMessage                          iswi.obl(RedirectedMsiFuncsConv.obs)
456  RedirectMsiRecordGetInteger                        iswi.obl(RedirectedMsiFuncsConv.obs)
457  RedirectMsiViewExecute                             iswi.obl(RedirectedMsiFuncsConv.obs)
458  RedirectMsiViewFetch                               iswi.obl(RedirectedMsiFuncsConv.obs)
459  RegDBGetDefaultRoot                                isrt.obl(SysVars.obs)
460  RegDBGetItem                                       isrt.obl(Registry.obs)
461  RegDBGetKeyValueEx                                 isrt.obl(Registry.obs)
462  RegDBQueryKey                                      isrt.obl(Registry.obs)
463  RegDBQueryKeyCount                                 isrt.obl(Registry.obs)
464  RegDBQueryStringMultiStringCount                   isrt.obl(Registry.obs)
465  RegDBQueryValue                                    isrt.obl(Registry.obs)
466  RegDBQueryValue32                                  isrt.obl(Registry.obs)
467  RegDBSetDefaultRoot                                isrt.obl(SysVars.obs)
468  RegDBSetKeyValueEx                                 isrt.obl(Registry.obs)
469  RegDBSetValue                                      isrt.obl(Registry.obs)
470  ReleaseDialog                                      isrt.obl(CustomDialog.obs)
471  RemoveAppName                                      setup.obs
472  RemoveSpaces                                       iswi.obl(HelperFuncs.obs)
473  RemoveVirtualDir                                   setup.obs
474  ReplaceProfString                                  isrt.obl(Profile.obs)
475  ResolveShellObjectsFolder                          iswi.obl(CompHelperFuncs.obs)
476  SdAskDestPath                                      isrt.obl(SdAskDestPathDlg.obs)
477  SdCloseDlg                                         isrt.obl(SDINT.obs)
478  SdComponentDlgCheckSpace                           isrt.obl(SDINT.obs)
479  SdCustomerInformation                              iswi.obl(SdCustInfo.obs)
480  SdDlgToTop                                         isrt.obl(SDINT.obs)
481  SdDoStdButton                                      isrt.obl(SDINT.obs)
482  SdEnablement                                       isrt.obl(SDINT.obs)
483  SdError                                            isrt.obl(SDINT.obs)
484  SdFeatureTree                                      isrt.obl(SdComponentTreeDlg.obs)
485  SdFilesInUse                                       isrt.obl(SdFilesInUse.obs)
486  SdFinish                                           isrt.obl(SdFinishDlg.obs)
487  SdFinishEx                                         iswi.obl(SdFinishExConv.obs)
488  SdFinishReboot                                     isrt.obl(SdFinishRebootDlg.obs)
489  SdFinishUpdate                                     iswi.obl(SdFinishUpdate.obs)
490  SdFinishUpdateReboot                               iswi.obl(SdFinUpdateRebot.obs)
491  SdGeneralInit                                      isrt.obl(SDINT.obs)
492  SdInit                                             isrt.obl(SDINT.obs)
493  SdIsStdButton                                      isrt.obl(SDINT.obs)
494  SdLoadString                                       isrt.obl(SDINT.obs)
495  SdMakeName                                         isrt.obl(SDINT.obs)
496  SdOutOfDiskSpace                                   iswi.obl(SdDiskReqs.obs)
497  SdPatchWelcome                                     iswi.obl(SdPatchWel.obs)
498  SdPlugInProductName                                isrt.obl(SDINT.obs)
499  SdRMFilesInUse                                     isrt.obl(SdFilesInUse.obs)
500  SdSetDlgTitle                                      isrt.obl(SDINT.obs)
501  SdSetStatic                                        isrt.obl(SDINT.obs)
502  SdSetupCompleteError                               iswi.obl(SdSetupCompleteError.obs)
503  SdShowMsg                                          isrt.obl(SDSMSG.obs)
504  SdStartCopy                                        isrt.obl(SdStartCopyDlg.obs)
505  SdSubstituteProductInfo                            isrt.obl(SDINT.obs)
506  SdUnInit                                           isrt.obl(SDINT.obs)
507  SdWelcome                                          isrt.obl(SdWelcomeDlg.obs)
508  SdWelcomeMaint                                     isrt.obl(SdWelcomeMaintDlg.obs)
509  SelectDir                                          isrt.obl(SelectDir.obs)
510  SelectDirNoLog                                     isrt.obl(SelectDir.obs)
511  SendMessage                                        isrt.obl(Misc.obs)
512  ServiceInitParams                                  isrt.obl(Service.obs)
513  SetCmdLine                                         isrt.obl(SysVars.obs)
514  SetDIR                                             setup.obs
515  SetDisplayEffect                                   isrt.obl(ui.obs)
516  SetExtendedErrInfo                                 isrt.obl(IsUtil.obs)
517  SetGlobalVars                                      iswi.obl(ISWiInit.obs)
518  SetInstallationInfo                                isrt.obl(Registry.obs)
519  SetMifInformationOnly                              isrt.obl(Registry.obs)
520  SetTitle                                           isrt.obl(ui.obs)
521  SetUpdateStatus                                    iswi.obl(HelperFuncs.obs)
522  SetUpdateStatusReboot                              iswi.obl(HelperFuncs.obs)
523  SetupTraceWrite                                    isrt.obl(Misc.obs)
524  SetupType                                          isrt.obl(SetupTypeDlg.obs)
525  Shell32.ShellExecuteEx                             setup.obs
526  SilentDoGeneralInfo                                isrt.obl(Silent.obs)
527  SilentFailed                                       isrt.obl(Silent.obs)
528  SilentFinish                                       isrt.obl(Silent.obs)
529  SilentInit                                         isrt.obl(Silent.obs)
530  SilentReadData                                     isrt.obl(Silent.obs)
531  SilentSetInfo                                      isrt.obl(Silent.obs)
532  SilentSetMode                                      isrt.obl(Silent.obs)
533  SilentWriteData                                    isrt.obl(Silent.obs)
534  Sprintf                                            isrt.obl(Str.obs)
535  SprintfBox                                         isrt.obl(MsgBox.obs)
536  SprintfMsiLog                                      iswi.obl(HelperFuncs.obs)
537  StrAddLastSlash                                    isrt.obl(Str.obs)
538  StrConcatNullDelimitedStrings                      isrt.obl(Str.obs)
539  StrDelete                                          iswi.obl(HelperFuncs.obs)
540  StrFindEx                                          isrt.obl(Str.obs)
541  StrGetTokens                                       isrt.obl(Str.obs)
542  StrLength                                          isrt.obl(Str.obs)
543  StrPutTokens                                       isrt.obl(Str.obs)
544  StrRemoveLastSlash                                 isrt.obl(Str.obs)
545  StrRemoveSpaces                                    isrt.obl(Str.obs)
546  StrReplace                                         isrt.obl(Str.obs)
547  StrToNumHex                                        isrt.obl(Str.obs)
548  StrToUpper                                         isrt.obl(Str.obs)
549  SysVarsInit                                        isrt.obl(SysVars.obs)
550  SysVarsInitConv                                    iswi.obl(SysVarsConv.obs)
551  SysVarsTrace                                       isrt.obl(SysVars.obs)
552  SysVarsUnInit                                      iswi.obl(SysVarsConv.obs)
553  System                                             isrt.obl(Misc.obs)
554  TextSubGetValue                                    isrt.obl(TextSub.obs)
555  TextSubParseTextSub                                isrt.obl(TextSub.obs)
556  TextSubSetValue                                    isrt.obl(TextSub.obs)
557  TreeViewCreate                                     isrt.obl(CmptView.obs)
558  USER.EnableWindow                                  setup.obs
559  USER.GetClassName                                  setup.obs
560  USER.GetDC                                         setup.obs
561  USER.GetDlgItem                                    setup.obs
562  USER.GetFocus                                      setup.obs
563  USER.GetWindowLong                                 setup.obs
564  USER.IsIconic                                      setup.obs
565  USER.IsWindow                                      setup.obs
566  USER.IsWindowVisible                               setup.obs
567  USER.ReleaseDC                                     setup.obs
568  USER.SendMessageA                                  setup.obs
569  USER.SetFocus                                      setup.obs
570  USER.SetForegroundWindow                           setup.obs
571  USER.SetWindowPos                                  setup.obs
572  USER.SetWindowText                                 setup.obs
573  USER.ShowWindow                                    setup.obs
574  USER32.CharUpperBuffA                              setup.obs
575  USER32.FindWindowA                                 setup.obs
576  USER32.GetDlgItem                                  iswi.obl(SdDiskReqs.obs)
577  USER32.GetSystemMetrics                            setup.obs
578  USER32.GetWindowRect                               iswi.obl(SdDiskReqs.obs)
579  USER32.GetWindowText                               setup.obs
580  USER32.GetWindowTextLength                         setup.obs
581  USER32.MessageBoxA                                 setup.obs
582  USER32.MsgWaitForMultipleObjects                   setup.obs
583  USER32.PeekMessageA                                setup.obs
584  USER32.SendMessageA                                setup.obs
585  USER32.SetWindowLong                               setup.obs
586  USER32.SetWindowRgn                                setup.obs
587  USER32.WaitForInputIdle                            setup.obs
588  UpdateServiceEnableUpdateService                   isrt.obl(ISUpdateService.obs)
589  User32.DestroyWindow                               iswi.obl(SdDiskReqs.obs)
590  User32.LoadStringA                                 iswi.obl(ComponentConv.obs)
591  VarInit                                            isrt.obl(SysVars.obs)
592  VarRestore                                         iswi.obl(SysVarsConv.obs)
593  VarRestoreISRT                                     isrt.obl(SysVars.obs)
594  VarSave                                            iswi.obl(SysVarsConv.obs)
595  VarSaveISRT                                        isrt.obl(SysVars.obs)
596  VerProductGetInstalledVersion                      isrt.obl(version.obs)
597  VerProductNumToStr                                 isrt.obl(version.obs)
598  VerProductVerPartsFromVer                          isrt.obl(version.obs)
599  WaitForApplication                                 isrt.obl(Extend.obs)
600  WaitOnDialog                                       isrt.obl(CustomDialog.obs)
601  WriteLine                                          isrt.obl(Files.obs)
602  WriteProfString                                    isrt.obl(Profile.obs)
603  __AddIntegerToArray                                iswi.obl(HelperFuncs.obs)
604  __AddStringToArray                                 iswi.obl(HelperFuncs.obs)
605  __Begin                                            iswi.obl(DriverConv.obs)
606  __ComponentListItemsEx                             iswi.obl(CompHelperFuncs.obs)
607  __ComponentListItemsExInstall                      iswi.obl(CompHelperFuncs.obs)
608  __ComponentListItemsExUnInstall                    iswi.obl(CompHelperFuncs.obs)
609  __ComponentMoveXferData                            iswi.obl(CompHelperFuncs.obs)
610  __End                                              iswi.obl(DriverConv.obs)
611  __GetFinishMode                                    iswi.obl(ISWiInit.obs)
612  __GetMsiHandle                                     iswi.obl(SysVarsConv.obs)
613  __GetSourceDir                                     iswi.obl(SysVarsConv.obs)
614  __GetWindowsFolder                                 iswi.obl(SysVarsConv.obs)
615  __HandleError                                      iswi.obl(ErrHandler.obs)
616  __ISRTDoExit                                       isrt.obl(Misc.obs)
617  __ISRTInit                                         isrt.obl(ISRTInit.obs)
618  __ISRTRestoreMainLog                               isrt.obl(ISRTInit.obs)
619  __ISRTRestoreMainLogEx                             isrt.obl(ISRTInit.obs)
620  __ISRTSetComponentLog                              isrt.obl(ISRTInit.obs)
621  __ISRTUnInit                                       isrt.obl(ISRTInit.obs)
622  __ISWIInit                                         iswi.obl(ISWiInit.obs)
623  __ISWIMsiHandle                                    iswi.obl(ISWiInit.obs)
624  __ISWIUnInit                                       iswi.obl(ISWiInit.obs)
625  __IsArrayEmpty                                     iswi.obl(HelperFuncs.obs)
626  __LoadIScriptString                                isrt.obl(LoadStr.obs)
627  __Moved                                            iswi.obl(FileTransferFuncsConv.obs)
628  __Moving                                           iswi.obl(FileTransferFuncsConv.obs)
629  __MsiOpenView                                      iswi.obl(CompHelperFuncs.obs)
630  __MsiQueryFeatureState                             iswi.obl(MsiWrappersConv.obs)
631  __MsiRecordGetString                               iswi.obl(MsiWrappersConv.obs)
632  __OnAbort                                          iswi.obl(DriverConv.obs)
633  __OnAdminPatch                                     iswi.obl(DriverConv.obs)
634  __OnAdministrativeInstall                          iswi.obl(DriverConv.obs)
635  __OnAdvertisement                                  iswi.obl(DriverConv.obs)
636  __OnBegin                                          iswi.obl(DriverConv.obs)
637  __OnCanceling                                      iswi.obl(DriverConv.obs)
638  __OnEnd                                            iswi.obl(DriverConv.obs)
639  __OnError                                          iswi.obl(DriverConv.obs)
640  __OnMsiMaintenance                                 iswi.obl(DriverConv.obs)
641  __OnMsiRebooted                                    iswi.obl(DriverConv.obs)
642  __OnMsiSilentInstall                               iswi.obl(DriverConv.obs)
643  __OnMsiUninstall                                   iswi.obl(DriverConv.obs)
644  __OnPatch                                          iswi.obl(DriverConv.obs)
645  __OnResume                                         iswi.obl(DriverConv.obs)
646  __OnWarning                                        iswi.obl(DriverConv.obs)
647  __ResetMsiObject                                   iswi.obl(ISWiInit.obs)
648  __SetMaintenance                                   iswi.obl(ISWiInit.obs)
649  __SetMsiHandle                                     iswi.obl(SysVarsConv.obs)
650  __SetMsiServer                                     iswi.obl(ISWiInit.obs)
651  __SetPatch                                         iswi.obl(SysVarsConv.obs)
652  __SetSourceDir                                     iswi.obl(SysVarsConv.obs)
653  isrt._ComponentGetData                             iswi.obl(ComponentConv.obs)
654  isrt._ComponentIsItemSelected                      iswi.obl(ComponentConv.obs)
655  isrt._ComponentListItems                           iswi.obl(ComponentConv.obs)
656  isrt._ComponentReinstall                           iswi.obl(ComponentConv.obs)
657  isrt._ComponentRemoveAll                           iswi.obl(ComponentConv.obs)
658  isrt._ComponentSelectItem                          iswi.obl(ComponentConv.obs)
659  isrt._ComponentSetupTypeSet                        iswi.obl(ComponentConv.obs)
660  isrt._EnableDialogCache                            iswi.obl(ISWiInit.obs)
661  kernel32.GetLocalTime                              iswi.obl(ErrHandler.obs)
662  kernel32.GetWindowsDirectoryA                      iswi.obl(ErrHandler.obs)
663  msi.MsiCloseHandle                                 iswi.obl(RedirectedMsiFuncsConv.obs)
664  msi.MsiCreateRecord                                iswi.obl(RedirectedMsiFuncsConv.obs)
665  msi.MsiDatabaseOpenViewA                           setup.obs
666  msi.MsiDoActionA                                   setup.obs
667  msi.MsiGetActiveDatabase                           iswi.obl(RedirectedMsiFuncsConv.obs)
668  msi.MsiGetProductInfoA                             setup.obs
669  msi.MsiGetPropertyA                                setup.obs
670  msi.MsiGetSourcePathA                              setup.obs
671  msi.MsiGetTargetPathA                              setup.obs
672  msi.MsiOpenDatabaseA                               setup.obs
673  msi.MsiProcessMessage                              iswi.obl(RedirectedMsiFuncsConv.obs)
674  msi.MsiQueryFeatureStateA                          setup.obs
675  msi.MsiRecordGetInteger                            iswi.obl(RedirectedMsiFuncsConv.obs)
676  msi.MsiRecordGetStringA                            setup.obs
677  msi.MsiRecordSetStringA                            setup.obs
678  msi.MsiSetPropertyA                                setup.obs
679  msi.MsiSetTargetPathA                              setup.obs
680  msi.MsiViewExecute                                 iswi.obl(RedirectedMsiFuncsConv.obs)
681  msi.MsiViewFetch                                   iswi.obl(RedirectedMsiFuncsConv.obs)
682  program                                            iswi.obl(DriverConv.obs)
683  sfc.SRSetRestorePoint                              setup.obs


***** External Variables *****
1    ADDREMOVE                                          iswi.obl(HelperFuncs.obs)
2    ADDREMOVE_COMBINEDBUTTON                           setup.obs
3    ADDREMOVE_HIDECHANGEOPTION                         setup.obs
4    ADDREMOVE_HIDEREMOVEOPTION                         setup.obs
5    ADDREMOVE_HIDEREPAIROPTION                         setup.obs
6    ADDREMOVE_STRING_REMOVEONLY                        setup.obs
7    ADDREMOVE_SYSTEMCOMPONENT                          setup.obs
8    ADMINUSER                                          setup.obs
9    ALLUSERS                                           setup.obs
10   AdminToolsFolder                                   iswi.obl(DebugSymbolsConv.obs)
11   AppDataFolder                                      iswi.obl(DebugSymbolsConv.obs)
12   BASICMSI                                           iswi.obl(HelperFuncs.obs)
13   BATCH_INSTALL                                      setup.obs
14   CMDLINE                                            iswi.obl(HelperFuncs.obs)
15   CMPTFILTERLANGOBJ                                  iswi.obl(CompHelperFuncs.obs)
16   COMMONFILES                                        iswi.obl(HelperFuncs.obs)
17   COMMONFILES64                                      iswi.obl(HelperFuncs.obs)
18   CommonAppDataFolder                                iswi.obl(DebugSymbolsConv.obs)
19   CommonFiles64Folder                                iswi.obl(DebugSymbolsConv.obs)
20   CommonFilesFolder                                  iswi.obl(DebugSymbolsConv.obs)
21   DISABLE_ALLUSERBTN                                 setup.obs
22   DISABLE_PERUSERBTN                                 setup.obs
23   DISK1SETUPEXENAME                                  iswi.obl(HelperFuncs.obs)
24   DISK1TARGET                                        setup.obs
25   DesktopFolder                                      iswi.obl(DebugSymbolsConv.obs)
26   ENABLED_ISERVICES                                  iswi.obl(HelperFuncs.obs)
27   ENGINECOMMONDIR                                    iswi.obl(HelperFuncs.obs)
28   ENGINEDIR                                          iswi.obl(HelperFuncs.obs)
29   ERRORFILENAME                                      setup.obs
30   ERRORINFO                                          iswi.obl(ComponentConv.obs)
31   Err                                                setup.obs
32   FEATURE                                            iswi.obl(ComponentConv.obs)
33   FILEERROR                                          iswi.obl(ComponentConv.obs)
34   FILETIME                                           setup.obs
35   FIND_DATA                                          setup.obs
36   FOLDER_APPDATA                                     iswi.obl(HelperFuncs.obs)
37   FOLDER_COMMON_APPDATA                              iswi.obl(HelperFuncs.obs)
38   FOLDER_DESKTOP                                     iswi.obl(HelperFuncs.obs)
39   FOLDER_DOTNET_10                                   iswi.obl(HelperFuncs.obs)
40   FOLDER_DOTNET_11                                   iswi.obl(HelperFuncs.obs)
41   FOLDER_DOTNET_20                                   iswi.obl(HelperFuncs.obs)
42   FOLDER_DOTNET_30                                   iswi.obl(HelperFuncs.obs)
43   FOLDER_FONTS                                       iswi.obl(HelperFuncs.obs)
44   FOLDER_LOCAL_APPDATA                               iswi.obl(HelperFuncs.obs)
45   FOLDER_PERSONAL                                    iswi.obl(HelperFuncs.obs)
46   FOLDER_PROGRAMS                                    iswi.obl(HelperFuncs.obs)
47   FOLDER_STARTMENU                                   iswi.obl(HelperFuncs.obs)
48   FOLDER_STARTUP                                     iswi.obl(HelperFuncs.obs)
49   FOLDER_TEMP                                        iswi.obl(HelperFuncs.obs)
50   FavoritesFolder                                    iswi.obl(DebugSymbolsConv.obs)
51   FileRegistrar                                      setup.obs
52   FontsFolder                                        iswi.obl(DebugSymbolsConv.obs)
53   HKEYCURRENTROOTKEY                                 setup.obs
54   IFX_COMPANY_NAME                                   setup.obs
55   IFX_INSTALLED_DISPLAY_VERSION                      setup.obs
56   IFX_INSTALLED_VERSION                              setup.obs
57   IFX_KEYPATH_PRODUCT_INFO                           setup.obs
58   IFX_MULTI_INSTANCE_SUFFIX                          setup.obs
59   IFX_NETAPI_GROUP                                   setup.obs
60   IFX_NETAPI_PASSWORD                                setup.obs
61   IFX_NETAPI_USER_ACCOUNT                            setup.obs
62   IFX_PRODUCT_COMMENTS                               setup.obs
63   IFX_PRODUCT_DISPLAY_NAME                           setup.obs
64   IFX_PRODUCT_DISPLAY_VERSION                        setup.obs
65   IFX_PRODUCT_ICON                                   setup.obs
66   IFX_PRODUCT_KEY                                    setup.obs
67   IFX_PRODUCT_NAME                                   setup.obs
68   IFX_PRODUCT_README                                 setup.obs
69   IFX_PRODUCT_REGISTEREDCOMPANY                      setup.obs
70   IFX_PRODUCT_REGISTEREDOWNER                        setup.obs
71   IFX_PRODUCT_REGISTEREDSERIALNUM                    setup.obs
72   IFX_PRODUCT_SUPPORT_CONTACT                        setup.obs
73   IFX_PRODUCT_SUPPORT_PHONE                          setup.obs
74   IFX_PRODUCT_SUPPORT_URL                            setup.obs
75   IFX_PRODUCT_UPDATE_URL                             setup.obs
76   IFX_PRODUCT_URL                                    setup.obs
77   IFX_PRODUCT_VERSION                                setup.obs
78   IFX_SETUP_TITLE                                    setup.obs
79   IFX_SUPPORTED_VERSIONS                             setup.obs
80   IISROOTFOLDER                                      iswi.obl(HelperFuncs.obs)
81   INFOFILENAME                                       setup.obs
82   INSTALLDIR                                         setup.obs
83   INSTALLSCRIPTMSI                                   iswi.obl(HelperFuncs.obs)
84   INSTANCE_GUID                                      iswi.obl(HelperFuncs.obs)
85   ISDIFXAPPID                                        setup.obs
86   ISMSI_HANDLE                                       iswi.obl(DebugSymbolsConv.obs)
87   ISRES                                              iswi.obl(HelperFuncs.obs)
88   ISUSER                                             iswi.obl(HelperFuncs.obs)
89   ISUTIL_FUNCTION_ACTUAL_ERROR                       setup.obs
90   ISUTIL_FUNCTION_ERROR                              iswi.obl(CompHelperFuncs.obs)
91   ISUTIL_LINE_NUMBER                                 setup.obs
92   ISUTIL_POSITIVE_ERROR                              iswi.obl(CompHelperFuncs.obs)
93   ISUTIL_SCRIPT_FILE                                 setup.obs
94   ISVERSION                                          iswi.obl(HelperFuncs.obs)
95   LAAW_PARAMETERS                                    setup.obs
96   LAAW_PROCESS_INFORMATION                           setup.obs
97   LAAW_SHELLEXECUTEINFO                              setup.obs
98   LAAW_SHELLEXECUTEVERB                              setup.obs
99   LAAW_STARTUPINFO                                   setup.obs
100  LAST_RESULT                                        setup.obs
101  LVITEM                                             iswi.obl(SdDiskReqs.obs)
102  LV_COLUMN                                          iswi.obl(SdDiskReqs.obs)
103  LocalAppDataFolder                                 iswi.obl(DebugSymbolsConv.obs)
104  LogDB                                              setup.obs
105  MAINTENANCE                                        iswi.obl(HelperFuncs.obs)
106  MAINT_OPTION                                       iswi.obl(HelperFuncs.obs)
107  MEDIA                                              setup.obs
108  MEDIA_INFO                                         iswi.obl(FeatureConv.obs)
109  MODE                                               setup.obs
110  MSG                                                setup.obs
111  MULTI_INSTANCE_COUNT                               iswi.obl(HelperFuncs.obs)
112  MainWindow                                         setup.obs
113  MyPicturesFolder                                   iswi.obl(DebugSymbolsConv.obs)
114  NOTHING                                            setup.obs
115  NetHoodFolder                                      iswi.obl(DebugSymbolsConv.obs)
116  OSINFO_PLATFORM_INFO                               setup.obs
117  OSINFO_PROCESSOR_INFO                              setup.obs
118  OSVERSIONINFO                                      setup.obs
119  OSVERSIONINFOEX                                    setup.obs
120  Objects                                            setup.obs
121  OriginalDatabase                                   iswi.obl(DebugSymbolsConv.obs)
122  PACKAGE_LOCATION                                   iswi.obl(HelperFuncs.obs)
123  PATCH                                              iswi.obl(DebugSymbolsConv.obs)
124  POINT                                              setup.obs
125  PRIVILEGED                                         setup.obs
126  PROCESS_INFORMATION                                setup.obs
127  PRODUCT_GUID                                       iswi.obl(HelperFuncs.obs)
128  PROGRAMFILES                                       iswi.obl(HelperFuncs.obs)
129  PROGRAMFILES64                                     iswi.obl(HelperFuncs.obs)
130  PersonalFolder                                     iswi.obl(DebugSymbolsConv.obs)
131  PrintHoodFolder                                    iswi.obl(DebugSymbolsConv.obs)
132  ProgramFiles64Folder                               iswi.obl(DebugSymbolsConv.obs)
133  ProgramFilesFolder                                 iswi.obl(DebugSymbolsConv.obs)
134  ProgramMenuFolder                                  iswi.obl(DebugSymbolsConv.obs)
135  RECT                                               setup.obs
136  REGDB_OPTIONS                                      setup.obs
137  REMOVEALLMODE                                      iswi.obl(HelperFuncs.obs)
138  REMOVEONLY                                         iswi.obl(HelperFuncs.obs)
139  RUN_ONCE_PROGRAM                                   iswi.obl(HelperFuncs.obs)
140  Reboot                                             setup.obs
141  RecentFolder                                       iswi.obl(DebugSymbolsConv.obs)
142  SELECTED_LANGUAGE                                  iswi.obl(HelperFuncs.obs)
143  SERVICE_IS_PARAMS                                  setup.obs
144  SETUPTYPE_STR_COMPACT                              setup.obs
145  SETUPTYPE_STR_COMPLETE                             setup.obs
146  SETUPTYPE_STR_CUSTOM                               setup.obs
147  SETUPTYPE_STR_TYPICAL                              setup.obs
148  SHELLEXECUTEINFO                                   setup.obs
149  SHELL_OBJECT_FOLDER                                setup.obs
150  SHOW_PASSWORD_DIALOG                               iswi.obl(HelperFuncs.obs)
151  SRCDIR                                             setup.obs
152  SRCDISK                                            iswi.obl(HelperFuncs.obs)
153  STARTUPINFO                                        setup.obs
154  SUPPORTDIR                                         iswi.obl(HelperFuncs.obs)
155  SYSTEMTIME                                         setup.obs
156  SYSTEMTIME2                                        iswi.obl(ErrHandler.obs)
157  SendToFolder                                       iswi.obl(DebugSymbolsConv.obs)
158  SetupInfo                                          setup.obs
159  SourceDir                                          iswi.obl(DebugSymbolsConv.obs)
160  StartMenuFolder                                    iswi.obl(DebugSymbolsConv.obs)
161  StartupFolder                                      iswi.obl(DebugSymbolsConv.obs)
162  StatusDlg                                          setup.obs
163  System16Folder                                     iswi.obl(DebugSymbolsConv.obs)
164  System64Folder                                     iswi.obl(DebugSymbolsConv.obs)
165  SystemFolder                                       iswi.obl(DebugSymbolsConv.obs)
166  TARGETDIR                                          setup.obs
167  TARGETDISK                                         iswi.obl(HelperFuncs.obs)
168  TempFolder                                         iswi.obl(DebugSymbolsConv.obs)
169  TemplateFolder                                     iswi.obl(DebugSymbolsConv.obs)
170  TextSub                                            setup.obs
171  UNINST                                             setup.obs
172  UNINSTALLKEY                                       setup.obs
173  UNINSTALL_DISPLAYNAME                              setup.obs
174  UNINSTALL_STRING                                   setup.obs
175  UPDATEMODE                                         setup.obs
176  WINDIR                                             iswi.obl(HelperFuncs.obs)
177  WINDISK                                            iswi.obl(HelperFuncs.obs)
178  WINSYSDIR                                          iswi.obl(HelperFuncs.obs)
179  WINSYSDIR64                                        iswi.obl(HelperFuncs.obs)
180  WINSYSDISK                                         iswi.obl(HelperFuncs.obs)
181  WindowsFolder                                      iswi.obl(DebugSymbolsConv.obs)
182  WindowsVolume                                      iswi.obl(DebugSymbolsConv.obs)
183  _INT64                                             setup.obs
184  _LAAW_PARAMETERS                                   setup.obs
185  _LAAW_TEMP_DATA                                    isrt.obl(Extend.obs)
186  _RESTOREINFO_                                      setup.obs
187  _RESTOREPTINFO                                     setup.obs
188  _SERVICE_IS_PARAMS                                 setup.obs
189  _SMGRSTATUS                                        setup.obs
190  _SMGSTATUS_                                        setup.obs
191  _WIN9X                                             setup.obs
192  _WINNT                                             setup.obs
193  __SYSTEMINFORMATION                                setup.obs
194  __SYSTEMPROCESSORINFORMATION                       setup.obs
195  __gbAliasingOff                                    iswi.obl(CompHelperFuncs.obs)
196  __gbCheckForUpdate                                 iswi.obl(CompHelperFuncs.obs)
197  __gbCheckUpdateReboot                              iswi.obl(CompHelperFuncs.obs)
198  __gbGetTarget                                      iswi.obl(CompHelperFuncs.obs)
199  __gbInitialized                                    iswi.obl(CompHelperFuncs.obs)
200  __gbInstallInfo                                    setup.obs
201  __gbMaintenance                                    iswi.obl(CompHelperFuncs.obs)
202  __gbReopening                                      iswi.obl(CompHelperFuncs.obs)
203  __ghActiveDataBase                                 iswi.obl(CompHelperFuncs.obs)
204  __ghErrFileHandle                                  iswi.obl(CompHelperFuncs.obs)
205  __ghMsiInstall                                     iswi.obl(CompHelperFuncs.obs)
206  __gnButtonSelected                                 iswi.obl(CompHelperFuncs.obs)
207  __gnLastError                                      iswi.obl(CompHelperFuncs.obs)
208  __gnMsiReturn                                      iswi.obl(CompHelperFuncs.obs)
209  __gnOSMask                                         iswi.obl(CompHelperFuncs.obs)
210  __gnScriptMode                                     iswi.obl(CompHelperFuncs.obs)
211  __goISDriver                                       iswi.obl(CompHelperFuncs.obs)
212  __goLanguageFilter                                 iswi.obl(CompHelperFuncs.obs)
213  __goMsiServer                                      iswi.obl(CompHelperFuncs.obs)
214  __gsINSTALLDIR                                     iswi.obl(CompHelperFuncs.obs)
215  __gsProductGuid                                    iswi.obl(CompHelperFuncs.obs)
216  __gsSourceDir                                      iswi.obl(CompHelperFuncs.obs)
217  __hContext                                         iswi.obl(CompHelperFuncs.obs)
218  __objGlobalTextSub                                 setup.obs
219  __objStringTable                                   iswi.obl(ISWiInit.obs)
220  __szGUID                                           isrt.obl(ISRTInit.obs)
221  bBackButton                                        setup.obs
222  bCancelButton                                      setup.obs
223  bEnterDiskBeep                                     iswi.obl(AdminAskPath.obs)
224  bFinishButton                                      setup.obs
225  bIfxPCHInitialized                                 setup.obs
226  bIfxPCHOn                                          setup.obs
227  bInstall16                                         setup.obs
228  bNextButton                                        setup.obs
229  bSdInit                                            setup.obs
230  bViewCmptKunits                                    setup.obs
231  bViewCmptUseDecimal                                setup.obs
232  g_bSuppressMissingStringWarning                    iswi.obl(DriverConv.obs)
233  nIfxPCHType                                        setup.obs
234  szAppKey                                           setup.obs
235  szSdProduct                                        setup.obs
236  szSdStr_NotEnoughSpace                             setup.obs
